
> comet@1.4.0 build
> npm run build:frontend && npm run build:backend-sidecar && npm run electron:build -- --publish never


> comet@1.4.0 build:frontend
> cd frontend && npm run build


> frontend@1.4.0 build
> tsc -b && vite build

vite v8.1.5 building client environment for production...
[2K
transforming...✓ 631 modules transformed.
rendering chunks...
computing gzip size...
dist/index.html                                      0.83 kB │ gzip:   0.42 kB
dist/assets/PretendardVariable-CJuje-Rk.woff2    2,057.68 kB
dist/assets/index-DYaAtLHD.css                      67.81 kB │ gzip:  12.25 kB
dist/assets/format-price-xyQn9blZ.js                 0.35 kB │ gzip:   0.18 kB │ map:     1.67 kB
dist/assets/calculator-session-OVC9PJVi.js           0.59 kB │ gzip:   0.28 kB │ map:     5.12 kB
dist/assets/rolldown-runtime-QTnfLwEv.js             0.69 kB │ gzip:   0.42 kB
dist/assets/recipe-inputs-CyfhZpma.js                0.69 kB │ gzip:   0.28 kB │ map:     2.25 kB
dist/assets/ScientificText-B1giYCMU.js               0.80 kB │ gzip:   0.43 kB │ map:     1.63 kB
dist/assets/ResultBreakdownPieChart-BOqI4GqY.js      0.83 kB │ gzip:   0.54 kB │ map:     2.34 kB
dist/assets/EstimateRangeBarChart-CU1YK5Ak.js        1.01 kB │ gzip:   0.59 kB │ map:     2.66 kB
dist/assets/Skeleton-a7cBJvy9.js                     1.42 kB │ gzip:   0.59 kB │ map:     4.45 kB
dist/assets/FitPriceText-D6vJwrZ6.js                 1.56 kB │ gzip:   0.78 kB │ map:     4.81 kB
dist/assets/MetalCompareChart-CaP6anis.js            1.71 kB │ gzip:   0.90 kB │ map:     5.27 kB
dist/assets/MetalTrendChart-Dp_OKPgA.js              1.78 kB │ gzip:   0.89 kB │ map:     5.06 kB
dist/assets/WorkspaceSections-By_yp5Go.js            3.36 kB │ gzip:   1.51 kB │ map:     9.67 kB
dist/assets/Account-DkUCKsKz.js                      6.50 kB │ gzip:   2.27 kB │ map:    12.76 kB
dist/assets/export-csv-DzYRFVKR.js                   7.32 kB │ gzip:   2.78 kB │ map:    18.90 kB
dist/assets/CostEvidencePanel-BOCXlI-t.js           15.31 kB │ gzip:   3.88 kB │ map:    34.94 kB
dist/assets/CapEx-r0ovXcNm.js                       18.49 kB │ gzip:   4.36 kB │ map:    44.35 kB
dist/assets/Compare-BkniWNcS.js                     18.70 kB │ gzip:   4.93 kB │ map:    42.20 kB
dist/assets/Uncertainty-soYHTB7c.js                 19.55 kB │ gzip:   5.55 kB │ map:    45.31 kB
dist/assets/Library-DBF-N-2z.js                     25.00 kB │ gzip:   6.00 kB │ map:    64.72 kB
dist/assets/Prices-cPRKsefz.js                      33.21 kB │ gzip:   8.66 kB │ map:    80.74 kB
dist/assets/CalculatorResult-jTUkzAD5.js            55.41 kB │ gzip:  12.71 kB │ map:   116.26 kB
dist/assets/i18n-Dc-HuwOH.js                        76.37 kB │ gzip:  27.74 kB │ map:   105.58 kB
dist/assets/index-LTI8Qdm5.js                       78.50 kB │ gzip:  24.45 kB │ map:   548.08 kB
dist/assets/Calculator-BsUEbIuy.js                  91.89 kB │ gzip:  23.35 kB │ map:   238.19 kB
dist/assets/react-CC1klYW5.js                      189.64 kB │ gzip:  59.65 kB │ map:   841.37 kB
dist/assets/recharts-KlhfxoSq.js                   390.73 kB │ gzip: 111.46 kB │ map: 1,913.19 kB

✓ built in 511ms

> comet@1.4.0 build:backend-sidecar
> powershell -NoProfile -ExecutionPolicy Bypass -File scripts/build_backend_bundle.ps1

[COMET] Using Python: C:\Python314\python.exe
[COMET] Installing PyInstaller...
Defaulting to user installation because normal site-packages is not writeable
Collecting pyinstaller
  Downloading pyinstaller-6.22.2-py3-none-win_amd64.whl.metadata (8.5 kB)
Collecting altgraph (from pyinstaller)
  Using cached altgraph-0.17.5-py2.py3-none-any.whl.metadata (7.5 kB)
Requirement already satisfied: packaging>=22.0 in c:\users\user\appdata\roaming\python\python314\site-packages (from pyinstaller) (26.2)
Requirement already satisfied: pefile>=2022.5.30 in c:\users\user\appdata\roaming\python\python314\site-packages (from pyinstaller) (2024.8.26)
Collecting pyinstaller-hooks-contrib>=2026.6 (from pyinstaller)
  Downloading pyinstaller_hooks_contrib-2026.7-py3-none-any.whl.metadata (16 kB)
Requirement already satisfied: pywin32-ctypes>=0.2.1 in c:\users\user\appdata\roaming\python\python314\site-packages (from pyinstaller) (0.2.3)
Requirement already satisfied: setuptools>=42.0.0 in c:\users\user\appdata\roaming\python\python314\site-packages (from pyinstaller) (82.0.0)
Downloading pyinstaller-6.22.2-py3-none-win_amd64.whl (1.4 MB)
   ---------------------------------------- 1.4/1.4 MB 10.1 MB/s  0:00:00
Downloading pyinstaller_hooks_contrib-2026.7-py3-none-any.whl (459 kB)
Using cached altgraph-0.17.5-py2.py3-none-any.whl (21 kB)
Installing collected packages: altgraph, pyinstaller-hooks-contrib, pyinstaller

Successfully installed altgraph-0.17.5 pyinstaller-6.22.2 pyinstaller-hooks-contrib-2026.7
[COMET] Building backend sidecar...

[plugin @tailwindcss/vite:generate:build] [33m[SOURCEMAP_BROKEN] [0mSourcemap is likely to be incorrect: a plugin (@tailwindcss/vite:generate:build) was used to transform files, but didn't generate a sourcemap for the transformation. Consult the plugin documentation for help: https://rolldown.rs/guide/troubleshooting#warning-sourcemap-is-likely-to-be-incorrect

  WARNING: The scripts pyi-archive_viewer.exe, pyi-bindepend.exe, pyi-grab_version.exe, pyi-makespec.exe, pyi-set_version.exe and pyinstaller.exe are installed in 'C:\Users\user\AppData\Roaming\Python\Python314\Scripts' which is not on PATH.
  Consider adding this directory to PATH or, if you prefer to suppress this warning, use --no-warn-script-location.

[notice] A new release of pip is available: 25.2 -> 26.2.1
[notice] To update, run: python.exe -m pip install --upgrade pip
ERROR: The 'pathlib' package is an obsolete backport of a standard library package and is incompatible with PyInstaller. Please remove this package (located in C:\Users\user\AppData\Roaming\Python\Python314\site-packages) using
    "C:\Python314\python.exe" -m pip uninstall pathlib
then try again.
PyInstaller backend bundle failed
At C:\Users\user\Desktop\COMET-autonomous-2026-09-06\scripts\build_backend_bundle.ps1:90 char:5
+     throw "PyInstaller backend bundle failed"
+     ~~~~~~~~~~~~~~~~~~~~~~~~~~~~~~~~~~~~~~~~~
    + CategoryInfo          : OperationStopped: (PyInstaller backend bundle failed:String) [], RuntimeException
    + FullyQualifiedErrorId : PyInstaller backend bundle failed
