{
  "purpose": "public_distribution",
  "ready": false,
  "blocking_reasons": [
    "aem_electrolyzer_oer_benchmark.json: public_distribution not approved",
    "aem_electrolyzer_oer_benchmark.json: missing reviewer",
    "aem_electrolyzer_oer_benchmark.json: missing reviewed_on",
    "aem_electrolyzer_oer_benchmark.json: missing evidence",
    "aem_electrolyzer_oer_benchmark.json: invalid review date",
    "ammonia_cracking_benchmark.json: public_distribution not approved",
    "ammonia_cracking_benchmark.json: missing reviewer",
    "ammonia_cracking_benchmark.json: missing reviewed_on",
    "ammonia_cracking_benchmark.json: missing evidence",
    "ammonia_cracking_benchmark.json: invalid review date",
    "ammonia_synthesis_benchmark.json: public_distribution not approved",
    "ammonia_synthesis_benchmark.json: missing reviewer",
    "ammonia_synthesis_benchmark.json: missing reviewed_on",
    "ammonia_synthesis_benchmark.json: missing evidence",
    "ammonia_synthesis_benchmark.json: invalid review date",
    "capex_factors.json: public_distribution not approved",
    "capex_factors.json: missing reviewer",
    "capex_factors.json: missing reviewed_on",
    "capex_factors.json: missing evidence",
    "capex_factors.json: invalid review date",
    "cepci.json: public_distribution not approved",
    "cepci.json: missing reviewer",
    "cepci.json: missing reviewed_on",
    "cepci.json: missing evidence",
    "cepci.json: invalid review date",
    "chemppi.json: public_distribution not approved",
    "chemppi.json: missing reviewer",
    "chemppi.json: missing reviewed_on",
    "chemppi.json: missing evidence",
    "chemppi.json: invalid review date",
    "co2_electroreduction_benchmark.json: public_distribution not approved",
    "co2_electroreduction_benchmark.json: missing reviewer",
    "co2_electroreduction_benchmark.json: missing reviewed_on",
    "co2_electroreduction_benchmark.json: missing evidence",
    "co2_electroreduction_benchmark.json: invalid review date",
    "co2_methanation_benchmark.json: public_distribution not approved",
    "co2_methanation_benchmark.json: missing reviewer",
    "co2_methanation_benchmark.json: missing reviewed_on",
    "co2_methanation_benchmark.json: missing evidence",
    "co2_methanation_benchmark.json: invalid review date",
    "co2_methanol_benchmark.json: public_distribution not approved",
    "co2_methanol_benchmark.json: missing reviewer",
    "co2_methanol_benchmark.json: missing reviewed_on",
    "co2_methanol_benchmark.json: missing evidence",
    "co2_methanol_benchmark.json: invalid review date",
    "co2_to_formate_benchmark.json: public_distribution not approved",
    "co2_to_formate_benchmark.json: missing reviewer",
    "co2_to_formate_benchmark.json: missing reviewed_on",
    "co2_to_formate_benchmark.json: missing evidence",
    "co2_to_formate_benchmark.json: invalid review date",
    "co_prox_benchmark.json: public_distribution not approved",
    "co_prox_benchmark.json: missing reviewer",
    "co_prox_benchmark.json: missing reviewed_on",
    "co_prox_benchmark.json: missing evidence",
    "co_prox_benchmark.json: invalid review date",
    "dry_reforming_benchmark.json: public_distribution not approved",
    "dry_reforming_benchmark.json: missing reviewer",
    "dry_reforming_benchmark.json: missing reviewed_on",
    "dry_reforming_benchmark.json: missing evidence",
    "dry_reforming_benchmark.json: invalid review date",
    "electrocatalyst_library.json: public_distribution not approved",
    "electrocatalyst_library.json: missing reviewer",
    "electrocatalyst_library.json: missing reviewed_on",
    "electrocatalyst_library.json: missing evidence",
    "electrocatalyst_library.json: invalid review date",
    "equipment_library.json: public_distribution not approved",
    "equipment_library.json: missing reviewer",
    "equipment_library.json: missing reviewed_on",
    "equipment_library.json: missing evidence",
    "equipment_library.json: invalid review date",
    "ethylene_epoxidation_benchmark.json: public_distribution not approved",
    "ethylene_epoxidation_benchmark.json: missing reviewer",
    "ethylene_epoxidation_benchmark.json: missing reviewed_on",
    "ethylene_epoxidation_benchmark.json: missing evidence",
    "ethylene_epoxidation_benchmark.json: invalid review date",
    "fischer_tropsch_benchmark.json: public_distribution not approved",
    "fischer_tropsch_benchmark.json: missing reviewer",
    "fischer_tropsch_benchmark.json: missing reviewed_on",
    "fischer_tropsch_benchmark.json: missing evidence",
    "fischer_tropsch_benchmark.json: invalid review date",
    "formic_acid_dehydrogenation_benchmark.json: public_distribution not approved",
    "formic_acid_dehydrogenation_benchmark.json: missing reviewer",
    "formic_acid_dehydrogenation_benchmark.json: missing reviewed_on",
    "formic_acid_dehydrogenation_benchmark.json: missing evidence",
    "formic_acid_dehydrogenation_benchmark.json: invalid review date",
    "fuel_cell_orr_benchmark.json: public_distribution not approved",
    "fuel_cell_orr_benchmark.json: missing reviewer",
    "fuel_cell_orr_benchmark.json: missing reviewed_on",
    "fuel_cell_orr_benchmark.json: missing evidence",
    "fuel_cell_orr_benchmark.json: invalid review date",
    "glycerol_oxidation_benchmark.json: public_distribution not approved",
    "glycerol_oxidation_benchmark.json: missing reviewer",
    "glycerol_oxidation_benchmark.json: missing reviewed_on",
    "glycerol_oxidation_benchmark.json: missing evidence",
    "glycerol_oxidation_benchmark.json: invalid review date",
    "hydrodeoxygenation_benchmark.json: public_distribution not approved",
    "hydrodeoxygenation_benchmark.json: missing reviewer",
    "hydrodeoxygenation_benchmark.json: missing reviewed_on",
    "hydrodeoxygenation_benchmark.json: missing evidence",
    "hydrodeoxygenation_benchmark.json: invalid review date",
    "hydrogen_evolution_benchmark.json: public_distribution not approved",
    "hydrogen_evolution_benchmark.json: missing reviewer",
    "hydrogen_evolution_benchmark.json: missing reviewed_on",
    "hydrogen_evolution_benchmark.json: missing evidence",
    "hydrogen_evolution_benchmark.json: invalid review date",
    "lca_factors.json: public_distribution not approved",
    "lca_factors.json: missing reviewer",
    "lca_factors.json: missing reviewed_on",
    "lca_factors.json: missing evidence",
    "lca_factors.json: invalid review date",
    "loh2002_step_anchors.json: public_distribution not approved",
    "loh2002_step_anchors.json: missing reviewer",
    "loh2002_step_anchors.json: missing reviewed_on",
    "loh2002_step_anchors.json: missing evidence",
    "loh2002_step_anchors.json: invalid review date",
    "materials_curated.json: public_distribution not approved",
    "materials_curated.json: missing reviewer",
    "materials_curated.json: missing reviewed_on",
    "materials_curated.json: missing evidence",
    "materials_curated.json: invalid review date",
    "materials_library.json: public_distribution not approved",
    "materials_library.json: missing reviewer",
    "materials_library.json: missing reviewed_on",
    "materials_library.json: missing evidence",
    "materials_library.json: invalid review date",
    "mea_manufacturing.json: public_distribution not approved",
    "mea_manufacturing.json: missing reviewer",
    "mea_manufacturing.json: missing reviewed_on",
    "mea_manufacturing.json: missing evidence",
    "mea_manufacturing.json: invalid review date",
    "methane_pyrolysis_benchmark.json: public_distribution not approved",
    "methane_pyrolysis_benchmark.json: missing reviewer",
    "methane_pyrolysis_benchmark.json: missing reviewed_on",
    "methane_pyrolysis_benchmark.json: missing evidence",
    "methane_pyrolysis_benchmark.json: invalid review date",
    "methanol_to_olefins_benchmark.json: public_distribution not approved",
    "methanol_to_olefins_benchmark.json: missing reviewer",
    "methanol_to_olefins_benchmark.json: missing reviewed_on",
    "methanol_to_olefins_benchmark.json: missing evidence",
    "methanol_to_olefins_benchmark.json: invalid review date",
    "nh3_scr_benchmark.json: public_distribution not approved",
    "nh3_scr_benchmark.json: missing reviewer",
    "nh3_scr_benchmark.json: missing reviewed_on",
    "nh3_scr_benchmark.json: missing evidence",
    "nh3_scr_benchmark.json: invalid review date",
    "nitrogen_reduction_benchmark.json: public_distribution not approved",
    "nitrogen_reduction_benchmark.json: missing reviewer",
    "nitrogen_reduction_benchmark.json: missing reviewed_on",
    "nitrogen_reduction_benchmark.json: missing evidence",
    "nitrogen_reduction_benchmark.json: invalid review date",
    "olefin_metathesis_benchmark.json: public_distribution not approved",
    "olefin_metathesis_benchmark.json: missing reviewer",
    "olefin_metathesis_benchmark.json: missing reviewed_on",
    "olefin_metathesis_benchmark.json: missing evidence",
    "olefin_metathesis_benchmark.json: invalid review date",
    "opex_factors.json: public_distribution not approved",
    "opex_factors.json: missing reviewer",
    "opex_factors.json: missing reviewed_on",
    "opex_factors.json: missing evidence",
    "opex_factors.json: invalid review date",
    "pem_electrolyzer_oer_benchmark.json: public_distribution not approved",
    "pem_electrolyzer_oer_benchmark.json: missing reviewer",
    "pem_electrolyzer_oer_benchmark.json: missing reviewed_on",
    "pem_electrolyzer_oer_benchmark.json: missing evidence",
    "pem_electrolyzer_oer_benchmark.json: invalid review date",
    "photocatalytic_co2_reduction_benchmark.json: public_distribution not approved",
    "photocatalytic_co2_reduction_benchmark.json: missing reviewer",
    "photocatalytic_co2_reduction_benchmark.json: missing reviewed_on",
    "photocatalytic_co2_reduction_benchmark.json: missing evidence",
    "photocatalytic_co2_reduction_benchmark.json: invalid review date",
    "photocatalytic_water_splitting_benchmark.json: public_distribution not approved",
    "photocatalytic_water_splitting_benchmark.json: missing reviewer",
    "photocatalytic_water_splitting_benchmark.json: missing reviewed_on",
    "photocatalytic_water_splitting_benchmark.json: missing evidence",
    "photocatalytic_water_splitting_benchmark.json: invalid review date",
    "process_energy_factors.json: public_distribution not approved",
    "process_energy_factors.json: missing reviewer",
    "process_energy_factors.json: missing reviewed_on",
    "process_energy_factors.json: missing evidence",
    "process_energy_factors.json: invalid review date",
    "process_templates/aem_fuel_cell_ccm.json: public_distribution not approved",
    "process_templates/aem_fuel_cell_ccm.json: missing reviewer",
    "process_templates/aem_fuel_cell_ccm.json: missing reviewed_on",
    "process_templates/aem_fuel_cell_ccm.json: missing evidence",
    "process_templates/aem_fuel_cell_ccm.json: invalid review date",
    "process_templates/alkaline_electrolyzer_gde.json: public_distribution not approved",
    "process_templates/alkaline_electrolyzer_gde.json: missing reviewer",
    "process_templates/alkaline_electrolyzer_gde.json: missing reviewed_on",
    "process_templates/alkaline_electrolyzer_gde.json: missing evidence",
    "process_templates/alkaline_electrolyzer_gde.json: invalid review date",
    "process_templates/colloidal_nanoparticle_deposition.json: public_distribution not approved",
    "process_templates/colloidal_nanoparticle_deposition.json: missing reviewer",
    "process_templates/colloidal_nanoparticle_deposition.json: missing reviewed_on",
    "process_templates/colloidal_nanoparticle_deposition.json: missing evidence",
    "process_templates/colloidal_nanoparticle_deposition.json: invalid review date",
    "process_templates/combustion_synthesis_mixed_oxide.json: public_distribution not approved",
    "process_templates/combustion_synthesis_mixed_oxide.json: missing reviewer",
    "process_templates/combustion_synthesis_mixed_oxide.json: missing reviewed_on",
    "process_templates/combustion_synthesis_mixed_oxide.json: missing evidence",
    "process_templates/combustion_synthesis_mixed_oxide.json: invalid review date",
    "process_templates/coprecipitation_metal_oxide.json: public_distribution not approved",
    "process_templates/coprecipitation_metal_oxide.json: missing reviewer",
    "process_templates/coprecipitation_metal_oxide.json: missing reviewed_on",
    "process_templates/coprecipitation_metal_oxide.json: missing evidence",
    "process_templates/coprecipitation_metal_oxide.json: invalid review date",
    "process_templates/custom_step_process.json: public_distribution not approved",
    "process_templates/custom_step_process.json: missing reviewer",
    "process_templates/custom_step_process.json: missing reviewed_on",
    "process_templates/custom_step_process.json: missing evidence",
    "process_templates/custom_step_process.json: invalid review date",
    "process_templates/deposition_precipitation_metal_oxide.json: public_distribution not approved",
    "process_templates/deposition_precipitation_metal_oxide.json: missing reviewer",
    "process_templates/deposition_precipitation_metal_oxide.json: missing reviewed_on",
    "process_templates/deposition_precipitation_metal_oxide.json: missing evidence",
    "process_templates/deposition_precipitation_metal_oxide.json: invalid review date",
    "process_templates/dmfc_gde_route.json: public_distribution not approved",
    "process_templates/dmfc_gde_route.json: missing reviewer",
    "process_templates/dmfc_gde_route.json: missing reviewed_on",
    "process_templates/dmfc_gde_route.json: missing evidence",
    "process_templates/dmfc_gde_route.json: invalid review date",
    "process_templates/excess_solution_impregnation_metal_oxide.json: public_distribution not approved",
    "process_templates/excess_solution_impregnation_metal_oxide.json: missing reviewer",
    "process_templates/excess_solution_impregnation_metal_oxide.json: missing reviewed_on",
    "process_templates/excess_solution_impregnation_metal_oxide.json: missing evidence",
    "process_templates/excess_solution_impregnation_metal_oxide.json: invalid review date",
    "process_templates/fcc_catalyst_usy_w_re.json: public_distribution not approved",
    "process_templates/fcc_catalyst_usy_w_re.json: missing reviewer",
    "process_templates/fcc_catalyst_usy_w_re.json: missing reviewed_on",
    "process_templates/fcc_catalyst_usy_w_re.json: missing evidence",
    "process_templates/fcc_catalyst_usy_w_re.json: invalid review date",
    "process_templates/fusion_promoted_magnetite.json: public_distribution not approved",
    "process_templates/fusion_promoted_magnetite.json: missing reviewer",
    "process_templates/fusion_promoted_magnetite.json: missing reviewed_on",
    "process_templates/fusion_promoted_magnetite.json: missing evidence",
    "process_templates/fusion_promoted_magnetite.json: invalid review date",
    "process_templates/hydrothermal_oxide_nanostructure.json: public_distribution not approved",
    "process_templates/hydrothermal_oxide_nanostructure.json: missing reviewer",
    "process_templates/hydrothermal_oxide_nanostructure.json: missing reviewed_on",
    "process_templates/hydrothermal_oxide_nanostructure.json: missing evidence",
    "process_templates/hydrothermal_oxide_nanostructure.json: invalid review date",
    "process_templates/ion_exchange_zeolite_metal.json: public_distribution not approved",
    "process_templates/ion_exchange_zeolite_metal.json: missing reviewer",
    "process_templates/ion_exchange_zeolite_metal.json: missing reviewed_on",
    "process_templates/ion_exchange_zeolite_metal.json: missing evidence",
    "process_templates/ion_exchange_zeolite_metal.json: invalid review date",
    "process_templates/magnesia_alumina.json: public_distribution not approved",
    "process_templates/magnesia_alumina.json: missing reviewer",
    "process_templates/magnesia_alumina.json: missing reviewed_on",
    "process_templates/magnesia_alumina.json: missing evidence",
    "process_templates/magnesia_alumina.json: invalid review date",
    "process_templates/metal_carbide_bulk.json: public_distribution not approved",
    "process_templates/metal_carbide_bulk.json: missing reviewer",
    "process_templates/metal_carbide_bulk.json: missing reviewed_on",
    "process_templates/metal_carbide_bulk.json: missing evidence",
    "process_templates/metal_carbide_bulk.json: invalid review date",
    "process_templates/metal_carbide_on_metal_oxide.json: public_distribution not approved",
    "process_templates/metal_carbide_on_metal_oxide.json: missing reviewer",
    "process_templates/metal_carbide_on_metal_oxide.json: missing reviewed_on",
    "process_templates/metal_carbide_on_metal_oxide.json: missing evidence",
    "process_templates/metal_carbide_on_metal_oxide.json: invalid review date",
    "process_templates/metal_earth_abundant_on_metal_oxide.json: public_distribution not approved",
    "process_templates/metal_earth_abundant_on_metal_oxide.json: missing reviewer",
    "process_templates/metal_earth_abundant_on_metal_oxide.json: missing reviewed_on",
    "process_templates/metal_earth_abundant_on_metal_oxide.json: missing evidence",
    "process_templates/metal_earth_abundant_on_metal_oxide.json: invalid review date",
    "process_templates/metal_pgm_carbon.json: public_distribution not approved",
    "process_templates/metal_pgm_carbon.json: missing reviewer",
    "process_templates/metal_pgm_carbon.json: missing reviewed_on",
    "process_templates/metal_pgm_carbon.json: missing evidence",
    "process_templates/metal_pgm_carbon.json: invalid review date",
    "process_templates/metal_pgm_on_carbon.json: public_distribution not approved",
    "process_templates/metal_pgm_on_carbon.json: missing reviewer",
    "process_templates/metal_pgm_on_carbon.json: missing reviewed_on",
    "process_templates/metal_pgm_on_carbon.json: missing evidence",
    "process_templates/metal_pgm_on_carbon.json: invalid review date",
    "process_templates/metal_pgm_on_metal_oxide.json: public_distribution not approved",
    "process_templates/metal_pgm_on_metal_oxide.json: missing reviewer",
    "process_templates/metal_pgm_on_metal_oxide.json: missing reviewed_on",
    "process_templates/metal_pgm_on_metal_oxide.json: missing evidence",
    "process_templates/metal_pgm_on_metal_oxide.json: invalid review date",
    "process_templates/pem_electrolyzer_ccm.json: public_distribution not approved",
    "process_templates/pem_electrolyzer_ccm.json: missing reviewer",
    "process_templates/pem_electrolyzer_ccm.json: missing reviewed_on",
    "process_templates/pem_electrolyzer_ccm.json: missing evidence",
    "process_templates/pem_electrolyzer_ccm.json: invalid review date",
    "process_templates/pem_fuel_cell_ccm.json: public_distribution not approved",
    "process_templates/pem_fuel_cell_ccm.json: missing reviewer",
    "process_templates/pem_fuel_cell_ccm.json: missing reviewed_on",
    "process_templates/pem_fuel_cell_ccm.json: missing evidence",
    "process_templates/pem_fuel_cell_ccm.json: invalid review date",
    "process_templates/reduction_activation_addon.json: public_distribution not approved",
    "process_templates/reduction_activation_addon.json: missing reviewer",
    "process_templates/reduction_activation_addon.json: missing reviewed_on",
    "process_templates/reduction_activation_addon.json: missing evidence",
    "process_templates/reduction_activation_addon.json: invalid review date",
    "process_templates/shaping_extrusion_pelletizing.json: public_distribution not approved",
    "process_templates/shaping_extrusion_pelletizing.json: missing reviewer",
    "process_templates/shaping_extrusion_pelletizing.json: missing reviewed_on",
    "process_templates/shaping_extrusion_pelletizing.json: missing evidence",
    "process_templates/shaping_extrusion_pelletizing.json: invalid review date",
    "process_templates/sol_gel_metal_oxide.json: public_distribution not approved",
    "process_templates/sol_gel_metal_oxide.json: missing reviewer",
    "process_templates/sol_gel_metal_oxide.json: missing reviewed_on",
    "process_templates/sol_gel_metal_oxide.json: missing evidence",
    "process_templates/sol_gel_metal_oxide.json: invalid review date",
    "process_templates/solid_state_mechanochemical.json: public_distribution not approved",
    "process_templates/solid_state_mechanochemical.json: missing reviewer",
    "process_templates/solid_state_mechanochemical.json: missing reviewed_on",
    "process_templates/solid_state_mechanochemical.json: missing evidence",
    "process_templates/solid_state_mechanochemical.json: invalid review date",
    "process_templates/sulfidation_hydrotreating.json: public_distribution not approved",
    "process_templates/sulfidation_hydrotreating.json: missing reviewer",
    "process_templates/sulfidation_hydrotreating.json: missing reviewed_on",
    "process_templates/sulfidation_hydrotreating.json: missing evidence",
    "process_templates/sulfidation_hydrotreating.json: invalid review date",
    "process_templates/washcoat_monolith.json: public_distribution not approved",
    "process_templates/washcoat_monolith.json: missing reviewer",
    "process_templates/washcoat_monolith.json: missing reviewed_on",
    "process_templates/washcoat_monolith.json: missing evidence",
    "process_templates/washcoat_monolith.json: invalid review date",
    "process_templates/wet_impregnation_metal_oxide.json: public_distribution not approved",
    "process_templates/wet_impregnation_metal_oxide.json: missing reviewer",
    "process_templates/wet_impregnation_metal_oxide.json: missing reviewed_on",
    "process_templates/wet_impregnation_metal_oxide.json: missing evidence",
    "process_templates/wet_impregnation_metal_oxide.json: invalid review date",
    "process_templates/zeolite_beta_bulk.json: public_distribution not approved",
    "process_templates/zeolite_beta_bulk.json: missing reviewer",
    "process_templates/zeolite_beta_bulk.json: missing reviewed_on",
    "process_templates/zeolite_beta_bulk.json: missing evidence",
    "process_templates/zeolite_beta_bulk.json: invalid review date",
    "process_templates/zeolite_beta_with_metal_active_site.json: public_distribution not approved",
    "process_templates/zeolite_beta_with_metal_active_site.json: missing reviewer",
    "process_templates/zeolite_beta_with_metal_active_site.json: missing reviewed_on",
    "process_templates/zeolite_beta_with_metal_active_site.json: missing evidence",
    "process_templates/zeolite_beta_with_metal_active_site.json: invalid review date",
    "process_templates/zeolite_fcc.json: public_distribution not approved",
    "process_templates/zeolite_fcc.json: missing reviewer",
    "process_templates/zeolite_fcc.json: missing reviewed_on",
    "process_templates/zeolite_fcc.json: missing evidence",
    "process_templates/zeolite_fcc.json: invalid review date",
    "process_templates/zeolite_zsm_5_2025_pct.json: public_distribution not approved",
    "process_templates/zeolite_zsm_5_2025_pct.json: missing reviewer",
    "process_templates/zeolite_zsm_5_2025_pct.json: missing reviewed_on",
    "process_templates/zeolite_zsm_5_2025_pct.json: missing evidence",
    "process_templates/zeolite_zsm_5_2025_pct.json: invalid review date",
    "process_templates/zeolite_zsm_5_bulk.json: public_distribution not approved",
    "process_templates/zeolite_zsm_5_bulk.json: missing reviewer",
    "process_templates/zeolite_zsm_5_bulk.json: missing reviewed_on",
    "process_templates/zeolite_zsm_5_bulk.json: missing evidence",
    "process_templates/zeolite_zsm_5_bulk.json: invalid review date",
    "propane_dehydrogenation_benchmark.json: public_distribution not approved",
    "propane_dehydrogenation_benchmark.json: missing reviewer",
    "propane_dehydrogenation_benchmark.json: missing reviewed_on",
    "propane_dehydrogenation_benchmark.json: missing evidence",
    "propane_dehydrogenation_benchmark.json: invalid review date",
    "rwgs_benchmark.json: public_distribution not approved",
    "rwgs_benchmark.json: missing reviewer",
    "rwgs_benchmark.json: missing reviewed_on",
    "rwgs_benchmark.json: missing evidence",
    "rwgs_benchmark.json: invalid review date",
    "selective_acetylene_hydrogenation_benchmark.json: public_distribution not approved",
    "selective_acetylene_hydrogenation_benchmark.json: missing reviewer",
    "selective_acetylene_hydrogenation_benchmark.json: missing reviewed_on",
    "selective_acetylene_hydrogenation_benchmark.json: missing evidence",
    "selective_acetylene_hydrogenation_benchmark.json: invalid review date",
    "spent_catalyst.json: public_distribution not approved",
    "spent_catalyst.json: missing reviewer",
    "spent_catalyst.json: missing reviewed_on",
    "spent_catalyst.json: missing evidence",
    "spent_catalyst.json: invalid review date",
    "steam_methane_reforming_benchmark.json: public_distribution not approved",
    "steam_methane_reforming_benchmark.json: missing reviewer",
    "steam_methane_reforming_benchmark.json: missing reviewed_on",
    "steam_methane_reforming_benchmark.json: missing evidence",
    "steam_methane_reforming_benchmark.json: invalid review date",
    "step_library.json: public_distribution not approved",
    "step_library.json: missing reviewer",
    "step_library.json: missing reviewed_on",
    "step_library.json: missing evidence",
    "step_library.json: invalid review date",
    "support_price_history.json: public_distribution not approved",
    "support_price_history.json: missing reviewer",
    "support_price_history.json: missing reviewed_on",
    "support_price_history.json: missing evidence",
    "support_price_history.json: invalid review date",
    "support_series.json: public_distribution not approved",
    "support_series.json: missing reviewer",
    "support_series.json: missing reviewed_on",
    "support_series.json: missing evidence",
    "support_series.json: invalid review date",
    "syngas_methanol_benchmark.json: public_distribution not approved",
    "syngas_methanol_benchmark.json: missing reviewer",
    "syngas_methanol_benchmark.json: missing reviewed_on",
    "syngas_methanol_benchmark.json: missing evidence",
    "syngas_methanol_benchmark.json: invalid review date",
    "unit_conversions.json: public_distribution not approved",
    "unit_conversions.json: missing reviewer",
    "unit_conversions.json: missing reviewed_on",
    "unit_conversions.json: missing evidence",
    "unit_conversions.json: invalid review date",
    "water_gas_shift_benchmark.json: public_distribution not approved",
    "water_gas_shift_benchmark.json: missing reviewer",
    "water_gas_shift_benchmark.json: missing reviewed_on",
    "water_gas_shift_benchmark.json: missing evidence",
    "water_gas_shift_benchmark.json: invalid review date"
  ]
}

