
> frontend@1.4.0 build
> tsc -b && vite build

vite v8.1.5 building client environment for production...
[2K
transforming...✓ 626 modules transformed.
rendering chunks...
computing gzip size...
dist/index.html                                      0.75 kB │ gzip:   0.41 kB
dist/assets/PretendardVariable-CJuje-Rk.woff2    2,057.68 kB
dist/assets/index-BeUHKdy0.css                      66.35 kB │ gzip:  12.00 kB
dist/assets/format-price-xyQn9blZ.js                 0.35 kB │ gzip:   0.18 kB │ map:     1.67 kB
dist/assets/calculator-session-OVC9PJVi.js           0.59 kB │ gzip:   0.28 kB │ map:     5.12 kB
dist/assets/rolldown-runtime-QTnfLwEv.js             0.69 kB │ gzip:   0.42 kB
dist/assets/recipe-inputs-CyfhZpma.js                0.69 kB │ gzip:   0.28 kB │ map:     2.25 kB
dist/assets/ResultBreakdownPieChart-DDkOkybt.js      0.79 kB │ gzip:   0.52 kB │ map:     2.15 kB
dist/assets/EstimateRangeBarChart-k8pvZUyy.js        1.01 kB │ gzip:   0.59 kB │ map:     2.66 kB
dist/assets/Skeleton-a7cBJvy9.js                     1.42 kB │ gzip:   0.59 kB │ map:     4.45 kB
dist/assets/FitPriceText-D6vJwrZ6.js                 1.56 kB │ gzip:   0.78 kB │ map:     4.81 kB
dist/assets/MetalCompareChart-CrRUver_.js            1.71 kB │ gzip:   0.90 kB │ map:     5.27 kB
dist/assets/MetalTrendChart-C5Fqn5Ry.js              1.78 kB │ gzip:   0.89 kB │ map:     5.06 kB
dist/assets/api-DIPR7XRf.js                          3.18 kB │ gzip:   1.41 kB │ map:    42.90 kB
dist/assets/WorkspaceSections-6TIQo70F.js            3.33 kB │ gzip:   1.49 kB │ map:     9.67 kB
dist/assets/export-csv-Dd8Ovzwt.js                   7.25 kB │ gzip:   2.75 kB │ map:    18.76 kB
dist/assets/CostEvidencePanel-BCRFYX8K.js           15.20 kB │ gzip:   3.89 kB │ map:    34.54 kB
dist/assets/Compare-ltDm8ukC.js                     18.04 kB │ gzip:   4.88 kB │ map:    40.03 kB
dist/assets/CapEx-DxE_WDj0.js                       18.29 kB │ gzip:   4.33 kB │ map:    43.72 kB
dist/assets/Uncertainty-HsNPoJWB.js                 19.26 kB │ gzip:   5.52 kB │ map:    44.59 kB
dist/assets/Library-B9nK19NH.js                     24.21 kB │ gzip:   5.94 kB │ map:    62.03 kB
dist/assets/Prices-CITrGNiO.js                      32.18 kB │ gzip:   8.55 kB │ map:    77.96 kB
dist/assets/CalculatorResult-D_aVzgWP.js            53.61 kB │ gzip:  12.58 kB │ map:   111.68 kB
dist/assets/Calculator-Bm5ta_mx.js                  90.16 kB │ gzip:  23.18 kB │ map:   231.67 kB
dist/assets/index-sDbIuJyF.js                      138.60 kB │ gzip:  46.38 kB │ map:   583.75 kB
dist/assets/react-CC1klYW5.js                      189.64 kB │ gzip:  59.65 kB │ map:   841.37 kB
dist/assets/recharts-KlhfxoSq.js                   390.73 kB │ gzip: 111.46 kB │ map: 1,913.19 kB

✓ built in 451ms

[plugin @tailwindcss/vite:generate:build] [33m[SOURCEMAP_BROKEN] [0mSourcemap is likely to be incorrect: a plugin (@tailwindcss/vite:generate:build) was used to transform files, but didn't generate a sourcemap for the transformation. Consult the plugin documentation for help: https://rolldown.rs/guide/troubleshooting#warning-sourcemap-is-likely-to-be-incorrect

