✔ optional recipes reject incomplete values, zero yield and double interpretation of percentages (0.5309ms)
✔ CSV preserves calculation scope, production assumptions and purchased-input evidence (0.4545ms)
✔ repeated operations remain distinct while order-only changes match (0.0832ms)
✔ selected card identity survives identical routes and scale fitting (0.1159ms)
✔ selected method waits for current-scale steps, while manual routes stay usable (0.1012ms)
✔ fuel_cell × pem_fuel_cell_ccm defaults (5.3552ms)
✔ direct_methanol_fuel_cell × dmfc_gde_route defaults (0.105ms)
✔ electrolyzer × pem_electrolyzer_ccm defaults (0.067ms)
✔ electrolyzer × alkaline_electrolyzer_gde defaults (0.0809ms)
✔ AEM fuel-cell route retains existing application-family preference (0.1194ms)
✔ equal chemistry ranks prefer source scope, then quoted price, then name (0.0898ms)
✔ electrode displayed ledger uses area costs without thermal cost fields (0.1473ms)
ℹ tests 12
ℹ suites 0
ℹ pass 12
ℹ fail 0
ℹ cancelled 0
ℹ skipped 0
ℹ todo 0
ℹ duration_ms 252.626

