FFFFFFFF...FFFFFF......FF                                                [100%]
================================== FAILURES ===================================
_ test_electrode_range_uses_the_displayed_assembly_and_varies_adjunct_prices __
backend\tests\test_prepublication_regressions.py:32: in test_electrode_range_uses_the_displayed_assembly_and_varies_adjunct_prices
    assert value['unit'] == '$/cm2'
E   AssertionError: assert '$/lb' == '$/cm2'
E     
E     - $/cm2
E     + $/lb
_______ test_range_keeps_all_draws_when_order_crosses_a_scale_boundary ________
backend\tests\test_prepublication_regressions.py:45: in test_range_keeps_all_draws_when_order_crosses_a_scale_boundary
    assert response.json()['n_successful'] == 100
E   assert 58 == 100
________________ test_recovery_range_matches_the_net_headline _________________
backend\tests\test_prepublication_regressions.py:61: in test_recovery_range_matches_the_net_headline
    assert value['mean'] == calculated['summary']['net_cost_per_lb']
E   assert 501.883 == 228.8097
_ test_unknown_uncertainty_parameters_are_rejected_instead_of_reported_as_applied[False] _
backend\tests\test_prepublication_regressions.py:71: in test_unknown_uncertainty_parameters_are_rejected_instead_of_reported_as_applied
    assert response.status_code == 422
E   assert 200 == 422
E    +  where 200 = <Response [200 OK]>.status_code
_ test_unknown_uncertainty_parameters_are_rejected_instead_of_reported_as_applied[True] _
backend\tests\test_prepublication_regressions.py:71: in test_unknown_uncertainty_parameters_are_rejected_instead_of_reported_as_applied
    assert response.status_code == 422
E   assert 200 == 422
E    +  where 200 = <Response [200 OK]>.status_code
____ test_template_without_explicit_steps_uses_its_scale_fitted_operations ____
backend\tests\test_prepublication_regressions.py:82: in test_template_without_explicit_steps_uses_its_scale_fitted_operations
    assert [s['step'] for s in value['step_method']['step_details']] == card['steps_fitted']
E   AssertionError: assert ['mixer_slurr...ary_100_300C'] == ['mixer_slurr..., 'mill', ...]
E     
E     At index 1 diff: 'incipient_wetness' != 'reactor_simple'
E     Right contains 4 more items, first extra item: 'dryer_rotary_100_300C'
E     Use -v to get more diff
___________ test_thermal_calculation_rejects_an_electrode_template ____________
backend\tests\test_prepublication_regressions.py:88: in test_thermal_calculation_rejects_an_electrode_template
    assert response.status_code == 422
E   assert 200 == 422
E    +  where 200 = <Response [200 OK]>.status_code
_ test_nonfinite_numbers_are_client_errors_and_do_not_poison_material_catalog[Infinity] _
backend\tests\test_prepublication_regressions.py:93: in test_nonfinite_numbers_are_client_errors_and_do_not_poison_material_catalog
    response = client.post('/api/materials', content=json.dumps({'name': 'Invalid fixture', 'category': 'custom', 'price': value}),
..\..\AppData\Roaming\Python\Python314\site-packages\starlette\testclient.py:546: in post
    return super().post(
..\..\AppData\Roaming\Python\Python314\site-packages\httpx\_client.py:1144: in post
    return self.request(
..\..\AppData\Roaming\Python\Python314\site-packages\starlette\testclient.py:445: in request
    return super().request(
..\..\AppData\Roaming\Python\Python314\site-packages\httpx\_client.py:825: in request
    return self.send(request, auth=auth, follow_redirects=follow_redirects)
           ^^^^^^^^^^^^^^^^^^^^^^^^^^^^^^^^^^^^^^^^^^^^^^^^^^^^^^^^^^^^^^^^
..\..\AppData\Roaming\Python\Python314\site-packages\httpx\_client.py:914: in send
    response = self._send_handling_auth(
..\..\AppData\Roaming\Python\Python314\site-packages\httpx\_client.py:942: in _send_handling_auth
    response = self._send_handling_redirects(
..\..\AppData\Roaming\Python\Python314\site-packages\httpx\_client.py:979: in _send_handling_redirects
    response = self._send_single_request(request)
               ^^^^^^^^^^^^^^^^^^^^^^^^^^^^^^^^^^
..\..\AppData\Roaming\Python\Python314\site-packages\httpx\_client.py:1014: in _send_single_request
    response = transport.handle_request(request)
               ^^^^^^^^^^^^^^^^^^^^^^^^^^^^^^^^^
..\..\AppData\Roaming\Python\Python314\site-packages\starlette\testclient.py:348: in handle_request
    raise exc
..\..\AppData\Roaming\Python\Python314\site-packages\starlette\testclient.py:345: in handle_request
    portal.call(self.app, scope, receive, send)
..\..\AppData\Roaming\Python\Python314\site-packages\anyio\from_thread.py:334: in call
    return cast(T_Retval, self.start_task_soon(func, *args).result())
                          ^^^^^^^^^^^^^^^^^^^^^^^^^^^^^^^^^^^^^^^^^^
C:\Python314\Lib\concurrent\futures\_base.py:450: in result
    return self.__get_result()
           ^^^^^^^^^^^^^^^^^^^
C:\Python314\Lib\concurrent\futures\_base.py:395: in __get_result
    raise self._exception
..\..\AppData\Roaming\Python\Python314\site-packages\anyio\from_thread.py:259: in _call_func
    retval = await retval_or_awaitable
             ^^^^^^^^^^^^^^^^^^^^^^^^^
..\..\AppData\Roaming\Python\Python314\site-packages\fastapi\applications.py:1160: in __call__
    await super().__call__(scope, receive, send)
..\..\AppData\Roaming\Python\Python314\site-packages\starlette\applications.py:107: in __call__
    await self.middleware_stack(scope, receive, send)
..\..\AppData\Roaming\Python\Python314\site-packages\starlette\middleware\errors.py:186: in __call__
    raise exc
..\..\AppData\Roaming\Python\Python314\site-packages\starlette\middleware\errors.py:164: in __call__
    await self.app(scope, receive, _send)
..\..\AppData\Roaming\Python\Python314\site-packages\starlette\middleware\base.py:191: in __call__
    with recv_stream, send_stream, collapse_excgroups():
                                   ^^^^^^^^^^^^^^^^^^^^
C:\Python314\Lib\contextlib.py:162: in __exit__
    self.gen.throw(value)
..\..\AppData\Roaming\Python\Python314\site-packages\starlette\_utils.py:87: in collapse_excgroups
    raise exc
..\..\AppData\Roaming\Python\Python314\site-packages\starlette\middleware\base.py:193: in __call__
    response = await self.dispatch_func(request, call_next)
               ^^^^^^^^^^^^^^^^^^^^^^^^^^^^^^^^^^^^^^^^^^^^
backend\main.py:152: in apply_security_headers
    response = await call_next(request)
               ^^^^^^^^^^^^^^^^^^^^^^^^
..\..\AppData\Roaming\Python\Python314\site-packages\starlette\middleware\base.py:168: in call_next
    raise app_exc from app_exc.__cause__ or app_exc.__context__
..\..\AppData\Roaming\Python\Python314\site-packages\starlette\middleware\base.py:144: in coro
    await self.app(scope, receive_or_disconnect, send_no_error)
..\..\AppData\Roaming\Python\Python314\site-packages\starlette\middleware\cors.py:87: in __call__
    await self.app(scope, receive, send)
backend\services\hosted_limits.py:16: in __call__
    return await self.app(scope, receive, send)
           ^^^^^^^^^^^^^^^^^^^^^^^^^^^^^^^^^^^^
..\..\AppData\Roaming\Python\Python314\site-packages\starlette\middleware\trustedhost.py:51: in __call__
    await self.app(scope, receive, send)
..\..\AppData\Roaming\Python\Python314\site-packages\starlette\middleware\exceptions.py:63: in __call__
    await wrap_app_handling_exceptions(self.app, conn)(scope, receive, send)
..\..\AppData\Roaming\Python\Python314\site-packages\starlette\_exception_handler.py:53: in wrapped_app
    raise exc
..\..\AppData\Roaming\Python\Python314\site-packages\starlette\_exception_handler.py:42: in wrapped_app
    await app(scope, receive, sender)
..\..\AppData\Roaming\Python\Python314\site-packages\fastapi\middleware\asyncexitstack.py:18: in __call__
    await self.app(scope, receive, send)
..\..\AppData\Roaming\Python\Python314\site-packages\starlette\routing.py:716: in __call__
    await self.middleware_stack(scope, receive, send)
..\..\AppData\Roaming\Python\Python314\site-packages\starlette\routing.py:736: in app
    await route.handle(scope, receive, send)
..\..\AppData\Roaming\Python\Python314\site-packages\starlette\routing.py:290: in handle
    await self.app(scope, receive, send)
..\..\AppData\Roaming\Python\Python314\site-packages\fastapi\routing.py:130: in app
    await wrap_app_handling_exceptions(app, request)(scope, receive, send)
..\..\AppData\Roaming\Python\Python314\site-packages\starlette\_exception_handler.py:53: in wrapped_app
    raise exc
..\..\AppData\Roaming\Python\Python314\site-packages\starlette\_exception_handler.py:42: in wrapped_app
    await app(scope, receive, sender)
..\..\AppData\Roaming\Python\Python314\site-packages\fastapi\routing.py:116: in app
    response = await f(request)
               ^^^^^^^^^^^^^^^^
..\..\AppData\Roaming\Python\Python314\site-packages\fastapi\routing.py:711: in app
    response = actual_response_class(content, **response_args)
               ^^^^^^^^^^^^^^^^^^^^^^^^^^^^^^^^^^^^^^^^^^^^^^^
..\..\AppData\Roaming\Python\Python314\site-packages\starlette\responses.py:189: in __init__
    super().__init__(content, status_code, headers, media_type, background)
..\..\AppData\Roaming\Python\Python314\site-packages\starlette\responses.py:46: in __init__
    self.body = self.render(content)
                ^^^^^^^^^^^^^^^^^^^^
..\..\AppData\Roaming\Python\Python314\site-packages\starlette\responses.py:192: in render
    return json.dumps(
C:\Python314\Lib\json\__init__.py:238: in dumps
    **kw).encode(obj)
          ^^^^^^^^^^^
C:\Python314\Lib\json\encoder.py:200: in encode
    chunks = self.iterencode(o, _one_shot=True)
             ^^^^^^^^^^^^^^^^^^^^^^^^^^^^^^^^^^
C:\Python314\Lib\json\encoder.py:261: in iterencode
    return _iterencode(o, 0)
           ^^^^^^^^^^^^^^^^^
E   ValueError: Out of range float values are not JSON compliant: inf
E   when serializing dict item 'price'
___ test_invalid_numeric_requests_return_422[/api/calculate/quick-payload1] ___
backend\tests\test_prepublication_regressions.py:107: in test_invalid_numeric_requests_return_422
    response = client.post(path, json=payload)
               ^^^^^^^^^^^^^^^^^^^^^^^^^^^^^^^
..\..\AppData\Roaming\Python\Python314\site-packages\starlette\testclient.py:546: in post
    return super().post(
..\..\AppData\Roaming\Python\Python314\site-packages\httpx\_client.py:1144: in post
    return self.request(
..\..\AppData\Roaming\Python\Python314\site-packages\starlette\testclient.py:445: in request
    return super().request(
..\..\AppData\Roaming\Python\Python314\site-packages\httpx\_client.py:825: in request
    return self.send(request, auth=auth, follow_redirects=follow_redirects)
           ^^^^^^^^^^^^^^^^^^^^^^^^^^^^^^^^^^^^^^^^^^^^^^^^^^^^^^^^^^^^^^^^
..\..\AppData\Roaming\Python\Python314\site-packages\httpx\_client.py:914: in send
    response = self._send_handling_auth(
..\..\AppData\Roaming\Python\Python314\site-packages\httpx\_client.py:942: in _send_handling_auth
    response = self._send_handling_redirects(
..\..\AppData\Roaming\Python\Python314\site-packages\httpx\_client.py:979: in _send_handling_redirects
    response = self._send_single_request(request)
               ^^^^^^^^^^^^^^^^^^^^^^^^^^^^^^^^^^
..\..\AppData\Roaming\Python\Python314\site-packages\httpx\_client.py:1014: in _send_single_request
    response = transport.handle_request(request)
               ^^^^^^^^^^^^^^^^^^^^^^^^^^^^^^^^^
..\..\AppData\Roaming\Python\Python314\site-packages\starlette\testclient.py:348: in handle_request
    raise exc
..\..\AppData\Roaming\Python\Python314\site-packages\starlette\testclient.py:345: in handle_request
    portal.call(self.app, scope, receive, send)
..\..\AppData\Roaming\Python\Python314\site-packages\anyio\from_thread.py:334: in call
    return cast(T_Retval, self.start_task_soon(func, *args).result())
                          ^^^^^^^^^^^^^^^^^^^^^^^^^^^^^^^^^^^^^^^^^^
C:\Python314\Lib\concurrent\futures\_base.py:450: in result
    return self.__get_result()
           ^^^^^^^^^^^^^^^^^^^
C:\Python314\Lib\concurrent\futures\_base.py:395: in __get_result
    raise self._exception
..\..\AppData\Roaming\Python\Python314\site-packages\anyio\from_thread.py:259: in _call_func
    retval = await retval_or_awaitable
             ^^^^^^^^^^^^^^^^^^^^^^^^^
..\..\AppData\Roaming\Python\Python314\site-packages\fastapi\applications.py:1160: in __call__
    await super().__call__(scope, receive, send)
..\..\AppData\Roaming\Python\Python314\site-packages\starlette\applications.py:107: in __call__
    await self.middleware_stack(scope, receive, send)
..\..\AppData\Roaming\Python\Python314\site-packages\starlette\middleware\errors.py:186: in __call__
    raise exc
..\..\AppData\Roaming\Python\Python314\site-packages\starlette\middleware\errors.py:164: in __call__
    await self.app(scope, receive, _send)
..\..\AppData\Roaming\Python\Python314\site-packages\starlette\middleware\base.py:191: in __call__
    with recv_stream, send_stream, collapse_excgroups():
                                   ^^^^^^^^^^^^^^^^^^^^
C:\Python314\Lib\contextlib.py:162: in __exit__
    self.gen.throw(value)
..\..\AppData\Roaming\Python\Python314\site-packages\starlette\_utils.py:87: in collapse_excgroups
    raise exc
..\..\AppData\Roaming\Python\Python314\site-packages\starlette\middleware\base.py:193: in __call__
    response = await self.dispatch_func(request, call_next)
               ^^^^^^^^^^^^^^^^^^^^^^^^^^^^^^^^^^^^^^^^^^^^
backend\main.py:152: in apply_security_headers
    response = await call_next(request)
               ^^^^^^^^^^^^^^^^^^^^^^^^
..\..\AppData\Roaming\Python\Python314\site-packages\starlette\middleware\base.py:168: in call_next
    raise app_exc from app_exc.__cause__ or app_exc.__context__
..\..\AppData\Roaming\Python\Python314\site-packages\starlette\middleware\base.py:144: in coro
    await self.app(scope, receive_or_disconnect, send_no_error)
..\..\AppData\Roaming\Python\Python314\site-packages\starlette\middleware\cors.py:87: in __call__
    await self.app(scope, receive, send)
backend\services\hosted_limits.py:16: in __call__
    return await self.app(scope, receive, send)
           ^^^^^^^^^^^^^^^^^^^^^^^^^^^^^^^^^^^^
..\..\AppData\Roaming\Python\Python314\site-packages\starlette\middleware\trustedhost.py:51: in __call__
    await self.app(scope, receive, send)
..\..\AppData\Roaming\Python\Python314\site-packages\starlette\middleware\exceptions.py:63: in __call__
    await wrap_app_handling_exceptions(self.app, conn)(scope, receive, send)
..\..\AppData\Roaming\Python\Python314\site-packages\starlette\_exception_handler.py:53: in wrapped_app
    raise exc
..\..\AppData\Roaming\Python\Python314\site-packages\starlette\_exception_handler.py:42: in wrapped_app
    await app(scope, receive, sender)
..\..\AppData\Roaming\Python\Python314\site-packages\fastapi\middleware\asyncexitstack.py:18: in __call__
    await self.app(scope, receive, send)
..\..\AppData\Roaming\Python\Python314\site-packages\starlette\routing.py:716: in __call__
    await self.middleware_stack(scope, receive, send)
..\..\AppData\Roaming\Python\Python314\site-packages\starlette\routing.py:736: in app
    await route.handle(scope, receive, send)
..\..\AppData\Roaming\Python\Python314\site-packages\starlette\routing.py:290: in handle
    await self.app(scope, receive, send)
..\..\AppData\Roaming\Python\Python314\site-packages\fastapi\routing.py:130: in app
    await wrap_app_handling_exceptions(app, request)(scope, receive, send)
..\..\AppData\Roaming\Python\Python314\site-packages\starlette\_exception_handler.py:53: in wrapped_app
    raise exc
..\..\AppData\Roaming\Python\Python314\site-packages\starlette\_exception_handler.py:42: in wrapped_app
    await app(scope, receive, sender)
..\..\AppData\Roaming\Python\Python314\site-packages\fastapi\routing.py:116: in app
    response = await f(request)
               ^^^^^^^^^^^^^^^^
..\..\AppData\Roaming\Python\Python314\site-packages\fastapi\routing.py:711: in app
    response = actual_response_class(content, **response_args)
               ^^^^^^^^^^^^^^^^^^^^^^^^^^^^^^^^^^^^^^^^^^^^^^^
..\..\AppData\Roaming\Python\Python314\site-packages\starlette\responses.py:189: in __init__
    super().__init__(content, status_code, headers, media_type, background)
..\..\AppData\Roaming\Python\Python314\site-packages\starlette\responses.py:46: in __init__
    self.body = self.render(content)
                ^^^^^^^^^^^^^^^^^^^^
..\..\AppData\Roaming\Python\Python314\site-packages\starlette\responses.py:192: in render
    return json.dumps(
C:\Python314\Lib\json\__init__.py:238: in dumps
    **kw).encode(obj)
          ^^^^^^^^^^^
C:\Python314\Lib\json\encoder.py:200: in encode
    chunks = self.iterencode(o, _one_shot=True)
             ^^^^^^^^^^^^^^^^^^^^^^^^^^^^^^^^^^
C:\Python314\Lib\json\encoder.py:261: in iterencode
    return _iterencode(o, 0)
           ^^^^^^^^^^^^^^^^^
E   ValueError: Out of range float values are not JSON compliant: inf
E   when serializing dict item 'metal_price'
E   when serializing dict item 'input_summary'
________ test_invalid_numeric_requests_return_422[/api/capex-payload2] ________
backend\tests\test_prepublication_regressions.py:108: in test_invalid_numeric_requests_return_422
    assert response.status_code == 422
E   assert 200 == 422
E    +  where 200 = <Response [200 OK]>.status_code
_____ test_invalid_numeric_requests_return_422[/api/uncertainty-payload3] _____
backend\tests\test_prepublication_regressions.py:107: in test_invalid_numeric_requests_return_422
    response = client.post(path, json=payload)
               ^^^^^^^^^^^^^^^^^^^^^^^^^^^^^^^
..\..\AppData\Roaming\Python\Python314\site-packages\starlette\testclient.py:546: in post
    return super().post(
..\..\AppData\Roaming\Python\Python314\site-packages\httpx\_client.py:1144: in post
    return self.request(
..\..\AppData\Roaming\Python\Python314\site-packages\starlette\testclient.py:445: in request
    return super().request(
..\..\AppData\Roaming\Python\Python314\site-packages\httpx\_client.py:825: in request
    return self.send(request, auth=auth, follow_redirects=follow_redirects)
           ^^^^^^^^^^^^^^^^^^^^^^^^^^^^^^^^^^^^^^^^^^^^^^^^^^^^^^^^^^^^^^^^
..\..\AppData\Roaming\Python\Python314\site-packages\httpx\_client.py:914: in send
    response = self._send_handling_auth(
..\..\AppData\Roaming\Python\Python314\site-packages\httpx\_client.py:942: in _send_handling_auth
    response = self._send_handling_redirects(
..\..\AppData\Roaming\Python\Python314\site-packages\httpx\_client.py:979: in _send_handling_redirects
    response = self._send_single_request(request)
               ^^^^^^^^^^^^^^^^^^^^^^^^^^^^^^^^^^
..\..\AppData\Roaming\Python\Python314\site-packages\httpx\_client.py:1014: in _send_single_request
    response = transport.handle_request(request)
               ^^^^^^^^^^^^^^^^^^^^^^^^^^^^^^^^^
..\..\AppData\Roaming\Python\Python314\site-packages\starlette\testclient.py:348: in handle_request
    raise exc
..\..\AppData\Roaming\Python\Python314\site-packages\starlette\testclient.py:345: in handle_request
    portal.call(self.app, scope, receive, send)
..\..\AppData\Roaming\Python\Python314\site-packages\anyio\from_thread.py:334: in call
    return cast(T_Retval, self.start_task_soon(func, *args).result())
                          ^^^^^^^^^^^^^^^^^^^^^^^^^^^^^^^^^^^^^^^^^^
C:\Python314\Lib\concurrent\futures\_base.py:450: in result
    return self.__get_result()
           ^^^^^^^^^^^^^^^^^^^
C:\Python314\Lib\concurrent\futures\_base.py:395: in __get_result
    raise self._exception
..\..\AppData\Roaming\Python\Python314\site-packages\anyio\from_thread.py:259: in _call_func
    retval = await retval_or_awaitable
             ^^^^^^^^^^^^^^^^^^^^^^^^^
..\..\AppData\Roaming\Python\Python314\site-packages\fastapi\applications.py:1160: in __call__
    await super().__call__(scope, receive, send)
..\..\AppData\Roaming\Python\Python314\site-packages\starlette\applications.py:107: in __call__
    await self.middleware_stack(scope, receive, send)
..\..\AppData\Roaming\Python\Python314\site-packages\starlette\middleware\errors.py:186: in __call__
    raise exc
..\..\AppData\Roaming\Python\Python314\site-packages\starlette\middleware\errors.py:164: in __call__
    await self.app(scope, receive, _send)
..\..\AppData\Roaming\Python\Python314\site-packages\starlette\middleware\base.py:191: in __call__
    with recv_stream, send_stream, collapse_excgroups():
                                   ^^^^^^^^^^^^^^^^^^^^
C:\Python314\Lib\contextlib.py:162: in __exit__
    self.gen.throw(value)
..\..\AppData\Roaming\Python\Python314\site-packages\starlette\_utils.py:87: in collapse_excgroups
    raise exc
..\..\AppData\Roaming\Python\Python314\site-packages\starlette\middleware\base.py:193: in __call__
    response = await self.dispatch_func(request, call_next)
               ^^^^^^^^^^^^^^^^^^^^^^^^^^^^^^^^^^^^^^^^^^^^
backend\main.py:152: in apply_security_headers
    response = await call_next(request)
               ^^^^^^^^^^^^^^^^^^^^^^^^
..\..\AppData\Roaming\Python\Python314\site-packages\starlette\middleware\base.py:168: in call_next
    raise app_exc from app_exc.__cause__ or app_exc.__context__
..\..\AppData\Roaming\Python\Python314\site-packages\starlette\middleware\base.py:144: in coro
    await self.app(scope, receive_or_disconnect, send_no_error)
..\..\AppData\Roaming\Python\Python314\site-packages\starlette\middleware\cors.py:87: in __call__
    await self.app(scope, receive, send)
backend\services\hosted_limits.py:16: in __call__
    return await self.app(scope, receive, send)
           ^^^^^^^^^^^^^^^^^^^^^^^^^^^^^^^^^^^^
..\..\AppData\Roaming\Python\Python314\site-packages\starlette\middleware\trustedhost.py:51: in __call__
    await self.app(scope, receive, send)
..\..\AppData\Roaming\Python\Python314\site-packages\starlette\middleware\exceptions.py:63: in __call__
    await wrap_app_handling_exceptions(self.app, conn)(scope, receive, send)
..\..\AppData\Roaming\Python\Python314\site-packages\starlette\_exception_handler.py:53: in wrapped_app
    raise exc
..\..\AppData\Roaming\Python\Python314\site-packages\starlette\_exception_handler.py:42: in wrapped_app
    await app(scope, receive, sender)
..\..\AppData\Roaming\Python\Python314\site-packages\fastapi\middleware\asyncexitstack.py:18: in __call__
    await self.app(scope, receive, send)
..\..\AppData\Roaming\Python\Python314\site-packages\starlette\routing.py:716: in __call__
    await self.middleware_stack(scope, receive, send)
..\..\AppData\Roaming\Python\Python314\site-packages\starlette\routing.py:736: in app
    await route.handle(scope, receive, send)
..\..\AppData\Roaming\Python\Python314\site-packages\starlette\routing.py:290: in handle
    await self.app(scope, receive, send)
..\..\AppData\Roaming\Python\Python314\site-packages\fastapi\routing.py:130: in app
    await wrap_app_handling_exceptions(app, request)(scope, receive, send)
..\..\AppData\Roaming\Python\Python314\site-packages\starlette\_exception_handler.py:53: in wrapped_app
    raise exc
..\..\AppData\Roaming\Python\Python314\site-packages\starlette\_exception_handler.py:42: in wrapped_app
    await app(scope, receive, sender)
..\..\AppData\Roaming\Python\Python314\site-packages\fastapi\routing.py:116: in app
    response = await f(request)
               ^^^^^^^^^^^^^^^^
..\..\AppData\Roaming\Python\Python314\site-packages\fastapi\routing.py:670: in app
    raw_response = await run_endpoint_function(
..\..\AppData\Roaming\Python\Python314\site-packages\fastapi\routing.py:326: in run_endpoint_function
    return await run_in_threadpool(dependant.call, **values)
           ^^^^^^^^^^^^^^^^^^^^^^^^^^^^^^^^^^^^^^^^^^^^^^^^^
..\..\AppData\Roaming\Python\Python314\site-packages\starlette\concurrency.py:32: in run_in_threadpool
    return await anyio.to_thread.run_sync(func)
           ^^^^^^^^^^^^^^^^^^^^^^^^^^^^^^^^^^^^
..\..\AppData\Roaming\Python\Python314\site-packages\anyio\to_thread.py:63: in run_sync
    return await get_async_backend().run_sync_in_worker_thread(
..\..\AppData\Roaming\Python\Python314\site-packages\anyio\_backends\_asyncio.py:2502: in run_sync_in_worker_thread
    return await future
           ^^^^^^^^^^^^
..\..\AppData\Roaming\Python\Python314\site-packages\anyio\_backends\_asyncio.py:986: in run
    result = context.run(func, *args)
             ^^^^^^^^^^^^^^^^^^^^^^^^
backend\routers\uncertainty.py:94: in uncertainty_analysis
    result = run_monte_carlo(
backend\core\uncertainty.py:53: in run_monte_carlo
    result = estimate_catalyst_cost(**params)
             ^^^^^^^^^^^^^^^^^^^^^^^^^^^^^^^^
backend\core\cost_engine.py:173: in estimate_catalyst_cost
    step_result = calculate_step_method(
backend\core\step_method.py:170: in calculate_step_method
    processing_cost_per_lb = campaign_cost / total_production_lb
                             ^^^^^^^^^^^^^^^^^^^^^^^^^^^^^^^^^^^
E   ZeroDivisionError: division by zero
_______ test_invalid_numeric_requests_return_422[/api/compare-payload4] _______
backend\tests\test_prepublication_regressions.py:107: in test_invalid_numeric_requests_return_422
    response = client.post(path, json=payload)
               ^^^^^^^^^^^^^^^^^^^^^^^^^^^^^^^
..\..\AppData\Roaming\Python\Python314\site-packages\starlette\testclient.py:546: in post
    return super().post(
..\..\AppData\Roaming\Python\Python314\site-packages\httpx\_client.py:1144: in post
    return self.request(
..\..\AppData\Roaming\Python\Python314\site-packages\starlette\testclient.py:445: in request
    return super().request(
..\..\AppData\Roaming\Python\Python314\site-packages\httpx\_client.py:825: in request
    return self.send(request, auth=auth, follow_redirects=follow_redirects)
           ^^^^^^^^^^^^^^^^^^^^^^^^^^^^^^^^^^^^^^^^^^^^^^^^^^^^^^^^^^^^^^^^
..\..\AppData\Roaming\Python\Python314\site-packages\httpx\_client.py:914: in send
    response = self._send_handling_auth(
..\..\AppData\Roaming\Python\Python314\site-packages\httpx\_client.py:942: in _send_handling_auth
    response = self._send_handling_redirects(
..\..\AppData\Roaming\Python\Python314\site-packages\httpx\_client.py:979: in _send_handling_redirects
    response = self._send_single_request(request)
               ^^^^^^^^^^^^^^^^^^^^^^^^^^^^^^^^^^
..\..\AppData\Roaming\Python\Python314\site-packages\httpx\_client.py:1014: in _send_single_request
    response = transport.handle_request(request)
               ^^^^^^^^^^^^^^^^^^^^^^^^^^^^^^^^^
..\..\AppData\Roaming\Python\Python314\site-packages\starlette\testclient.py:348: in handle_request
    raise exc
..\..\AppData\Roaming\Python\Python314\site-packages\starlette\testclient.py:345: in handle_request
    portal.call(self.app, scope, receive, send)
..\..\AppData\Roaming\Python\Python314\site-packages\anyio\from_thread.py:334: in call
    return cast(T_Retval, self.start_task_soon(func, *args).result())
                          ^^^^^^^^^^^^^^^^^^^^^^^^^^^^^^^^^^^^^^^^^^
C:\Python314\Lib\concurrent\futures\_base.py:450: in result
    return self.__get_result()
           ^^^^^^^^^^^^^^^^^^^
C:\Python314\Lib\concurrent\futures\_base.py:395: in __get_result
    raise self._exception
..\..\AppData\Roaming\Python\Python314\site-packages\anyio\from_thread.py:259: in _call_func
    retval = await retval_or_awaitable
             ^^^^^^^^^^^^^^^^^^^^^^^^^
..\..\AppData\Roaming\Python\Python314\site-packages\fastapi\applications.py:1160: in __call__
    await super().__call__(scope, receive, send)
..\..\AppData\Roaming\Python\Python314\site-packages\starlette\applications.py:107: in __call__
    await self.middleware_stack(scope, receive, send)
..\..\AppData\Roaming\Python\Python314\site-packages\starlette\middleware\errors.py:186: in __call__
    raise exc
..\..\AppData\Roaming\Python\Python314\site-packages\starlette\middleware\errors.py:164: in __call__
    await self.app(scope, receive, _send)
..\..\AppData\Roaming\Python\Python314\site-packages\starlette\middleware\base.py:191: in __call__
    with recv_stream, send_stream, collapse_excgroups():
                                   ^^^^^^^^^^^^^^^^^^^^
C:\Python314\Lib\contextlib.py:162: in __exit__
    self.gen.throw(value)
..\..\AppData\Roaming\Python\Python314\site-packages\starlette\_utils.py:87: in collapse_excgroups
    raise exc
..\..\AppData\Roaming\Python\Python314\site-packages\starlette\middleware\base.py:193: in __call__
    response = await self.dispatch_func(request, call_next)
               ^^^^^^^^^^^^^^^^^^^^^^^^^^^^^^^^^^^^^^^^^^^^
backend\main.py:152: in apply_security_headers
    response = await call_next(request)
               ^^^^^^^^^^^^^^^^^^^^^^^^
..\..\AppData\Roaming\Python\Python314\site-packages\starlette\middleware\base.py:168: in call_next
    raise app_exc from app_exc.__cause__ or app_exc.__context__
..\..\AppData\Roaming\Python\Python314\site-packages\starlette\middleware\base.py:144: in coro
    await self.app(scope, receive_or_disconnect, send_no_error)
..\..\AppData\Roaming\Python\Python314\site-packages\starlette\middleware\cors.py:87: in __call__
    await self.app(scope, receive, send)
backend\services\hosted_limits.py:16: in __call__
    return await self.app(scope, receive, send)
           ^^^^^^^^^^^^^^^^^^^^^^^^^^^^^^^^^^^^
..\..\AppData\Roaming\Python\Python314\site-packages\starlette\middleware\trustedhost.py:51: in __call__
    await self.app(scope, receive, send)
..\..\AppData\Roaming\Python\Python314\site-packages\starlette\middleware\exceptions.py:63: in __call__
    await wrap_app_handling_exceptions(self.app, conn)(scope, receive, send)
..\..\AppData\Roaming\Python\Python314\site-packages\starlette\_exception_handler.py:53: in wrapped_app
    raise exc
..\..\AppData\Roaming\Python\Python314\site-packages\starlette\_exception_handler.py:42: in wrapped_app
    await app(scope, receive, sender)
..\..\AppData\Roaming\Python\Python314\site-packages\fastapi\middleware\asyncexitstack.py:18: in __call__
    await self.app(scope, receive, send)
..\..\AppData\Roaming\Python\Python314\site-packages\starlette\routing.py:716: in __call__
    await self.middleware_stack(scope, receive, send)
..\..\AppData\Roaming\Python\Python314\site-packages\starlette\routing.py:736: in app
    await route.handle(scope, receive, send)
..\..\AppData\Roaming\Python\Python314\site-packages\starlette\routing.py:290: in handle
    await self.app(scope, receive, send)
..\..\AppData\Roaming\Python\Python314\site-packages\fastapi\routing.py:130: in app
    await wrap_app_handling_exceptions(app, request)(scope, receive, send)
..\..\AppData\Roaming\Python\Python314\site-packages\starlette\_exception_handler.py:53: in wrapped_app
    raise exc
..\..\AppData\Roaming\Python\Python314\site-packages\starlette\_exception_handler.py:42: in wrapped_app
    await app(scope, receive, sender)
..\..\AppData\Roaming\Python\Python314\site-packages\fastapi\routing.py:116: in app
    response = await f(request)
               ^^^^^^^^^^^^^^^^
..\..\AppData\Roaming\Python\Python314\site-packages\fastapi\routing.py:670: in app
    raw_response = await run_endpoint_function(
..\..\AppData\Roaming\Python\Python314\site-packages\fastapi\routing.py:326: in run_endpoint_function
    return await run_in_threadpool(dependant.call, **values)
           ^^^^^^^^^^^^^^^^^^^^^^^^^^^^^^^^^^^^^^^^^^^^^^^^^
..\..\AppData\Roaming\Python\Python314\site-packages\starlette\concurrency.py:32: in run_in_threadpool
    return await anyio.to_thread.run_sync(func)
           ^^^^^^^^^^^^^^^^^^^^^^^^^^^^^^^^^^^^
..\..\AppData\Roaming\Python\Python314\site-packages\anyio\to_thread.py:63: in run_sync
    return await get_async_backend().run_sync_in_worker_thread(
..\..\AppData\Roaming\Python\Python314\site-packages\anyio\_backends\_asyncio.py:2502: in run_sync_in_worker_thread
    return await future
           ^^^^^^^^^^^^
..\..\AppData\Roaming\Python\Python314\site-packages\anyio\_backends\_asyncio.py:986: in run
    result = context.run(func, *args)
             ^^^^^^^^^^^^^^^^^^^^^^^^
backend\routers\compare.py:17: in compare_compositions
    result = estimate_catalyst_cost_simple(
backend\core\cost_engine.py:341: in estimate_catalyst_cost_simple
    return estimate_catalyst_cost(
backend\core\cost_engine.py:173: in estimate_catalyst_cost
    step_result = calculate_step_method(
backend\core\step_method.py:170: in calculate_step_method
    processing_cost_per_lb = campaign_cost / total_production_lb
                             ^^^^^^^^^^^^^^^^^^^^^^^^^^^^^^^^^^^
E   ZeroDivisionError: division by zero
______ test_literal_nonfinite_json_gets_a_serializable_validation_error _______
..\..\AppData\Roaming\Python\Python314\site-packages\starlette\_exception_handler.py:42: in wrapped_app
    await app(scope, receive, sender)
..\..\AppData\Roaming\Python\Python314\site-packages\fastapi\routing.py:116: in app
    response = await f(request)
               ^^^^^^^^^^^^^^^^
..\..\AppData\Roaming\Python\Python314\site-packages\fastapi\routing.py:719: in app
    raise validation_error
E   fastapi.exceptions.RequestValidationError: 1 validation error:
E     {'type': 'greater_than', 'loc': ('body', 'order_size_tons'), 'msg': 'Input should be greater than 0', 'input': nan, 'ctx': {'gt': 0.0}}
E   
E     File "C:\Users\user\Desktop\COMET-autonomous-2026-09-06\backend\routers\calculator.py", line 183, in calculate_cost
E       POST /api/calculate

The above exception was the direct cause of the following exception:
backend\tests\test_prepublication_regressions.py:113: in test_literal_nonfinite_json_gets_a_serializable_validation_error
    response = client.post('/api/calculate', content=json.dumps(payload), headers={'Content-Type': 'application/json'})
               ^^^^^^^^^^^^^^^^^^^^^^^^^^^^^^^^^^^^^^^^^^^^^^^^^^^^^^^^^^^^^^^^^^^^^^^^^^^^^^^^^^^^^^^^^^^^^^^^^^^^^^^^
..\..\AppData\Roaming\Python\Python314\site-packages\starlette\testclient.py:546: in post
    return super().post(
..\..\AppData\Roaming\Python\Python314\site-packages\httpx\_client.py:1144: in post
    return self.request(
..\..\AppData\Roaming\Python\Python314\site-packages\starlette\testclient.py:445: in request
    return super().request(
..\..\AppData\Roaming\Python\Python314\site-packages\httpx\_client.py:825: in request
    return self.send(request, auth=auth, follow_redirects=follow_redirects)
           ^^^^^^^^^^^^^^^^^^^^^^^^^^^^^^^^^^^^^^^^^^^^^^^^^^^^^^^^^^^^^^^^
..\..\AppData\Roaming\Python\Python314\site-packages\httpx\_client.py:914: in send
    response = self._send_handling_auth(
..\..\AppData\Roaming\Python\Python314\site-packages\httpx\_client.py:942: in _send_handling_auth
    response = self._send_handling_redirects(
..\..\AppData\Roaming\Python\Python314\site-packages\httpx\_client.py:979: in _send_handling_redirects
    response = self._send_single_request(request)
               ^^^^^^^^^^^^^^^^^^^^^^^^^^^^^^^^^^
..\..\AppData\Roaming\Python\Python314\site-packages\httpx\_client.py:1014: in _send_single_request
    response = transport.handle_request(request)
               ^^^^^^^^^^^^^^^^^^^^^^^^^^^^^^^^^
..\..\AppData\Roaming\Python\Python314\site-packages\starlette\testclient.py:348: in handle_request
    raise exc
..\..\AppData\Roaming\Python\Python314\site-packages\starlette\testclient.py:345: in handle_request
    portal.call(self.app, scope, receive, send)
..\..\AppData\Roaming\Python\Python314\site-packages\anyio\from_thread.py:334: in call
    return cast(T_Retval, self.start_task_soon(func, *args).result())
                          ^^^^^^^^^^^^^^^^^^^^^^^^^^^^^^^^^^^^^^^^^^
C:\Python314\Lib\concurrent\futures\_base.py:450: in result
    return self.__get_result()
           ^^^^^^^^^^^^^^^^^^^
C:\Python314\Lib\concurrent\futures\_base.py:395: in __get_result
    raise self._exception
..\..\AppData\Roaming\Python\Python314\site-packages\anyio\from_thread.py:259: in _call_func
    retval = await retval_or_awaitable
             ^^^^^^^^^^^^^^^^^^^^^^^^^
..\..\AppData\Roaming\Python\Python314\site-packages\fastapi\applications.py:1160: in __call__
    await super().__call__(scope, receive, send)
..\..\AppData\Roaming\Python\Python314\site-packages\starlette\applications.py:107: in __call__
    await self.middleware_stack(scope, receive, send)
..\..\AppData\Roaming\Python\Python314\site-packages\starlette\middleware\errors.py:186: in __call__
    raise exc
..\..\AppData\Roaming\Python\Python314\site-packages\starlette\middleware\errors.py:164: in __call__
    await self.app(scope, receive, _send)
..\..\AppData\Roaming\Python\Python314\site-packages\starlette\middleware\base.py:191: in __call__
    with recv_stream, send_stream, collapse_excgroups():
                                   ^^^^^^^^^^^^^^^^^^^^
C:\Python314\Lib\contextlib.py:162: in __exit__
    self.gen.throw(value)
..\..\AppData\Roaming\Python\Python314\site-packages\starlette\_utils.py:87: in collapse_excgroups
    raise exc
..\..\AppData\Roaming\Python\Python314\site-packages\starlette\middleware\base.py:193: in __call__
    response = await self.dispatch_func(request, call_next)
               ^^^^^^^^^^^^^^^^^^^^^^^^^^^^^^^^^^^^^^^^^^^^
backend\main.py:152: in apply_security_headers
    response = await call_next(request)
               ^^^^^^^^^^^^^^^^^^^^^^^^
..\..\AppData\Roaming\Python\Python314\site-packages\starlette\middleware\base.py:168: in call_next
    raise app_exc from app_exc.__cause__ or app_exc.__context__
..\..\AppData\Roaming\Python\Python314\site-packages\starlette\middleware\base.py:144: in coro
    await self.app(scope, receive_or_disconnect, send_no_error)
..\..\AppData\Roaming\Python\Python314\site-packages\starlette\middleware\cors.py:87: in __call__
    await self.app(scope, receive, send)
backend\services\hosted_limits.py:16: in __call__
    return await self.app(scope, receive, send)
           ^^^^^^^^^^^^^^^^^^^^^^^^^^^^^^^^^^^^
..\..\AppData\Roaming\Python\Python314\site-packages\starlette\middleware\trustedhost.py:51: in __call__
    await self.app(scope, receive, send)
..\..\AppData\Roaming\Python\Python314\site-packages\starlette\middleware\exceptions.py:63: in __call__
    await wrap_app_handling_exceptions(self.app, conn)(scope, receive, send)
..\..\AppData\Roaming\Python\Python314\site-packages\starlette\_exception_handler.py:53: in wrapped_app
    raise exc
..\..\AppData\Roaming\Python\Python314\site-packages\starlette\_exception_handler.py:42: in wrapped_app
    await app(scope, receive, sender)
..\..\AppData\Roaming\Python\Python314\site-packages\fastapi\middleware\asyncexitstack.py:18: in __call__
    await self.app(scope, receive, send)
..\..\AppData\Roaming\Python\Python314\site-packages\starlette\routing.py:716: in __call__
    await self.middleware_stack(scope, receive, send)
..\..\AppData\Roaming\Python\Python314\site-packages\starlette\routing.py:736: in app
    await route.handle(scope, receive, send)
..\..\AppData\Roaming\Python\Python314\site-packages\starlette\routing.py:290: in handle
    await self.app(scope, receive, send)
..\..\AppData\Roaming\Python\Python314\site-packages\fastapi\routing.py:130: in app
    await wrap_app_handling_exceptions(app, request)(scope, receive, send)
..\..\AppData\Roaming\Python\Python314\site-packages\starlette\_exception_handler.py:59: in wrapped_app
    response = await handler(conn, exc)
               ^^^^^^^^^^^^^^^^^^^^^^^^
backend\main.py:167: in safe_auth_validation_error
    return await request_validation_exception_handler(request, exc)
           ^^^^^^^^^^^^^^^^^^^^^^^^^^^^^^^^^^^^^^^^^^^^^^^^^^^^^^^^
..\..\AppData\Roaming\Python\Python314\site-packages\fastapi\exception_handlers.py:23: in request_validation_exception_handler
    return JSONResponse(
..\..\AppData\Roaming\Python\Python314\site-packages\starlette\responses.py:189: in __init__
    super().__init__(content, status_code, headers, media_type, background)
..\..\AppData\Roaming\Python\Python314\site-packages\starlette\responses.py:46: in __init__
    self.body = self.render(content)
                ^^^^^^^^^^^^^^^^^^^^
..\..\AppData\Roaming\Python\Python314\site-packages\starlette\responses.py:192: in render
    return json.dumps(
C:\Python314\Lib\json\__init__.py:238: in dumps
    **kw).encode(obj)
          ^^^^^^^^^^^
C:\Python314\Lib\json\encoder.py:200: in encode
    chunks = self.iterencode(o, _one_shot=True)
             ^^^^^^^^^^^^^^^^^^^^^^^^^^^^^^^^^^
C:\Python314\Lib\json\encoder.py:261: in iterencode
    return _iterencode(o, 0)
           ^^^^^^^^^^^^^^^^^
E   ValueError: Out of range float values are not JSON compliant: nan
E   when serializing dict item 'input'
E   when serializing list item 0
E   when serializing dict item 'detail'
_ test_tiny_order_outside_the_margin_correlation_does_not_return_a_negative_price _
backend\tests\test_prepublication_regressions.py:119: in test_tiny_order_outside_the_margin_correlation_does_not_return_a_negative_price
    assert response.status_code == 422
E   assert 200 == 422
E    +  where 200 = <Response [200 OK]>.status_code
_ test_replay_refuses_nonempty_output_before_touching_frozen_evidence[reproduce_paper] _
backend\tests\test_reproduce_paper.py:93: in test_replay_refuses_nonempty_output_before_touching_frozen_evidence
    module.main()
scripts\reproduce_paper.py:242: in main
    shutil.copyfile(source, paths["price_history"])
C:\Python314\Lib\shutil.py:313: in copyfile
    with open(src, 'rb') as fsrc:
         ^^^^^^^^^^^^^^^
E   FileNotFoundError: [Errno 2] No such file or directory: 'C:\\Users\\Public\\Documents\\ESTsoft\\CreatorTemp\\pytest-of-user\\pytest-132\\test_replay_refuses_nonempty_o0\\missing.json'
---------------------------- Captured stdout call -----------------------------
wrote C:\Users\Public\Documents\ESTsoft\CreatorTemp\pytest-of-user\pytest-132\test_replay_refuses_nonempty_o0\frozen\reproduction_manifest_2026-09-07.json (failed)
_ test_replay_refuses_nonempty_output_before_touching_frozen_evidence[run_controlled_cases] _
backend\tests\test_reproduce_paper.py:93: in test_replay_refuses_nonempty_output_before_touching_frozen_evidence
    module.main()
scripts\run_controlled_cases.py:218: in main
    basis = [json.loads(path.read_text(encoding="utf-8"))["price_basis"] for path in (args.reference_basis, args.live_basis)]
                        ^^^^^^^^^^^^^^^^^^^^^^^^^^^^^^^^
C:\Python314\Lib\pathlib\__init__.py:792: in read_text
    with self.open(mode='r', encoding=encoding, errors=errors, newline=newline) as f:
         ^^^^^^^^^^^^^^^^^^^^^^^^^^^^^^^^^^^^^^^^^^^^^^^^^^^^^^^^^^^^^^^^^^^^^^
C:\Python314\Lib\pathlib\__init__.py:776: in open
    return io.open(self, mode, buffering, encoding, errors, newline)
           ^^^^^^^^^^^^^^^^^^^^^^^^^^^^^^^^^^^^^^^^^^^^^^^^^^^^^^^^^
E   FileNotFoundError: [Errno 2] No such file or directory: 'C:\\Users\\Public\\Documents\\ESTsoft\\CreatorTemp\\pytest-of-user\\pytest-132\\test_replay_refuses_nonempty_o1\\missing.json'
=========================== short test summary info ===========================
FAILED backend/tests/test_prepublication_regressions.py::test_electrode_range_uses_the_displayed_assembly_and_varies_adjunct_prices
FAILED backend/tests/test_prepublication_regressions.py::test_range_keeps_all_draws_when_order_crosses_a_scale_boundary
FAILED backend/tests/test_prepublication_regressions.py::test_recovery_range_matches_the_net_headline
FAILED backend/tests/test_prepublication_regressions.py::test_unknown_uncertainty_parameters_are_rejected_instead_of_reported_as_applied[False]
FAILED backend/tests/test_prepublication_regressions.py::test_unknown_uncertainty_parameters_are_rejected_instead_of_reported_as_applied[True]
FAILED backend/tests/test_prepublication_regressions.py::test_template_without_explicit_steps_uses_its_scale_fitted_operations
FAILED backend/tests/test_prepublication_regressions.py::test_thermal_calculation_rejects_an_electrode_template
FAILED backend/tests/test_prepublication_regressions.py::test_nonfinite_numbers_are_client_errors_and_do_not_poison_material_catalog[Infinity]
FAILED backend/tests/test_prepublication_regressions.py::test_invalid_numeric_requests_return_422[/api/calculate/quick-payload1]
FAILED backend/tests/test_prepublication_regressions.py::test_invalid_numeric_requests_return_422[/api/capex-payload2]
FAILED backend/tests/test_prepublication_regressions.py::test_invalid_numeric_requests_return_422[/api/uncertainty-payload3]
FAILED backend/tests/test_prepublication_regressions.py::test_invalid_numeric_requests_return_422[/api/compare-payload4]
FAILED backend/tests/test_prepublication_regressions.py::test_literal_nonfinite_json_gets_a_serializable_validation_error
FAILED backend/tests/test_prepublication_regressions.py::test_tiny_order_outside_the_margin_correlation_does_not_return_a_negative_price
FAILED backend/tests/test_reproduce_paper.py::test_replay_refuses_nonempty_output_before_touching_frozen_evidence[reproduce_paper]
FAILED backend/tests/test_reproduce_paper.py::test_replay_refuses_nonempty_output_before_touching_frozen_evidence[run_controlled_cases]
16 failed, 9 passed in 5.94s
