✔ optional recipes reject incomplete values, zero yield and double interpretation of percentages (0.6429ms)
✔ CSV preserves calculation scope, production assumptions and purchased-input evidence (1.7904ms)
✔ repeated operations remain distinct while order-only changes match (0.1094ms)
✔ unchecking and rechecking a repeated operation restores its count and original sequence (0.5406ms)
✔ interleaved step toggles preserve other edits and restore repeated operations after draft reload (0.1341ms)
✔ scale fitting keeps deliberate omissions and additions including an in-flight manual edit (0.1511ms)
✔ editing a chosen method never silently adopts another method with matching steps (0.0912ms)
✔ returning to a smaller scale does not reinsert a deliberately removed substituted kiln (0.0878ms)
✔ selected card identity survives identical routes and scale fitting (0.1122ms)
✔ selected method waits for current-scale steps, while manual routes stay usable (0.1026ms)
✔ fuel_cell × pem_fuel_cell_ccm defaults (4.9232ms)
✔ direct_methanol_fuel_cell × dmfc_gde_route defaults (0.1056ms)
✔ electrolyzer × pem_electrolyzer_ccm defaults (0.0613ms)
✔ electrolyzer × alkaline_electrolyzer_gde defaults (0.0501ms)
✔ AEM fuel-cell route retains existing application-family preference (0.1129ms)
✔ equal chemistry ranks prefer source scope, then quoted price, then name (0.0772ms)
✔ electrode displayed ledger uses area costs without thermal cost fields (0.3097ms)
✔ electrode CSV exports the assembly ledger without a thermal campaign or selling margin (0.3248ms)
ℹ tests 18
ℹ suites 0
ℹ pass 18
ℹ fail 0
ℹ cancelled 0
ℹ skipped 0
ℹ todo 0
ℹ duration_ms 15.0023
