
> comet@1.4.0 build
> npm run build:frontend && npm run build:backend-sidecar && npm run electron:build -- --publish never


> comet@1.4.0 build:frontend
> cd frontend && npm run build


> frontend@1.4.0 build
> tsc -b && vite build

vite v8.1.5 building client environment for production...
[2K
transforming...✓ 631 modules transformed.
rendering chunks...
computing gzip size...
dist/index.html                                      0.83 kB │ gzip:   0.42 kB
dist/assets/PretendardVariable-CJuje-Rk.woff2    2,057.68 kB
dist/assets/index-4dLGx_eP.css                      67.87 kB │ gzip:  12.26 kB
dist/assets/format-price-xyQn9blZ.js                 0.35 kB │ gzip:   0.18 kB │ map:     1.67 kB
dist/assets/calculator-session-OVC9PJVi.js           0.59 kB │ gzip:   0.28 kB │ map:     5.12 kB
dist/assets/rolldown-runtime-QTnfLwEv.js             0.69 kB │ gzip:   0.42 kB
dist/assets/recipe-inputs-CyfhZpma.js                0.69 kB │ gzip:   0.28 kB │ map:     2.25 kB
dist/assets/ScientificText-C52m6L0G.js               0.80 kB │ gzip:   0.43 kB │ map:     1.63 kB
dist/assets/ResultBreakdownPieChart-prW7Q3gN.js      0.83 kB │ gzip:   0.54 kB │ map:     2.34 kB
dist/assets/EstimateRangeBarChart-CiXCqWEE.js        1.01 kB │ gzip:   0.59 kB │ map:     2.66 kB
dist/assets/Skeleton-a7cBJvy9.js                     1.42 kB │ gzip:   0.59 kB │ map:     4.45 kB
dist/assets/FitPriceText-D6vJwrZ6.js                 1.56 kB │ gzip:   0.78 kB │ map:     4.81 kB
dist/assets/MetalCompareChart-CMxt7jih.js            1.71 kB │ gzip:   0.90 kB │ map:     5.27 kB
dist/assets/MetalTrendChart-BGbbMhiI.js              1.78 kB │ gzip:   0.89 kB │ map:     5.06 kB
dist/assets/WorkspaceSections-D9G12AR1.js            3.36 kB │ gzip:   1.51 kB │ map:     9.67 kB
dist/assets/Account-BVZMAYTy.js                      6.50 kB │ gzip:   2.27 kB │ map:    12.76 kB
dist/assets/export-csv-C6rU8IP_.js                   7.66 kB │ gzip:   2.94 kB │ map:    19.96 kB
dist/assets/CostEvidencePanel-DlbIiRxL.js           15.31 kB │ gzip:   3.89 kB │ map:    34.94 kB
dist/assets/CapEx-sxiSAfRX.js                       18.49 kB │ gzip:   4.36 kB │ map:    44.35 kB
dist/assets/Compare-DcNW0Abw.js                     18.70 kB │ gzip:   4.93 kB │ map:    42.20 kB
dist/assets/Uncertainty-VF35wWji.js                 20.69 kB │ gzip:   5.96 kB │ map:    47.58 kB
dist/assets/Library-CMEv2x5R.js                     25.00 kB │ gzip:   6.00 kB │ map:    64.72 kB
dist/assets/Prices-BPQXu1b0.js                      33.21 kB │ gzip:   8.66 kB │ map:    80.74 kB
dist/assets/CalculatorResult-DO5MSBZe.js            54.57 kB │ gzip:  12.52 kB │ map:   114.88 kB
dist/assets/i18n-Cnt0qZQX.js                        76.87 kB │ gzip:  27.90 kB │ map:   106.26 kB
dist/assets/index-DC73bC8w.js                       78.50 kB │ gzip:  24.46 kB │ map:   548.28 kB
dist/assets/Calculator-CyDPbIut.js                  92.29 kB │ gzip:  23.45 kB │ map:   239.11 kB
dist/assets/react-CC1klYW5.js                      189.64 kB │ gzip:  59.65 kB │ map:   841.37 kB
dist/assets/recharts-KlhfxoSq.js                   390.73 kB │ gzip: 111.46 kB │ map: 1,913.19 kB

✓ built in 567ms

> comet@1.4.0 build:backend-sidecar
> powershell -NoProfile -ExecutionPolicy Bypass -File scripts/build_backend_bundle.ps1

[COMET] Using Python: C:/Users/user/AppData/Local/Programs/Python/Python311/python.exe
[COMET] Building backend sidecar...
[COMET] Backend sidecar ready at build/backend-sidecar\COMETBackend

> comet@1.4.0 electron:build
> npm run desktop:stop && electron-builder build --win --publish never


> comet@1.4.0 desktop:stop
> powershell -NoProfile -ExecutionPolicy Bypass -File scripts/stop_comet_processes.ps1 -Quiet

  • electron-builder  version=26.15.3 os=10.0.26200
  • loaded configuration  file=package.json ("build" field)
  • executing @electron/rebuild  electronVersion=41.10.7 arch=x64 buildFromSource=false workspaceRoot=C:\Users\user\Desktop\COMET-autonomous-2026-09-06 projectDir=./ appDir=./
  • installing native dependencies  arch=x64
  • completed installing native dependencies
  • packaging       platform=win32 arch=x64 electron=41.10.7 appOutDir=dist-electron\win-unpacked
  • downloaded      label=electron progress=100%
  • downloaded electron zip extracted successfully  output=C:\Users\user\Desktop\COMET-autonomous-2026-09-06\dist-electron\win-unpacked
  • searching for node modules  pm=npm searchDir=C:\Users\user\Desktop\COMET-autonomous-2026-09-06
  • updating asar integrity executable resource  executablePath=dist-electron\win-unpacked\COMET.exe
  • signing with signtool.exe  path=dist-electron\win-unpacked\resources\backend-sidecar\COMETBackend.exe
  • signing with signtool.exe  path=dist-electron\win-unpacked\COMET.exe
  • building        target=nsis file=dist-electron\COMET.Setup.1.4.0.exe archs=x64 oneClick=false perMachine=false
  • signing with signtool.exe  path=dist-electron\win-unpacked\resources\elevate.exe
  • signing with signtool.exe  path=dist-electron\COMET.Setup.1.4.0.__uninstaller.exe
  • signing with signtool.exe  path=dist-electron\COMET.Setup.1.4.0.exe
  • building block map  blockMapFile=dist-electron\COMET.Setup.1.4.0.exe.blockmap

[plugin @tailwindcss/vite:generate:build] [33m[SOURCEMAP_BROKEN] [0mSourcemap is likely to be incorrect: a plugin (@tailwindcss/vite:generate:build) was used to transform files, but didn't generate a sourcemap for the transformation. Consult the plugin documentation for help: https://rolldown.rs/guide/troubleshooting#warning-sourcemap-is-likely-to-be-incorrect

392 INFO: PyInstaller: 6.19.0, contrib hooks: 2026.3
392 INFO: Python: 3.11.9
409 INFO: Platform: Windows-10-10.0.26200-SP0
409 INFO: Python environment: C:\Users\user\AppData\Local\Programs\Python\Python311
409 INFO: wrote build/pyinstaller-spec\COMETBackend.spec
732 WARNING: Failed to collect submodules for 'numpy.f2py.tests' because importing 'numpy.f2py.tests' raised: ModuleNotFoundError: No module named 'pytest'
7793 INFO: Module search paths (PYTHONPATH):
['C:\\Users\\user\\Desktop\\COMET-autonomous-2026-09-06',
 'C:\\Users\\user\\AppData\\Local\\Programs\\Python\\Python311\\python311.zip',
 'C:\\Users\\user\\AppData\\Local\\Programs\\Python\\Python311\\DLLs',
 'C:\\Users\\user\\AppData\\Local\\Programs\\Python\\Python311\\Lib',
 'C:\\Users\\user\\AppData\\Local\\Programs\\Python\\Python311',
 'C:\\Users\\user\\AppData\\Local\\Programs\\Python\\Python311\\Lib\\site-packages',
 'C:\\Users\\user\\AppData\\Local\\Programs\\Python\\Python311\\Lib\\site-packages\\win32',
 'C:\\Users\\user\\AppData\\Local\\Programs\\Python\\Python311\\Lib\\site-packages\\win32\\lib',
 'C:\\Users\\user\\AppData\\Local\\Programs\\Python\\Python311\\Lib\\site-packages\\Pythonwin',
 'C:\\Users\\user\\Desktop\\COMET-autonomous-2026-09-06']
8324 INFO: Appending 'datas' from .spec
8332 INFO: checking Analysis
8332 INFO: Building Analysis because Analysis-00.toc is non existent
8332 INFO: Looking for Python shared library...
8333 INFO: Using Python shared library: C:\Users\user\AppData\Local\Programs\Python\Python311\python311.dll
8333 INFO: Running Analysis Analysis-00.toc
8333 INFO: Target bytecode optimization level: 0
8333 INFO: Initializing module dependency graph...
8335 INFO: Initializing module graph hook caches...
8392 INFO: Analyzing modules for base_library.zip ...
9508 INFO: Processing standard module hook 'hook-heapq.py' from 'C:\\Users\\user\\AppData\\Local\\Programs\\Python\\Python311\\Lib\\site-packages\\PyInstaller\\hooks'
9628 INFO: Processing standard module hook 'hook-encodings.py' from 'C:\\Users\\user\\AppData\\Local\\Programs\\Python\\Python311\\Lib\\site-packages\\PyInstaller\\hooks'
10760 INFO: Processing standard module hook 'hook-pickle.py' from 'C:\\Users\\user\\AppData\\Local\\Programs\\Python\\Python311\\Lib\\site-packages\\PyInstaller\\hooks'
11709 INFO: Caching module dependency graph...
11743 INFO: Analyzing C:\Users\user\Desktop\COMET-autonomous-2026-09-06\backend\launcher.py
11748 INFO: Processing standard module hook 'hook-uvicorn.py' from 'C:\\Users\\user\\AppData\\Local\\Programs\\Python\\Python311\\Lib\\site-packages\\_pyinstaller_hooks_contrib\\stdhooks'
12437 INFO: Processing standard module hook 'hook-multiprocessing.util.py' from 'C:\\Users\\user\\AppData\\Local\\Programs\\Python\\Python311\\Lib\\site-packages\\PyInstaller\\hooks'
12527 INFO: Processing standard module hook 'hook-xml.py' from 'C:\\Users\\user\\AppData\\Local\\Programs\\Python\\Python311\\Lib\\site-packages\\PyInstaller\\hooks'
12681 INFO: Processing standard module hook 'hook-_ctypes.py' from 'C:\\Users\\user\\AppData\\Local\\Programs\\Python\\Python311\\Lib\\site-packages\\PyInstaller\\hooks'
13221 INFO: Processing standard module hook 'hook-platform.py' from 'C:\\Users\\user\\AppData\\Local\\Programs\\Python\\Python311\\Lib\\site-packages\\PyInstaller\\hooks'
13259 INFO: Processing pre-safe-import-module hook 'hook-typing_extensions.py' from 'C:\\Users\\user\\AppData\\Local\\Programs\\Python\\Python311\\Lib\\site-packages\\PyInstaller\\hooks\\pre_safe_import_module'
13259 INFO: SetuptoolsInfo: initializing cached setuptools info...
14297 INFO: Processing standard module hook 'hook-difflib.py' from 'C:\\Users\\user\\AppData\\Local\\Programs\\Python\\Python311\\Lib\\site-packages\\PyInstaller\\hooks'
14441 INFO: Processing standard module hook 'hook-IPython.py' from 'C:\\Users\\user\\AppData\\Local\\Programs\\Python\\Python311\\Lib\\site-packages\\_pyinstaller_hooks_contrib\\stdhooks'
17390 INFO: Processing standard module hook 'hook-pygments.py' from 'C:\\Users\\user\\AppData\\Local\\Programs\\Python\\Python311\\Lib\\site-packages\\PyInstaller\\hooks'
19002 INFO: Processing standard module hook 'hook-xml.dom.domreg.py' from 'C:\\Users\\user\\AppData\\Local\\Programs\\Python\\Python311\\Lib\\site-packages\\PyInstaller\\hooks'
19156 INFO: Processing standard module hook 'hook-numpy.py' from 'C:\\Users\\user\\AppData\\Local\\Programs\\Python\\Python311\\Lib\\site-packages\\PyInstaller\\hooks'
19855 INFO: Processing standard module hook 'hook-sysconfig.py' from 'C:\\Users\\user\\AppData\\Local\\Programs\\Python\\Python311\\Lib\\site-packages\\PyInstaller\\hooks'
20234 INFO: Processing standard module hook 'hook-psutil.py' from 'C:\\Users\\user\\AppData\\Local\\Programs\\Python\\Python311\\Lib\\site-packages\\_pyinstaller_hooks_contrib\\stdhooks'
21144 INFO: Processing standard module hook 'hook-charset_normalizer.py' from 'C:\\Users\\user\\AppData\\Local\\Programs\\Python\\Python311\\Lib\\site-packages\\_pyinstaller_hooks_contrib\\stdhooks'
22130 INFO: Processing standard module hook 'hook-wcwidth.py' from 'C:\\Users\\user\\AppData\\Local\\Programs\\Python\\Python311\\Lib\\site-packages\\PyInstaller\\hooks'
23055 INFO: Processing standard module hook 'hook-jedi.py' from 'C:\\Users\\user\\AppData\\Local\\Programs\\Python\\Python311\\Lib\\site-packages\\_pyinstaller_hooks_contrib\\stdhooks'
40741 INFO: Processing standard module hook 'hook-parso.py' from 'C:\\Users\\user\\AppData\\Local\\Programs\\Python\\Python311\\Lib\\site-packages\\_pyinstaller_hooks_contrib\\stdhooks'
41744 INFO: Processing standard module hook 'hook-sqlite3.py' from 'C:\\Users\\user\\AppData\\Local\\Programs\\Python\\Python311\\Lib\\site-packages\\PyInstaller\\hooks'
42193 INFO: Processing standard module hook 'hook-nbformat.py' from 'C:\\Users\\user\\AppData\\Local\\Programs\\Python\\Python311\\Lib\\site-packages\\_pyinstaller_hooks_contrib\\stdhooks'
42444 INFO: Processing standard module hook 'hook-jsonschema.py' from 'C:\\Users\\user\\AppData\\Local\\Programs\\Python\\Python311\\Lib\\site-packages\\_pyinstaller_hooks_contrib\\stdhooks'
43042 INFO: Processing standard module hook 'hook-jsonschema_specifications.py' from 'C:\\Users\\user\\AppData\\Local\\Programs\\Python\\Python311\\Lib\\site-packages\\_pyinstaller_hooks_contrib\\stdhooks'
43146 INFO: Processing pre-safe-import-module hook 'hook-importlib_resources.py' from 'C:\\Users\\user\\AppData\\Local\\Programs\\Python\\Python311\\Lib\\site-packages\\PyInstaller\\hooks\\pre_safe_import_module'
43173 INFO: Processing standard module hook 'hook-urllib3.py' from 'C:\\Users\\user\\AppData\\Local\\Programs\\Python\\Python311\\Lib\\site-packages\\_pyinstaller_hooks_contrib\\stdhooks'
43236 INFO: Processing pre-safe-import-module hook 'hook-backports.py' from 'C:\\Users\\user\\AppData\\Local\\Programs\\Python\\Python311\\Lib\\site-packages\\PyInstaller\\hooks\\pre_safe_import_module'
43720 INFO: Processing standard module hook 'hook-certifi.py' from 'C:\\Users\\user\\AppData\\Local\\Programs\\Python\\Python311\\Lib\\site-packages\\_pyinstaller_hooks_contrib\\stdhooks'
43894 INFO: Processing pre-safe-import-module hook 'hook-platformdirs.py' from 'C:\\Users\\user\\AppData\\Local\\Programs\\Python\\Python311\\Lib\\site-packages\\PyInstaller\\hooks\\pre_safe_import_module'
43901 INFO: Processing standard module hook 'hook-platformdirs.py' from 'C:\\Users\\user\\AppData\\Local\\Programs\\Python\\Python311\\Lib\\site-packages\\_pyinstaller_hooks_contrib\\stdhooks'
44210 INFO: Processing standard module hook 'hook-PIL.py' from 'C:\\Users\\user\\AppData\\Local\\Programs\\Python\\Python311\\Lib\\site-packages\\PyInstaller\\hooks'
44285 INFO: Processing standard module hook 'hook-PIL.Image.py' from 'C:\\Users\\user\\AppData\\Local\\Programs\\Python\\Python311\\Lib\\site-packages\\PyInstaller\\hooks'
44758 INFO: Processing standard module hook 'hook-xml.etree.cElementTree.py' from 'C:\\Users\\user\\AppData\\Local\\Programs\\Python\\Python311\\Lib\\site-packages\\PyInstaller\\hooks'
44861 INFO: Processing standard module hook 'hook-PIL.ImageFilter.py' from 'C:\\Users\\user\\AppData\\Local\\Programs\\Python\\Python311\\Lib\\site-packages\\PyInstaller\\hooks'
45059 INFO: Processing standard module hook 'hook-zmq.py' from 'C:\\Users\\user\\AppData\\Local\\Programs\\Python\\Python311\\Lib\\site-packages\\_pyinstaller_hooks_contrib\\stdhooks'
45658 INFO: Processing standard module hook 'hook-pycparser.py' from 'C:\\Users\\user\\AppData\\Local\\Programs\\Python\\Python311\\Lib\\site-packages\\_pyinstaller_hooks_contrib\\stdhooks'
45778 INFO: Processing standard module hook 'hook-setuptools.py' from 'C:\\Users\\user\\AppData\\Local\\Programs\\Python\\Python311\\Lib\\site-packages\\PyInstaller\\hooks'
45792 INFO: Processing pre-safe-import-module hook 'hook-distutils.py' from 'C:\\Users\\user\\AppData\\Local\\Programs\\Python\\Python311\\Lib\\site-packages\\PyInstaller\\hooks\\pre_safe_import_module'
45793 INFO: Processing pre-find-module-path hook 'hook-distutils.py' from 'C:\\Users\\user\\AppData\\Local\\Programs\\Python\\Python311\\Lib\\site-packages\\PyInstaller\\hooks\\pre_find_module_path'
46867 INFO: Processing standard module hook 'hook-distutils.py' from 'C:\\Users\\user\\AppData\\Local\\Programs\\Python\\Python311\\Lib\\site-packages\\PyInstaller\\hooks'
46940 INFO: Processing standard module hook 'hook-distutils.util.py' from 'C:\\Users\\user\\AppData\\Local\\Programs\\Python\\Python311\\Lib\\site-packages\\PyInstaller\\hooks'
46980 INFO: Processing standard module hook 'hook-_osx_support.py' from 'C:\\Users\\user\\AppData\\Local\\Programs\\Python\\Python311\\Lib\\site-packages\\PyInstaller\\hooks'
47066 INFO: Processing standard module hook 'hook-pkg_resources.py' from 'C:\\Users\\user\\AppData\\Local\\Programs\\Python\\Python311\\Lib\\site-packages\\PyInstaller\\hooks'
48624 INFO: Processing pre-safe-import-module hook 'hook-importlib_metadata.py' from 'C:\\Users\\user\\AppData\\Local\\Programs\\Python\\Python311\\Lib\\site-packages\\PyInstaller\\hooks\\pre_safe_import_module'
48726 INFO: Processing pre-safe-import-module hook 'hook-packaging.py' from 'C:\\Users\\user\\AppData\\Local\\Programs\\Python\\Python311\\Lib\\site-packages\\PyInstaller\\hooks\\pre_safe_import_module'
49507 INFO: Processing standard module hook 'hook-dateutil.py' from 'C:\\Users\\user\\AppData\\Local\\Programs\\Python\\Python311\\Lib\\site-packages\\_pyinstaller_hooks_contrib\\stdhooks'
49682 INFO: Processing pre-safe-import-module hook 'hook-six.moves.py' from 'C:\\Users\\user\\AppData\\Local\\Programs\\Python\\Python311\\Lib\\site-packages\\PyInstaller\\hooks\\pre_safe_import_module'
50145 INFO: Processing pre-find-module-path hook 'hook-tkinter.py' from 'C:\\Users\\user\\AppData\\Local\\Programs\\Python\\Python311\\Lib\\site-packages\\PyInstaller\\hooks\\pre_find_module_path'
50145 INFO: TclTkInfo: initializing cached Tcl/Tk info...
50927 INFO: Processing standard module hook 'hook-_tkinter.py' from 'C:\\Users\\user\\AppData\\Local\\Programs\\Python\\Python311\\Lib\\site-packages\\PyInstaller\\hooks'
50955 INFO: Processing pre-safe-import-module hook 'hook-gi.py' from 'C:\\Users\\user\\AppData\\Local\\Programs\\Python\\Python311\\Lib\\site-packages\\PyInstaller\\hooks\\pre_safe_import_module'
51098 INFO: Processing standard module hook 'hook-websockets.py' from 'C:\\Users\\user\\AppData\\Local\\Programs\\Python\\Python311\\Lib\\site-packages\\_pyinstaller_hooks_contrib\\stdhooks'
51782 INFO: Processing standard module hook 'hook-anyio.py' from 'C:\\Users\\user\\AppData\\Local\\Programs\\Python\\Python311\\Lib\\site-packages\\_pyinstaller_hooks_contrib\\stdhooks'
52655 INFO: Analyzing hidden import 'backend'
52656 INFO: Analyzing hidden import 'backend.config'
52678 INFO: Processing standard module hook 'hook-pydantic.py' from 'C:\\Users\\user\\AppData\\Local\\Programs\\Python\\Python311\\Lib\\site-packages\\_pyinstaller_hooks_contrib\\stdhooks'
53397 INFO: Processing standard module hook 'hook-rich.py' from 'C:\\Users\\user\\AppData\\Local\\Programs\\Python\\Python311\\Lib\\site-packages\\_pyinstaller_hooks_contrib\\stdhooks'
54764 INFO: Processing standard module hook 'hook-zoneinfo.py' from 'C:\\Users\\user\\AppData\\Local\\Programs\\Python\\Python311\\Lib\\site-packages\\_pyinstaller_hooks_contrib\\stdhooks'
55481 INFO: Processing pre-safe-import-module hook 'hook-tomli.py' from 'C:\\Users\\user\\AppData\\Local\\Programs\\Python\\Python311\\Lib\\site-packages\\PyInstaller\\hooks\\pre_safe_import_module'
55503 INFO: Analyzing hidden import 'backend.core'
55503 INFO: Analyzing hidden import 'backend.core.breakeven'
55518 INFO: Processing standard module hook 'hook-sqlalchemy.py' from 'C:\\Users\\user\\AppData\\Local\\Programs\\Python\\Python311\\Lib\\site-packages\\PyInstaller\\hooks'
59158 INFO: Analyzing hidden import 'backend.core.capex_opex'
59161 INFO: Analyzing hidden import 'backend.core.cost_evidence'
59169 INFO: Analyzing hidden import 'backend.core.data_rights'
59172 INFO: Analyzing hidden import 'backend.core.uncertainty'
59182 INFO: Analyzing hidden import 'backend.database'
59728 INFO: Analyzing hidden import 'backend.launcher'
59729 INFO: Analyzing hidden import 'backend.main'
59735 INFO: Processing standard module hook 'hook-apscheduler.py' from 'C:\\Users\\user\\AppData\\Local\\Programs\\Python\\Python311\\Lib\\site-packages\\_pyinstaller_hooks_contrib\\stdhooks'
60341 INFO: Analyzing hidden import 'backend.schemas.cost_result'
60355 INFO: Analyzing hidden import 'backend.schemas.metal_price'
60357 INFO: Analyzing hidden import 'backend.services.bls_updater'
60357 INFO: Analyzing hidden import 'backend.tests'
60357 INFO: Analyzing hidden import 'backend.tests.conftest'
60373 INFO: Analyzing hidden import 'backend.tests.test_api'
60445 INFO: Analyzing hidden import 'backend.tests.test_benchmark_source_fidelity'
60459 INFO: Analyzing hidden import 'backend.tests.test_benchmark_source_fidelity_expansion'
60459 INFO: Analyzing hidden import 'backend.tests.test_benchmark_support_series'
60475 INFO: Analyzing hidden import 'backend.tests.test_breakeven'
60475 INFO: Analyzing hidden import 'backend.tests.test_calculation_harness'
60475 INFO: Analyzing hidden import 'backend.tests.test_capex_api'
60475 INFO: Analyzing hidden import 'backend.tests.test_capex_opex'
60491 INFO: Analyzing hidden import 'backend.tests.test_comtrade_snapshot'
60494 INFO: Analyzing hidden import 'backend.tests.test_controlled_cases'
60509 INFO: Analyzing hidden import 'backend.tests.test_cost_engine'
60513 INFO: Analyzing hidden import 'backend.tests.test_cost_evidence'
60520 INFO: Analyzing hidden import 'backend.tests.test_costing_scope'
60521 INFO: Analyzing hidden import 'backend.tests.test_curated_library_combinations'
60527 INFO: Analyzing hidden import 'backend.tests.test_data_rights'
60529 INFO: Analyzing hidden import 'backend.tests.test_decision_engine_prices'
60531 INFO: Analyzing hidden import 'backend.tests.test_decision_robustness'
60560 INFO: Analyzing hidden import 'backend.tests.test_electrocatalyst'
60576 INFO: Analyzing hidden import 'backend.tests.test_estimate_comparison'
60581 INFO: Analyzing hidden import 'backend.tests.test_evidence_provenance'
60581 INFO: Analyzing hidden import 'backend.tests.test_external_cost_cases'
60593 INFO: Analyzing hidden import 'backend.tests.test_hosted_access'
60593 INFO: Analyzing hidden import 'backend.tests.test_hosted_backup'
60593 INFO: Analyzing hidden import 'backend.tests.test_hosted_operations'
60609 INFO: Analyzing hidden import 'backend.tests.test_hosted_subscription'
60620 INFO: Analyzing hidden import 'backend.tests.test_lca'
60622 INFO: Analyzing hidden import 'backend.tests.test_library_harness'
60626 INFO: Analyzing hidden import 'backend.tests.test_live_snapshot'
60642 INFO: Analyzing hidden import 'backend.tests.test_live_source_priority'
60642 INFO: Analyzing hidden import 'backend.tests.test_loh_anchor'
60642 INFO: Analyzing hidden import 'backend.tests.test_materials_calc'
60642 INFO: Analyzing hidden import 'backend.tests.test_mea_manufacturing'
60642 INFO: Analyzing hidden import 'backend.tests.test_paper_submission_claims'
60656 INFO: Analyzing hidden import 'backend.tests.test_performance_equivalence'
60659 INFO: Analyzing hidden import 'backend.tests.test_practical_costing'
60662 INFO: Analyzing hidden import 'backend.tests.test_prepublication_regressions'
60666 INFO: Analyzing hidden import 'backend.tests.test_price_escalation'
60668 INFO: Analyzing hidden import 'backend.tests.test_price_evidence'
60671 INFO: Analyzing hidden import 'backend.tests.test_price_fetcher'
60674 INFO: Analyzing hidden import 'backend.tests.test_price_fetcher_http'
60680 INFO: Analyzing hidden import 'backend.tests.test_price_freshness'
60682 INFO: Analyzing hidden import 'backend.tests.test_price_realism'
60686 INFO: Analyzing hidden import 'backend.tests.test_price_scheduler_guard'
60689 INFO: Analyzing hidden import 'backend.tests.test_process_energy'
60696 INFO: Analyzing hidden import 'backend.tests.test_reference_basis'
60699 INFO: Analyzing hidden import 'backend.tests.test_reference_price_evidence'
60701 INFO: Analyzing hidden import 'backend.tests.test_reproduce_paper'
60706 INFO: Analyzing hidden import 'backend.tests.test_reproducibility'
60708 INFO: Analyzing hidden import 'backend.tests.test_spent_catalyst'
60710 INFO: Analyzing hidden import 'backend.tests.test_step_method'
60713 INFO: Analyzing hidden import 'backend.tests.test_template_identity'
60715 INFO: Analyzing hidden import 'backend.tests.test_version_sync'
60716 INFO: Analyzing hidden import 'uvicorn.__main__'
60717 INFO: Analyzing hidden import 'uvicorn.lifespan'
60718 INFO: Analyzing hidden import 'uvicorn.lifespan.off'
60720 INFO: Analyzing hidden import 'uvicorn.lifespan.on'
60724 INFO: Analyzing hidden import 'uvicorn.loops'
60725 INFO: Analyzing hidden import 'uvicorn.loops.asyncio'
60727 INFO: Analyzing hidden import 'uvicorn.loops.auto'
60731 INFO: Analyzing hidden import 'uvicorn.protocols.http.auto'
60732 INFO: Analyzing hidden import 'uvicorn.protocols.websockets.auto'
60733 INFO: Analyzing hidden import 'uvicorn.workers'
60735 INFO: Analyzing hidden import 'apscheduler.executors.debug'
60735 INFO: Analyzing hidden import 'apscheduler.executors.gevent'
60744 INFO: Analyzing hidden import 'apscheduler.executors.tornado'
60744 INFO: Analyzing hidden import 'apscheduler.executors.twisted'
60748 INFO: Analyzing hidden import 'apscheduler.jobstores.etcd'
60752 INFO: Analyzing hidden import 'apscheduler.jobstores.mongodb'
60757 INFO: Analyzing hidden import 'apscheduler.jobstores.redis'
60766 INFO: Analyzing hidden import 'apscheduler.jobstores.rethinkdb'
60769 INFO: Analyzing hidden import 'apscheduler.jobstores.sqlalchemy'
60774 INFO: Analyzing hidden import 'apscheduler.jobstores.zookeeper'
60782 INFO: Analyzing hidden import 'apscheduler.schedulers.background'
60786 INFO: Analyzing hidden import 'apscheduler.schedulers.gevent'
60786 INFO: Analyzing hidden import 'apscheduler.schedulers.qt'
60790 INFO: Analyzing hidden import 'apscheduler.schedulers.tornado'
60790 INFO: Analyzing hidden import 'apscheduler.schedulers.twisted'
60795 INFO: Analyzing hidden import 'apscheduler.triggers.calendarinterval'
60798 INFO: Analyzing hidden import 'apscheduler.triggers.combining'
60801 INFO: Analyzing hidden import 'apscheduler.triggers.cron'
60817 INFO: Analyzing hidden import 'apscheduler.triggers.date'
60820 INFO: Analyzing hidden import 'apscheduler.triggers.interval'
60822 INFO: Analyzing hidden import 'sqlmodel.default'
60824 INFO: Analyzing hidden import 'sqlmodel.ext'
60824 INFO: Analyzing hidden import 'sqlmodel.ext.asyncio'
60826 INFO: Analyzing hidden import 'sqlmodel.ext.asyncio.session'
60831 INFO: Analyzing hidden import 'sqlmodel.pool'
60832 INFO: Analyzing hidden import 'sqlalchemy.connectors.aioodbc'
60841 INFO: Analyzing hidden import 'sqlalchemy.dialects._typing'
60842 INFO: Analyzing hidden import 'sqlalchemy.dialects.mssql'
60963 INFO: Analyzing hidden import 'sqlalchemy.dialects.mssql.provision'
60968 INFO: Analyzing hidden import 'sqlalchemy.dialects.mysql'
61084 INFO: Analyzing hidden import 'sqlalchemy.dialects.mysql.provision'
61093 INFO: Analyzing hidden import 'sqlalchemy.dialects.oracle'
61257 INFO: Analyzing hidden import 'sqlalchemy.dialects.oracle.provision'
61263 INFO: Analyzing hidden import 'sqlalchemy.dialects.postgresql'
61423 INFO: Analyzing hidden import 'sqlalchemy.dialects.postgresql.provision'
61428 INFO: Analyzing hidden import 'sqlalchemy.dialects.sqlite'
61538 INFO: Analyzing hidden import 'sqlalchemy.dialects.sqlite.provision'
61542 INFO: Analyzing hidden import 'sqlalchemy.engine.strategies'
61543 INFO: Analyzing hidden import 'sqlalchemy.events'
61543 INFO: Analyzing hidden import 'sqlalchemy.ext.associationproxy'
61568 INFO: Analyzing hidden import 'sqlalchemy.ext.automap'
61591 INFO: Analyzing hidden import 'sqlalchemy.ext.baked'
61598 INFO: Analyzing hidden import 'sqlalchemy.ext.declarative'
61606 INFO: Analyzing hidden import 'sqlalchemy.ext.horizontal_shard'
61612 INFO: Analyzing hidden import 'sqlalchemy.ext.hybrid'
61621 INFO: Analyzing hidden import 'sqlalchemy.ext.indexable'
61625 INFO: Analyzing hidden import 'sqlalchemy.ext.instrumentation'
61629 INFO: Analyzing hidden import 'sqlalchemy.ext.mutable'
61637 INFO: Analyzing hidden import 'sqlalchemy.ext.mypy'
61641 INFO: Analyzing hidden import 'sqlalchemy.ext.mypy.apply'
61667 INFO: Analyzing hidden import 'sqlalchemy.ext.mypy.decl_class'
61672 INFO: Analyzing hidden import 'sqlalchemy.ext.mypy.plugin'
61677 INFO: Analyzing hidden import 'sqlalchemy.ext.orderinglist'
61681 INFO: Analyzing hidden import 'sqlalchemy.ext.serializer'
61686 INFO: Analyzing hidden import 'sqlalchemy.testing'
61982 INFO: Analyzing hidden import 'sqlalchemy.testing.pickleable'
61982 INFO: Analyzing hidden import 'sqlalchemy.testing.plugin.bootstrap'
61982 INFO: Analyzing hidden import 'sqlalchemy.testing.plugin.pytestplugin'
61999 INFO: Analyzing hidden import 'sqlalchemy.testing.suite'
62274 INFO: Analyzing hidden import 'sqlalchemy.util.tool_support'
62276 INFO: Analyzing hidden import 'pydantic.class_validators'
62276 INFO: Analyzing hidden import 'pydantic.datetime_parse'
62276 INFO: Analyzing hidden import 'pydantic.decorator'
62276 INFO: Analyzing hidden import 'pydantic.deprecated.decorator'
62284 INFO: Analyzing hidden import 'pydantic.env_settings'
62284 INFO: Analyzing hidden import 'pydantic.error_wrappers'
62284 INFO: Analyzing hidden import 'pydantic.experimental'
62290 INFO: Analyzing hidden import 'pydantic.experimental.arguments_schema'
62293 INFO: Analyzing hidden import 'pydantic.experimental.missing_sentinel'
62294 INFO: Analyzing hidden import 'pydantic.experimental.pipeline'
62307 INFO: Analyzing hidden import 'pydantic.generics'
62308 INFO: Analyzing hidden import 'pydantic.json'
62308 INFO: Analyzing hidden import 'pydantic.mypy'
62366 INFO: Analyzing hidden import 'pydantic.parse'
62366 INFO: Analyzing hidden import 'pydantic.schema'
62366 INFO: Analyzing hidden import 'pydantic.tools'
62366 INFO: Analyzing hidden import 'pydantic.typing'
62366 INFO: Analyzing hidden import 'pydantic.utils'
62366 INFO: Analyzing hidden import 'pydantic.v1._hypothesis_plugin'
62395 INFO: Analyzing hidden import 'pydantic.v1.generics'
62401 INFO: Analyzing hidden import 'pydantic.v1.mypy'
62409 INFO: Analyzing hidden import 'pydantic.validators'
62409 INFO: Analyzing hidden import 'numpy._configtool'
62409 INFO: Analyzing hidden import 'numpy._core._exceptions'
62409 INFO: Analyzing hidden import 'numpy._core._multiarray_tests'
62422 INFO: Analyzing hidden import 'numpy._core._operand_flag_tests'
62422 INFO: Analyzing hidden import 'numpy._core._rational_tests'
62423 INFO: Analyzing hidden import 'numpy._core._simd'
62423 INFO: Analyzing hidden import 'numpy._core._struct_ufunc_tests'
62426 INFO: Analyzing hidden import 'numpy._core._umath_tests'
62426 INFO: Analyzing hidden import 'numpy._core.cversions'
62432 INFO: Analyzing hidden import 'numpy._pyinstaller'
62432 INFO: Analyzing hidden import 'numpy._pyinstaller.hook-numpy'
62454 INFO: Processing standard module hook 'hook-win32ctypes.core.py' from 'C:\\Users\\user\\AppData\\Local\\Programs\\Python\\Python311\\Lib\\site-packages\\PyInstaller\\hooks'
63754 INFO: Analyzing hidden import 'numpy._typing._extended_precision'
63758 INFO: Analyzing hidden import 'numpy._utils._pep440'
63764 INFO: Analyzing hidden import 'numpy.conftest'
63767 INFO: Analyzing hidden import 'numpy.core._dtype'
63767 INFO: Analyzing hidden import 'numpy.core._dtype_ctypes'
63767 INFO: Analyzing hidden import 'numpy.core._internal'
63776 INFO: Analyzing hidden import 'numpy.core._multiarray_umath'
63776 INFO: Analyzing hidden import 'numpy.core.arrayprint'
63779 INFO: Analyzing hidden import 'numpy.core.defchararray'
63779 INFO: Analyzing hidden import 'numpy.core.einsumfunc'
63779 INFO: Analyzing hidden import 'numpy.core.fromnumeric'
63779 INFO: Analyzing hidden import 'numpy.core.function_base'
63783 INFO: Analyzing hidden import 'numpy.core.getlimits'
63785 INFO: Analyzing hidden import 'numpy.core.multiarray'
63785 INFO: Analyzing hidden import 'numpy.core.numeric'
63785 INFO: Analyzing hidden import 'numpy.core.numerictypes'
63789 INFO: Analyzing hidden import 'numpy.core.overrides'
63789 INFO: Analyzing hidden import 'numpy.core.records'
63791 INFO: Analyzing hidden import 'numpy.core.shape_base'
63792 INFO: Analyzing hidden import 'numpy.core.umath'
63792 INFO: Analyzing hidden import 'numpy.distutils'
64149 INFO: Analyzing hidden import 'numpy.distutils.armccompiler'
64149 INFO: Analyzing hidden import 'numpy.distutils.fcompiler.absoft'
64153 INFO: Analyzing hidden import 'numpy.distutils.fcompiler.arm'
64155 INFO: Analyzing hidden import 'numpy.distutils.fcompiler.compaq'
64162 INFO: Analyzing hidden import 'numpy.distutils.fcompiler.fujitsu'
64164 INFO: Analyzing hidden import 'numpy.distutils.fcompiler.g95'
64167 INFO: Analyzing hidden import 'numpy.distutils.fcompiler.gnu'
64175 INFO: Analyzing hidden import 'numpy.distutils.fcompiler.hpux'
64176 INFO: Analyzing hidden import 'numpy.distutils.fcompiler.ibm'
64181 INFO: Analyzing hidden import 'numpy.distutils.fcompiler.intel'
64185 INFO: Analyzing hidden import 'numpy.distutils.fcompiler.lahey'
64187 INFO: Analyzing hidden import 'numpy.distutils.fcompiler.mips'
64190 INFO: Analyzing hidden import 'numpy.distutils.fcompiler.nag'
64192 INFO: Analyzing hidden import 'numpy.distutils.fcompiler.none'
64192 INFO: Analyzing hidden import 'numpy.distutils.fcompiler.nv'
64195 INFO: Analyzing hidden import 'numpy.distutils.fcompiler.pathf95'
64195 INFO: Analyzing hidden import 'numpy.distutils.fcompiler.pg'
64200 INFO: Analyzing hidden import 'numpy.distutils.fcompiler.sun'
64202 INFO: Analyzing hidden import 'numpy.distutils.fcompiler.vast'
64204 INFO: Analyzing hidden import 'numpy.distutils.fujitsuccompiler'
64207 INFO: Analyzing hidden import 'numpy.distutils.intelccompiler'
64210 INFO: Analyzing hidden import 'numpy.distutils.line_endings'
64215 INFO: Analyzing hidden import 'numpy.distutils.pathccompiler'
64215 INFO: Analyzing hidden import 'numpy.distutils.tests'
64217 INFO: Analyzing hidden import 'numpy.distutils.tests.test_build_ext'
64221 INFO: Analyzing hidden import 'numpy.distutils.tests.test_ccompiler_opt'
64233 INFO: Analyzing hidden import 'numpy.distutils.tests.test_ccompiler_opt_conf'
64237 INFO: Analyzing hidden import 'numpy.distutils.tests.test_exec_command'
64293 INFO: Analyzing hidden import 'numpy.distutils.tests.test_fcompiler'
64306 INFO: Analyzing hidden import 'numpy.distutils.tests.test_fcompiler_gnu'
64308 INFO: Analyzing hidden import 'numpy.distutils.tests.test_fcompiler_intel'
64310 INFO: Analyzing hidden import 'numpy.distutils.tests.test_fcompiler_nagfor'
64310 INFO: Analyzing hidden import 'numpy.distutils.tests.test_from_template'
64310 INFO: Analyzing hidden import 'numpy.distutils.tests.test_log'
64310 INFO: Analyzing hidden import 'numpy.distutils.tests.test_mingw32ccompiler'
64310 INFO: Analyzing hidden import 'numpy.distutils.tests.test_misc_util'
64320 INFO: Analyzing hidden import 'numpy.distutils.tests.test_npy_pkg_config'
64320 INFO: Analyzing hidden import 'numpy.distutils.tests.test_shell_utils'
64325 INFO: Analyzing hidden import 'numpy.distutils.tests.test_system_info'
64327 INFO: Analyzing hidden import 'numpy.f2py.__main__'
64333 INFO: Analyzing hidden import 'numpy.f2py._src_pyf'
64333 INFO: Analyzing hidden import 'numpy.fft.tests'
64338 INFO: Analyzing hidden import 'numpy.fft.tests.test_helper'
64344 INFO: Analyzing hidden import 'numpy.fft.tests.test_pocketfft'
64356 INFO: Analyzing hidden import 'numpy.lib._user_array_impl'
64356 INFO: Analyzing hidden import 'numpy.lib.tests'
64356 INFO: Analyzing hidden import 'numpy.lib.tests.test__datasource'
64372 INFO: Analyzing hidden import 'numpy.lib.tests.test__iotools'
64380 INFO: Analyzing hidden import 'numpy.lib.tests.test__version'
64380 INFO: Analyzing hidden import 'numpy.lib.tests.test_array_utils'
64380 INFO: Analyzing hidden import 'numpy.lib.tests.test_arraypad'
64409 INFO: Analyzing hidden import 'numpy.lib.tests.test_arraysetops'
64458 INFO: Analyzing hidden import 'numpy.lib.tests.test_arrayterator'
64477 INFO: Analyzing hidden import 'numpy.lib.tests.test_format'
64491 INFO: Analyzing hidden import 'numpy.lib.tests.test_function_base'
64659 INFO: Analyzing hidden import 'numpy.lib.tests.test_histograms'
64687 INFO: Analyzing hidden import 'numpy.lib.tests.test_index_tricks'
64699 INFO: Analyzing hidden import 'numpy.lib.tests.test_io'
64826 INFO: Analyzing hidden import 'numpy.lib.tests.test_loadtxt'
64854 INFO: Analyzing hidden import 'numpy.lib.tests.test_mixins'
64860 INFO: Analyzing hidden import 'numpy.lib.tests.test_nanfunctions'
64894 INFO: Analyzing hidden import 'numpy.lib.tests.test_packbits'
64910 INFO: Analyzing hidden import 'numpy.lib.tests.test_polynomial'
64926 INFO: Analyzing hidden import 'numpy.lib.tests.test_recfunctions'
64989 INFO: Analyzing hidden import 'numpy.lib.tests.test_regression'
65012 INFO: Analyzing hidden import 'numpy.lib.tests.test_shape_base'
65029 INFO: Analyzing hidden import 'numpy.lib.tests.test_stride_tricks'
65058 INFO: Analyzing hidden import 'numpy.lib.tests.test_twodim_base'
65076 INFO: Analyzing hidden import 'numpy.lib.tests.test_type_check'
65099 INFO: Analyzing hidden import 'numpy.lib.tests.test_ufunclike'
65099 INFO: Analyzing hidden import 'numpy.lib.tests.test_utils'
65099 INFO: Analyzing hidden import 'numpy.lib.user_array'
65099 INFO: Analyzing hidden import 'numpy.linalg.lapack_lite'
65110 INFO: Analyzing hidden import 'numpy.linalg.tests'
65110 INFO: Analyzing hidden import 'numpy.linalg.tests.test_deprecations'
65110 INFO: Analyzing hidden import 'numpy.linalg.tests.test_linalg'
65167 INFO: Analyzing hidden import 'numpy.linalg.tests.test_regression'
65174 INFO: Analyzing hidden import 'numpy.ma.tests'
65174 INFO: Analyzing hidden import 'numpy.ma.tests.test_arrayobject'
65176 INFO: Analyzing hidden import 'numpy.ma.tests.test_core'
65426 INFO: Analyzing hidden import 'numpy.ma.tests.test_deprecations'
65441 INFO: Analyzing hidden import 'numpy.ma.tests.test_extras'
65475 INFO: Analyzing hidden import 'numpy.ma.tests.test_mrecords'
65508 INFO: Analyzing hidden import 'numpy.ma.tests.test_old_ma'
65547 INFO: Analyzing hidden import 'numpy.ma.tests.test_regression'
65559 INFO: Analyzing hidden import 'numpy.ma.tests.test_subclassing'
65569 INFO: Analyzing hidden import 'numpy.matrixlib.tests'
65569 INFO: Analyzing hidden import 'numpy.matrixlib.tests.test_defmatrix'
65576 INFO: Analyzing hidden import 'numpy.matrixlib.tests.test_interaction'
65592 INFO: Analyzing hidden import 'numpy.matrixlib.tests.test_masked_matrix'
65598 INFO: Analyzing hidden import 'numpy.matrixlib.tests.test_matrix_linalg'
65600 INFO: Analyzing hidden import 'numpy.matrixlib.tests.test_multiarray'
65603 INFO: Analyzing hidden import 'numpy.matrixlib.tests.test_numeric'
65605 INFO: Analyzing hidden import 'numpy.matrixlib.tests.test_regression'
65605 INFO: Analyzing hidden import 'numpy.polynomial.tests'
65608 INFO: Analyzing hidden import 'numpy.polynomial.tests.test_chebyshev'
65624 INFO: Analyzing hidden import 'numpy.polynomial.tests.test_classes'
65676 INFO: Analyzing hidden import 'numpy.polynomial.tests.test_hermite'
65702 INFO: Analyzing hidden import 'numpy.polynomial.tests.test_hermite_e'
65715 INFO: Analyzing hidden import 'numpy.polynomial.tests.test_laguerre'
65726 INFO: Analyzing hidden import 'numpy.polynomial.tests.test_legendre'
65743 INFO: Analyzing hidden import 'numpy.polynomial.tests.test_polynomial'
65755 INFO: Analyzing hidden import 'numpy.polynomial.tests.test_polyutils'
65765 INFO: Analyzing hidden import 'numpy.polynomial.tests.test_printing'
65775 INFO: Analyzing hidden import 'numpy.polynomial.tests.test_symbol'
65782 INFO: Analyzing hidden import 'numpy.random.tests'
65783 INFO: Analyzing hidden import 'numpy.random.tests.data'
65783 INFO: Analyzing hidden import 'numpy.random.tests.test_direct'
65799 INFO: Analyzing hidden import 'numpy.random.tests.test_extending'
65814 INFO: Analyzing hidden import 'numpy.random.tests.test_generator_mt19937'
65943 INFO: Analyzing hidden import 'numpy.random.tests.test_generator_mt19937_regressions'
65960 INFO: Analyzing hidden import 'numpy.random.tests.test_random'
65997 INFO: Analyzing hidden import 'numpy.random.tests.test_randomstate'
66051 INFO: Analyzing hidden import 'numpy.random.tests.test_randomstate_regression'
66058 INFO: Analyzing hidden import 'numpy.random.tests.test_regression'
66058 INFO: Analyzing hidden import 'numpy.random.tests.test_seed_sequence'
66074 INFO: Analyzing hidden import 'numpy.random.tests.test_smoke'
66094 INFO: Analyzing hidden import 'numpy.testing.print_coercion_tables'
66102 INFO: Analyzing hidden import 'numpy.testing.tests'
66104 INFO: Analyzing hidden import 'numpy.testing.tests.test_utils'
66193 INFO: Analyzing hidden import 'numpy.tests'
66195 INFO: Analyzing hidden import 'numpy.tests.test__all__'
66197 INFO: Analyzing hidden import 'numpy.tests.test_configtool'
66203 INFO: Analyzing hidden import 'numpy.tests.test_ctypeslib'
66213 INFO: Analyzing hidden import 'numpy.tests.test_lazyloading'
66214 INFO: Analyzing hidden import 'numpy.tests.test_matlib'
66217 INFO: Analyzing hidden import 'numpy.tests.test_numpy_config'
66219 INFO: Analyzing hidden import 'numpy.tests.test_numpy_version'
66219 INFO: Analyzing hidden import 'numpy.tests.test_public_api'
66229 INFO: Analyzing hidden import 'numpy.tests.test_reloading'
66233 INFO: Analyzing hidden import 'numpy.tests.test_scripts'
66235 INFO: Analyzing hidden import 'numpy.tests.test_warnings'
66235 INFO: Analyzing hidden import 'numpy.typing.mypy_plugin'
66238 INFO: Analyzing hidden import 'numpy.typing.tests'
66238 INFO: Analyzing hidden import 'numpy.typing.tests.test_isfile'
66238 INFO: Analyzing hidden import 'numpy.typing.tests.test_runtime'
66247 INFO: Analyzing hidden import 'numpy.typing.tests.test_typing'
66251 INFO: Processing module hooks (post-graph stage)...
66329 WARNING: Hidden import "pycparser.lextab" not found!
66329 WARNING: Hidden import "pycparser.yacctab" not found!
66831 INFO: Processing standard module hook 'hook-PIL.SpiderImagePlugin.py' from 'C:\\Users\\user\\AppData\\Local\\Programs\\Python\\Python311\\Lib\\site-packages\\PyInstaller\\hooks'
66869 INFO: Processing pre-safe-import-module hook 'hook-win32com.py' from 'C:\\Users\\user\\AppData\\Local\\Programs\\Python\\Python311\\Lib\\site-packages\\_pyinstaller_hooks_contrib\\pre_safe_import_module'
66986 INFO: Processing standard module hook 'hook-win32com.py' from 'C:\\Users\\user\\AppData\\Local\\Programs\\Python\\Python311\\Lib\\site-packages\\_pyinstaller_hooks_contrib\\stdhooks'
66986 INFO: Processing standard module hook 'hook-pythoncom.py' from 'C:\\Users\\user\\AppData\\Local\\Programs\\Python\\Python311\\Lib\\site-packages\\_pyinstaller_hooks_contrib\\stdhooks'
67109 INFO: Processing standard module hook 'hook-pywintypes.py' from 'C:\\Users\\user\\AppData\\Local\\Programs\\Python\\Python311\\Lib\\site-packages\\_pyinstaller_hooks_contrib\\stdhooks'
67607 INFO: Processing standard module hook 'hook-jinja2.py' from 'C:\\Users\\user\\AppData\\Local\\Programs\\Python\\Python311\\Lib\\site-packages\\_pyinstaller_hooks_contrib\\stdhooks'
69408 INFO: Processing standard module hook 'hook-setuptools._vendor.importlib_metadata.py' from 'C:\\Users\\user\\AppData\\Local\\Programs\\Python\\Python311\\Lib\\site-packages\\PyInstaller\\hooks'
69503 INFO: Processing standard module hook 'hook-setuptools._vendor.jaraco.text.py' from 'C:\\Users\\user\\AppData\\Local\\Programs\\Python\\Python311\\Lib\\site-packages\\PyInstaller\\hooks'
70056 INFO: Processing standard module hook 'hook-sqlalchemy.py' from 'C:\\Users\\user\\AppData\\Local\\Programs\\Python\\Python311\\Lib\\site-packages\\PyInstaller\\hooks'
70534 WARNING: Hidden import "MySQLdb" not found!
70576 INFO: Processing standard module hook 'hook-_tkinter.py' from 'C:\\Users\\user\\AppData\\Local\\Programs\\Python\\Python311\\Lib\\site-packages\\PyInstaller\\hooks'
70576 INFO: Processing standard module hook 'hook-tzdata.py' from 'C:\\Users\\user\\AppData\\Local\\Programs\\Python\\Python311\\Lib\\site-packages\\_pyinstaller_hooks_contrib\\stdhooks'
72078 INFO: Performing binary vs. data reclassification (7231 entries)
75818 INFO: Looking for ctypes DLLs
76073 INFO: Analyzing run-time hooks ...
76084 INFO: Including run-time hook 'pyi_rth_inspect.py' from 'C:\\Users\\user\\AppData\\Local\\Programs\\Python\\Python311\\Lib\\site-packages\\PyInstaller\\hooks\\rthooks'
76095 INFO: Including run-time hook 'pyi_rth_pkgutil.py' from 'C:\\Users\\user\\AppData\\Local\\Programs\\Python\\Python311\\Lib\\site-packages\\PyInstaller\\hooks\\rthooks'
76096 INFO: Including run-time hook 'pyi_rth_multiprocessing.py' from 'C:\\Users\\user\\AppData\\Local\\Programs\\Python\\Python311\\Lib\\site-packages\\PyInstaller\\hooks\\rthooks'
76096 INFO: Including run-time hook 'pyi_rth_setuptools.py' from 'C:\\Users\\user\\AppData\\Local\\Programs\\Python\\Python311\\Lib\\site-packages\\PyInstaller\\hooks\\rthooks'
76096 INFO: Including run-time hook 'pyi_rth_pkgres.py' from 'C:\\Users\\user\\AppData\\Local\\Programs\\Python\\Python311\\Lib\\site-packages\\PyInstaller\\hooks\\rthooks'
76105 INFO: Including run-time hook 'pyi_rth_pywintypes.py' from 'C:\\Users\\user\\AppData\\Local\\Programs\\Python\\Python311\\Lib\\site-packages\\_pyinstaller_hooks_contrib\\rthooks'
76105 INFO: Including run-time hook 'pyi_rth_pythoncom.py' from 'C:\\Users\\user\\AppData\\Local\\Programs\\Python\\Python311\\Lib\\site-packages\\_pyinstaller_hooks_contrib\\rthooks'
76105 INFO: Including run-time hook 'pyi_rth_traitlets.py' from 'C:\\Users\\user\\AppData\\Local\\Programs\\Python\\Python311\\Lib\\site-packages\\_pyinstaller_hooks_contrib\\rthooks'
76105 INFO: Including run-time hook 'pyi_rth__tkinter.py' from 'C:\\Users\\user\\AppData\\Local\\Programs\\Python\\Python311\\Lib\\site-packages\\PyInstaller\\hooks\\rthooks'
76292 INFO: Creating base_library.zip...
76315 INFO: Looking for dynamic libraries
0.01s - Debugger warning: It seems that frozen modules are being used, which may
0.00s - make the debugger miss breakpoints. Please pass -Xfrozen_modules=off
0.00s - to python to disable frozen modules.
0.00s - Note: Debugging will proceed. Set PYDEVD_DISABLE_FILE_VALIDATION=1 to disable this validation.
80347 INFO: Extra DLL search directories (AddDllDirectory): ['C:\\Users\\user\\AppData\\Local\\Programs\\Python\\Python311\\Lib\\site-packages\\numpy.libs']
80347 INFO: Extra DLL search directories (PATH): []
83704 INFO: Warnings written to C:\Users\user\Desktop\COMET-autonomous-2026-09-06\build\pyinstaller-work\COMETBackend\warn-COMETBackend.txt
83886 INFO: Graph cross-reference written to C:\Users\user\Desktop\COMET-autonomous-2026-09-06\build\pyinstaller-work\COMETBackend\xref-COMETBackend.html
84027 INFO: checking PYZ
84027 INFO: Building PYZ because PYZ-00.toc is non existent
84027 INFO: Building PYZ (ZlibArchive) C:\Users\user\Desktop\COMET-autonomous-2026-09-06\build\pyinstaller-work\COMETBackend\PYZ-00.pyz
85642 INFO: Building PYZ (ZlibArchive) C:\Users\user\Desktop\COMET-autonomous-2026-09-06\build\pyinstaller-work\COMETBackend\PYZ-00.pyz completed successfully.
85676 INFO: checking PKG
85676 INFO: Building PKG because PKG-00.toc is non existent
85676 INFO: Building PKG (CArchive) COMETBackend.pkg
85726 INFO: Building PKG (CArchive) COMETBackend.pkg completed successfully.
85727 INFO: Bootloader C:\Users\user\AppData\Local\Programs\Python\Python311\Lib\site-packages\PyInstaller\bootloader\Windows-64bit-intel\run.exe
85727 INFO: checking EXE
85727 INFO: Building EXE because EXE-00.toc is non existent
85727 INFO: Building EXE from EXE-00.toc
85729 INFO: Copying bootloader EXE to C:\Users\user\Desktop\COMET-autonomous-2026-09-06\build\pyinstaller-work\COMETBackend\COMETBackend.exe
85848 INFO: Copying icon to EXE
85907 INFO: Copying 0 resources to EXE
85907 INFO: Embedding manifest in EXE
85955 INFO: Appending PKG archive to EXE
85970 INFO: Fixing EXE headers
86126 INFO: Building EXE from EXE-00.toc completed successfully.
86157 INFO: checking COLLECT
86158 INFO: Building COLLECT because COLLECT-00.toc is non existent
86158 INFO: Building COLLECT COLLECT-00.toc
105965 INFO: Building COLLECT COLLECT-00.toc completed successfully.
106060 INFO: Build complete! The results are available in: C:\Users\user\Desktop\COMET-autonomous-2026-09-06\build\backend-sidecar
