
> frontend@1.4.0 build
> tsc -b && vite build

vite v8.1.5 building client environment for production...
[2K
transforming...✓ 631 modules transformed.
rendering chunks...
computing gzip size...
dist/index.html                                      0.83 kB │ gzip:   0.42 kB
dist/assets/PretendardVariable-CJuje-Rk.woff2    2,057.68 kB
dist/assets/index-4dLGx_eP.css                      67.87 kB │ gzip:  12.26 kB
dist/assets/format-price-xyQn9blZ.js                 0.35 kB │ gzip:   0.18 kB │ map:     1.67 kB
dist/assets/calculator-session-OVC9PJVi.js           0.59 kB │ gzip:   0.28 kB │ map:     5.12 kB
dist/assets/rolldown-runtime-QTnfLwEv.js             0.69 kB │ gzip:   0.42 kB
dist/assets/recipe-inputs-CyfhZpma.js                0.69 kB │ gzip:   0.28 kB │ map:     2.25 kB
dist/assets/ScientificText-v65YOZri.js               0.80 kB │ gzip:   0.43 kB │ map:     1.63 kB
dist/assets/ResultBreakdownPieChart-CIHyg2j1.js      0.83 kB │ gzip:   0.54 kB │ map:     2.34 kB
dist/assets/EstimateRangeBarChart-B8TjKVFr.js        1.01 kB │ gzip:   0.59 kB │ map:     2.66 kB
dist/assets/Skeleton-a7cBJvy9.js                     1.42 kB │ gzip:   0.59 kB │ map:     4.45 kB
dist/assets/FitPriceText-D6vJwrZ6.js                 1.56 kB │ gzip:   0.78 kB │ map:     4.81 kB
dist/assets/MetalCompareChart-BWJ0gjHR.js            1.71 kB │ gzip:   0.90 kB │ map:     5.27 kB
dist/assets/MetalTrendChart-ChK5wOCb.js              1.78 kB │ gzip:   0.89 kB │ map:     5.06 kB
dist/assets/WorkspaceSections-hTvwqHEg.js            3.36 kB │ gzip:   1.51 kB │ map:     9.67 kB
dist/assets/Account-DnBby-VO.js                      6.50 kB │ gzip:   2.27 kB │ map:    12.76 kB
dist/assets/export-csv-DWq4ENEl.js                   7.66 kB │ gzip:   2.94 kB │ map:    19.96 kB
dist/assets/CostEvidencePanel-BoC_Iex3.js           15.31 kB │ gzip:   3.88 kB │ map:    34.94 kB
dist/assets/CapEx-Zs36c9GV.js                       18.49 kB │ gzip:   4.36 kB │ map:    44.35 kB
dist/assets/Compare-C6c8nXXT.js                     18.70 kB │ gzip:   4.93 kB │ map:    42.20 kB
dist/assets/Uncertainty-DNQxVvbI.js                 20.69 kB │ gzip:   5.96 kB │ map:    47.58 kB
dist/assets/Library-Ng4qnKab.js                     25.00 kB │ gzip:   6.00 kB │ map:    64.72 kB
dist/assets/Prices-CrEaqhKY.js                      33.21 kB │ gzip:   8.67 kB │ map:    80.74 kB
dist/assets/CalculatorResult-CZMelZOW.js            54.57 kB │ gzip:  12.52 kB │ map:   114.88 kB
dist/assets/i18n-BAlSqEdv.js                        76.82 kB │ gzip:  27.88 kB │ map:   106.19 kB
dist/assets/index-BAXBY0hy.js                       78.50 kB │ gzip:  24.45 kB │ map:   548.28 kB
dist/assets/Calculator-SgOMZjc3.js                  92.29 kB │ gzip:  23.44 kB │ map:   239.11 kB
dist/assets/react-CC1klYW5.js                      189.64 kB │ gzip:  59.65 kB │ map:   841.37 kB
dist/assets/recharts-KlhfxoSq.js                   390.73 kB │ gzip: 111.46 kB │ map: 1,913.19 kB

✓ built in 411ms

[plugin @tailwindcss/vite:generate:build] [33m[SOURCEMAP_BROKEN] [0mSourcemap is likely to be incorrect: a plugin (@tailwindcss/vite:generate:build) was used to transform files, but didn't generate a sourcemap for the transformation. Consult the plugin documentation for help: https://rolldown.rs/guide/troubleshooting#warning-sourcemap-is-likely-to-be-incorrect
