✔ hosted identity changes clear private drafts, preserve preferences and invalidate responses (2.0929ms)
✔ optional recipes reject incomplete values, zero yield and double interpretation of percentages (0.6171ms)
✔ CSV preserves calculation scope, production assumptions and purchased-input evidence (1.8558ms)
✔ repeated operations remain distinct while order-only changes match (0.1556ms)
✔ unchecking and rechecking a repeated operation restores its count and original sequence (0.5758ms)
✔ interleaved step toggles preserve other edits and restore repeated operations after draft reload (0.1418ms)
✔ scale fitting keeps deliberate omissions and additions including an in-flight manual edit (0.1794ms)
✔ editing a chosen method never silently adopts another method with matching steps (0.1219ms)
✔ returning to a smaller scale does not reinsert a deliberately removed substituted kiln (0.1076ms)
✔ selected card identity survives identical routes and scale fitting (0.1511ms)
✔ selected method waits for current-scale steps, while manual routes stay usable (0.1308ms)
✔ fuel_cell × pem_fuel_cell_ccm defaults (5.1449ms)
✔ direct_methanol_fuel_cell × dmfc_gde_route defaults (0.109ms)
✔ electrolyzer × pem_electrolyzer_ccm defaults (0.0557ms)
✔ electrolyzer × alkaline_electrolyzer_gde defaults (0.0478ms)
✔ AEM fuel-cell route retains existing application-family preference (0.0797ms)
✔ equal chemistry ranks prefer source scope, then quoted price, then name (0.0991ms)
✔ electrode displayed ledger uses area costs without thermal cost fields (0.1412ms)
✔ electrode CSV exports the assembly ledger without a thermal campaign or selling margin (0.3113ms)
✔ range preserves precursor consumption, purchase evidence, throughput, consumables and template identity (1.1105ms)
✔ range rejects incomplete recipes, zero retention, missing production evidence and incomplete wash inputs (0.3008ms)
✔ old thermal drafts retain nominal throughput, balanced support and legacy recovery defaults (0.1157ms)
✔ split support retains each fraction and each optional recipe instead of auto-balancing one row (0.125ms)
✔ electrode range preserves its manufacturing scenario and material stack without thermal additions (0.1186ms)
✔ the real range handler passes the currently selected reference price basis with the full draft input (3.4029ms)
✔ electrode area prices never receive the kg/lb conversion used by thermal ranges (1.5453ms)
✔ range CSV keeps area baseline, metric, seed and failed-run disclosure (2.9555ms)
✔ CSV treats formula-like user labels as quoted text without changing numeric values (1.0024ms)
✔ stoichiometry, repeated groups and hydrate coefficients have distinct positions (1.529ms)
✔ fractional and variable stoichiometry are not mistaken for powers or model numbers (0.1221ms)
✔ ionic charge, zero-valent metals and explicitly identified isotope mass are superscripts (0.1918ms)
✔ area, volume, inverse units and numerical powers use superscripts (0.1873ms)
✔ URLs, DOI, identifiers, product grades and source ambiguities remain intact (0.1362ms)
✔ formatting is idempotent and search accepts displayed subscripts and powers (0.4425ms)
ℹ tests 34
ℹ suites 0
ℹ pass 34
ℹ fail 0
ℹ cancelled 0
ℹ skipped 0
ℹ todo 0
ℹ duration_ms 355.4614
