
> comet@1.4.0 build
> npm run build:frontend && npm run build:backend-sidecar && npm run electron:build -- --publish never


> comet@1.4.0 build:frontend
> cd frontend && npm run build


> frontend@1.4.0 build
> tsc -b && vite build

vite v8.1.5 building client environment for production...
[2K
transforming...✓ 631 modules transformed.
rendering chunks...
computing gzip size...
dist/index.html                                      0.83 kB │ gzip:   0.42 kB
dist/assets/PretendardVariable-CJuje-Rk.woff2    2,057.68 kB
dist/assets/index-4dLGx_eP.css                      67.87 kB │ gzip:  12.26 kB
dist/assets/format-price-xyQn9blZ.js                 0.35 kB │ gzip:   0.18 kB │ map:     1.67 kB
dist/assets/calculator-session-OVC9PJVi.js           0.59 kB │ gzip:   0.28 kB │ map:     5.12 kB
dist/assets/rolldown-runtime-QTnfLwEv.js             0.69 kB │ gzip:   0.42 kB
dist/assets/recipe-inputs-CyfhZpma.js                0.69 kB │ gzip:   0.28 kB │ map:     2.25 kB
dist/assets/ScientificText-6DsLtQvI.js               0.80 kB │ gzip:   0.43 kB │ map:     1.63 kB
dist/assets/ResultBreakdownPieChart-CJ-Wo8oJ.js      0.83 kB │ gzip:   0.54 kB │ map:     2.34 kB
dist/assets/EstimateRangeBarChart-CkuWw1pf.js        1.01 kB │ gzip:   0.59 kB │ map:     2.66 kB
dist/assets/Skeleton-a7cBJvy9.js                     1.42 kB │ gzip:   0.59 kB │ map:     4.45 kB
dist/assets/FitPriceText-D6vJwrZ6.js                 1.56 kB │ gzip:   0.78 kB │ map:     4.81 kB
dist/assets/MetalCompareChart-C5pK81FX.js            1.71 kB │ gzip:   0.90 kB │ map:     5.27 kB
dist/assets/MetalTrendChart-DFX3fciS.js              1.78 kB │ gzip:   0.89 kB │ map:     5.06 kB
dist/assets/WorkspaceSections-BqC7Yclb.js            3.36 kB │ gzip:   1.51 kB │ map:     9.67 kB
dist/assets/Account-tS14VUUK.js                      6.50 kB │ gzip:   2.27 kB │ map:    12.76 kB
dist/assets/export-csv-BbPdxbLz.js                   7.66 kB │ gzip:   2.94 kB │ map:    19.96 kB
dist/assets/CostEvidencePanel-D1JIAXZB.js           15.31 kB │ gzip:   3.88 kB │ map:    34.94 kB
dist/assets/CapEx-pZO-Ekch.js                       18.62 kB │ gzip:   4.40 kB │ map:    43.58 kB
dist/assets/Compare-DKa-xylg.js                     18.70 kB │ gzip:   4.93 kB │ map:    42.20 kB
dist/assets/Uncertainty-CgROFEvA.js                 20.69 kB │ gzip:   5.96 kB │ map:    47.58 kB
dist/assets/Library-j1TBeI_A.js                     25.00 kB │ gzip:   6.00 kB │ map:    64.72 kB
dist/assets/Prices-DeX6ZIIw.js                      33.21 kB │ gzip:   8.67 kB │ map:    80.74 kB
dist/assets/CalculatorResult-BC1Ui04i.js            54.78 kB │ gzip:  12.60 kB │ map:   112.68 kB
dist/assets/i18n-BSP2iIM8.js                        78.12 kB │ gzip:  28.44 kB │ map:   105.28 kB
dist/assets/index-DzfRpEln.js                       78.97 kB │ gzip:  24.70 kB │ map:   549.17 kB
dist/assets/Calculator-D7WSWqRd.js                  92.29 kB │ gzip:  23.45 kB │ map:   239.11 kB
dist/assets/react-CC1klYW5.js                      189.64 kB │ gzip:  59.65 kB │ map:   841.37 kB
dist/assets/recharts-KlhfxoSq.js                   390.73 kB │ gzip: 111.46 kB │ map: 1,913.19 kB

✓ built in 403ms

> comet@1.4.0 build:backend-sidecar
> powershell -NoProfile -ExecutionPolicy Bypass -File scripts/build_backend_bundle.ps1

[COMET] Using Python: C:/Users/user/AppData/Local/Programs/Python/Python311/python.exe
[COMET] Building backend sidecar...
[COMET] Backend sidecar ready at build/backend-sidecar\COMETBackend

> comet@1.4.0 electron:build
> npm run desktop:stop && electron-builder build --win --publish never


> comet@1.4.0 desktop:stop
> powershell -NoProfile -ExecutionPolicy Bypass -File scripts/stop_comet_processes.ps1 -Quiet

  • electron-builder  version=26.15.3 os=10.0.26200
  • loaded configuration  file=package.json ("build" field)
  • executing @electron/rebuild  electronVersion=41.10.7 arch=x64 buildFromSource=false workspaceRoot=C:\Users\user\Desktop\COMET-autonomous-2026-09-06 projectDir=./ appDir=./
  • installing native dependencies  arch=x64
  • completed installing native dependencies
  • packaging       platform=win32 arch=x64 electron=41.10.7 appOutDir=dist-electron\win-unpacked
  • downloaded      label=electron progress=100%
  • downloaded electron zip extracted successfully  output=C:\Users\user\Desktop\COMET-autonomous-2026-09-06\dist-electron\win-unpacked
  • searching for node modules  pm=npm searchDir=C:\Users\user\Desktop\COMET-autonomous-2026-09-06
  • updating asar integrity executable resource  executablePath=dist-electron\win-unpacked\COMET.exe
  • signing with signtool.exe  path=dist-electron\win-unpacked\resources\backend-sidecar\COMETBackend.exe
  • signing with signtool.exe  path=dist-electron\win-unpacked\COMET.exe
  • building        target=nsis file=dist-electron\COMET.Setup.1.4.0.exe archs=x64 oneClick=false perMachine=false
  • signing with signtool.exe  path=dist-electron\win-unpacked\resources\elevate.exe
  • signing with signtool.exe  path=dist-electron\COMET.Setup.1.4.0.__uninstaller.exe
  • signing with signtool.exe  path=dist-electron\COMET.Setup.1.4.0.exe
  • building block map  blockMapFile=dist-electron\COMET.Setup.1.4.0.exe.blockmap

[plugin @tailwindcss/vite:generate:build] [33m[SOURCEMAP_BROKEN] [0mSourcemap is likely to be incorrect: a plugin (@tailwindcss/vite:generate:build) was used to transform files, but didn't generate a sourcemap for the transformation. Consult the plugin documentation for help: https://rolldown.rs/guide/troubleshooting#warning-sourcemap-is-likely-to-be-incorrect

354 INFO: PyInstaller: 6.19.0, contrib hooks: 2026.3
354 INFO: Python: 3.11.9
371 INFO: Platform: Windows-10-10.0.26200-SP0
371 INFO: Python environment: C:\Users\user\AppData\Local\Programs\Python\Python311
373 INFO: wrote build/pyinstaller-spec\COMETBackend.spec
690 WARNING: Failed to collect submodules for 'numpy.f2py.tests' because importing 'numpy.f2py.tests' raised: ModuleNotFoundError: No module named 'pytest'
7449 INFO: Module search paths (PYTHONPATH):
['C:\\Users\\user\\Desktop\\COMET-autonomous-2026-09-06',
 'C:\\Users\\user\\AppData\\Local\\Programs\\Python\\Python311\\python311.zip',
 'C:\\Users\\user\\AppData\\Local\\Programs\\Python\\Python311\\DLLs',
 'C:\\Users\\user\\AppData\\Local\\Programs\\Python\\Python311\\Lib',
 'C:\\Users\\user\\AppData\\Local\\Programs\\Python\\Python311',
 'C:\\Users\\user\\AppData\\Local\\Programs\\Python\\Python311\\Lib\\site-packages',
 'C:\\Users\\user\\AppData\\Local\\Programs\\Python\\Python311\\Lib\\site-packages\\win32',
 'C:\\Users\\user\\AppData\\Local\\Programs\\Python\\Python311\\Lib\\site-packages\\win32\\lib',
 'C:\\Users\\user\\AppData\\Local\\Programs\\Python\\Python311\\Lib\\site-packages\\Pythonwin',
 'C:\\Users\\user\\Desktop\\COMET-autonomous-2026-09-06']
7929 INFO: Appending 'datas' from .spec
7942 INFO: checking Analysis
7943 INFO: Building Analysis because Analysis-00.toc is non existent
7943 INFO: Looking for Python shared library...
7943 INFO: Using Python shared library: C:\Users\user\AppData\Local\Programs\Python\Python311\python311.dll
7943 INFO: Running Analysis Analysis-00.toc
7943 INFO: Target bytecode optimization level: 0
7943 INFO: Initializing module dependency graph...
7948 INFO: Initializing module graph hook caches...
8030 INFO: Analyzing modules for base_library.zip ...
9222 INFO: Processing standard module hook 'hook-encodings.py' from 'C:\\Users\\user\\AppData\\Local\\Programs\\Python\\Python311\\Lib\\site-packages\\PyInstaller\\hooks'
9897 INFO: Processing standard module hook 'hook-heapq.py' from 'C:\\Users\\user\\AppData\\Local\\Programs\\Python\\Python311\\Lib\\site-packages\\PyInstaller\\hooks'
10974 INFO: Processing standard module hook 'hook-pickle.py' from 'C:\\Users\\user\\AppData\\Local\\Programs\\Python\\Python311\\Lib\\site-packages\\PyInstaller\\hooks'
12158 INFO: Caching module dependency graph...
12193 INFO: Analyzing C:\Users\user\Desktop\COMET-autonomous-2026-09-06\backend\launcher.py
12200 INFO: Processing standard module hook 'hook-uvicorn.py' from 'C:\\Users\\user\\AppData\\Local\\Programs\\Python\\Python311\\Lib\\site-packages\\_pyinstaller_hooks_contrib\\stdhooks'
12964 INFO: Processing standard module hook 'hook-multiprocessing.util.py' from 'C:\\Users\\user\\AppData\\Local\\Programs\\Python\\Python311\\Lib\\site-packages\\PyInstaller\\hooks'
13082 INFO: Processing standard module hook 'hook-xml.py' from 'C:\\Users\\user\\AppData\\Local\\Programs\\Python\\Python311\\Lib\\site-packages\\PyInstaller\\hooks'
13282 INFO: Processing standard module hook 'hook-_ctypes.py' from 'C:\\Users\\user\\AppData\\Local\\Programs\\Python\\Python311\\Lib\\site-packages\\PyInstaller\\hooks'
13955 INFO: Processing standard module hook 'hook-platform.py' from 'C:\\Users\\user\\AppData\\Local\\Programs\\Python\\Python311\\Lib\\site-packages\\PyInstaller\\hooks'
14016 INFO: Processing pre-safe-import-module hook 'hook-typing_extensions.py' from 'C:\\Users\\user\\AppData\\Local\\Programs\\Python\\Python311\\Lib\\site-packages\\PyInstaller\\hooks\\pre_safe_import_module'
14021 INFO: SetuptoolsInfo: initializing cached setuptools info...
15130 INFO: Processing standard module hook 'hook-difflib.py' from 'C:\\Users\\user\\AppData\\Local\\Programs\\Python\\Python311\\Lib\\site-packages\\PyInstaller\\hooks'
15347 INFO: Processing standard module hook 'hook-IPython.py' from 'C:\\Users\\user\\AppData\\Local\\Programs\\Python\\Python311\\Lib\\site-packages\\_pyinstaller_hooks_contrib\\stdhooks'
18727 INFO: Processing standard module hook 'hook-pygments.py' from 'C:\\Users\\user\\AppData\\Local\\Programs\\Python\\Python311\\Lib\\site-packages\\PyInstaller\\hooks'
20307 INFO: Processing standard module hook 'hook-xml.dom.domreg.py' from 'C:\\Users\\user\\AppData\\Local\\Programs\\Python\\Python311\\Lib\\site-packages\\PyInstaller\\hooks'
20467 INFO: Processing standard module hook 'hook-numpy.py' from 'C:\\Users\\user\\AppData\\Local\\Programs\\Python\\Python311\\Lib\\site-packages\\PyInstaller\\hooks'
21360 INFO: Processing standard module hook 'hook-sysconfig.py' from 'C:\\Users\\user\\AppData\\Local\\Programs\\Python\\Python311\\Lib\\site-packages\\PyInstaller\\hooks'
21634 INFO: Processing standard module hook 'hook-psutil.py' from 'C:\\Users\\user\\AppData\\Local\\Programs\\Python\\Python311\\Lib\\site-packages\\_pyinstaller_hooks_contrib\\stdhooks'
22585 INFO: Processing standard module hook 'hook-charset_normalizer.py' from 'C:\\Users\\user\\AppData\\Local\\Programs\\Python\\Python311\\Lib\\site-packages\\_pyinstaller_hooks_contrib\\stdhooks'
23623 INFO: Processing standard module hook 'hook-wcwidth.py' from 'C:\\Users\\user\\AppData\\Local\\Programs\\Python\\Python311\\Lib\\site-packages\\PyInstaller\\hooks'
24655 INFO: Processing standard module hook 'hook-jedi.py' from 'C:\\Users\\user\\AppData\\Local\\Programs\\Python\\Python311\\Lib\\site-packages\\_pyinstaller_hooks_contrib\\stdhooks'
47573 INFO: Processing standard module hook 'hook-parso.py' from 'C:\\Users\\user\\AppData\\Local\\Programs\\Python\\Python311\\Lib\\site-packages\\_pyinstaller_hooks_contrib\\stdhooks'
48734 INFO: Processing standard module hook 'hook-sqlite3.py' from 'C:\\Users\\user\\AppData\\Local\\Programs\\Python\\Python311\\Lib\\site-packages\\PyInstaller\\hooks'
49113 INFO: Processing standard module hook 'hook-nbformat.py' from 'C:\\Users\\user\\AppData\\Local\\Programs\\Python\\Python311\\Lib\\site-packages\\_pyinstaller_hooks_contrib\\stdhooks'
49441 INFO: Processing standard module hook 'hook-jsonschema.py' from 'C:\\Users\\user\\AppData\\Local\\Programs\\Python\\Python311\\Lib\\site-packages\\_pyinstaller_hooks_contrib\\stdhooks'
50152 INFO: Processing standard module hook 'hook-jsonschema_specifications.py' from 'C:\\Users\\user\\AppData\\Local\\Programs\\Python\\Python311\\Lib\\site-packages\\_pyinstaller_hooks_contrib\\stdhooks'
50272 INFO: Processing pre-safe-import-module hook 'hook-importlib_resources.py' from 'C:\\Users\\user\\AppData\\Local\\Programs\\Python\\Python311\\Lib\\site-packages\\PyInstaller\\hooks\\pre_safe_import_module'
50307 INFO: Processing standard module hook 'hook-urllib3.py' from 'C:\\Users\\user\\AppData\\Local\\Programs\\Python\\Python311\\Lib\\site-packages\\_pyinstaller_hooks_contrib\\stdhooks'
50382 INFO: Processing pre-safe-import-module hook 'hook-backports.py' from 'C:\\Users\\user\\AppData\\Local\\Programs\\Python\\Python311\\Lib\\site-packages\\PyInstaller\\hooks\\pre_safe_import_module'
50620 INFO: Processing standard module hook 'hook-certifi.py' from 'C:\\Users\\user\\AppData\\Local\\Programs\\Python\\Python311\\Lib\\site-packages\\_pyinstaller_hooks_contrib\\stdhooks'
50813 INFO: Processing pre-safe-import-module hook 'hook-platformdirs.py' from 'C:\\Users\\user\\AppData\\Local\\Programs\\Python\\Python311\\Lib\\site-packages\\PyInstaller\\hooks\\pre_safe_import_module'
50823 INFO: Processing standard module hook 'hook-platformdirs.py' from 'C:\\Users\\user\\AppData\\Local\\Programs\\Python\\Python311\\Lib\\site-packages\\_pyinstaller_hooks_contrib\\stdhooks'
51185 INFO: Processing standard module hook 'hook-PIL.py' from 'C:\\Users\\user\\AppData\\Local\\Programs\\Python\\Python311\\Lib\\site-packages\\PyInstaller\\hooks'
51245 INFO: Processing standard module hook 'hook-PIL.Image.py' from 'C:\\Users\\user\\AppData\\Local\\Programs\\Python\\Python311\\Lib\\site-packages\\PyInstaller\\hooks'
51717 INFO: Processing standard module hook 'hook-xml.etree.cElementTree.py' from 'C:\\Users\\user\\AppData\\Local\\Programs\\Python\\Python311\\Lib\\site-packages\\PyInstaller\\hooks'
51825 INFO: Processing standard module hook 'hook-PIL.ImageFilter.py' from 'C:\\Users\\user\\AppData\\Local\\Programs\\Python\\Python311\\Lib\\site-packages\\PyInstaller\\hooks'
52041 INFO: Processing standard module hook 'hook-zmq.py' from 'C:\\Users\\user\\AppData\\Local\\Programs\\Python\\Python311\\Lib\\site-packages\\_pyinstaller_hooks_contrib\\stdhooks'
52712 INFO: Processing standard module hook 'hook-pycparser.py' from 'C:\\Users\\user\\AppData\\Local\\Programs\\Python\\Python311\\Lib\\site-packages\\_pyinstaller_hooks_contrib\\stdhooks'
52847 INFO: Processing standard module hook 'hook-setuptools.py' from 'C:\\Users\\user\\AppData\\Local\\Programs\\Python\\Python311\\Lib\\site-packages\\PyInstaller\\hooks'
52855 INFO: Processing pre-safe-import-module hook 'hook-distutils.py' from 'C:\\Users\\user\\AppData\\Local\\Programs\\Python\\Python311\\Lib\\site-packages\\PyInstaller\\hooks\\pre_safe_import_module'
52857 INFO: Processing pre-find-module-path hook 'hook-distutils.py' from 'C:\\Users\\user\\AppData\\Local\\Programs\\Python\\Python311\\Lib\\site-packages\\PyInstaller\\hooks\\pre_find_module_path'
54188 INFO: Processing standard module hook 'hook-distutils.py' from 'C:\\Users\\user\\AppData\\Local\\Programs\\Python\\Python311\\Lib\\site-packages\\PyInstaller\\hooks'
54229 INFO: Processing standard module hook 'hook-distutils.util.py' from 'C:\\Users\\user\\AppData\\Local\\Programs\\Python\\Python311\\Lib\\site-packages\\PyInstaller\\hooks'
54258 INFO: Processing standard module hook 'hook-_osx_support.py' from 'C:\\Users\\user\\AppData\\Local\\Programs\\Python\\Python311\\Lib\\site-packages\\PyInstaller\\hooks'
54397 INFO: Processing standard module hook 'hook-pkg_resources.py' from 'C:\\Users\\user\\AppData\\Local\\Programs\\Python\\Python311\\Lib\\site-packages\\PyInstaller\\hooks'
55899 INFO: Processing pre-safe-import-module hook 'hook-importlib_metadata.py' from 'C:\\Users\\user\\AppData\\Local\\Programs\\Python\\Python311\\Lib\\site-packages\\PyInstaller\\hooks\\pre_safe_import_module'
55970 INFO: Processing pre-safe-import-module hook 'hook-packaging.py' from 'C:\\Users\\user\\AppData\\Local\\Programs\\Python\\Python311\\Lib\\site-packages\\PyInstaller\\hooks\\pre_safe_import_module'
56848 INFO: Processing standard module hook 'hook-dateutil.py' from 'C:\\Users\\user\\AppData\\Local\\Programs\\Python\\Python311\\Lib\\site-packages\\_pyinstaller_hooks_contrib\\stdhooks'
57030 INFO: Processing pre-safe-import-module hook 'hook-six.moves.py' from 'C:\\Users\\user\\AppData\\Local\\Programs\\Python\\Python311\\Lib\\site-packages\\PyInstaller\\hooks\\pre_safe_import_module'
57673 INFO: Processing pre-find-module-path hook 'hook-tkinter.py' from 'C:\\Users\\user\\AppData\\Local\\Programs\\Python\\Python311\\Lib\\site-packages\\PyInstaller\\hooks\\pre_find_module_path'
57677 INFO: TclTkInfo: initializing cached Tcl/Tk info...
58608 INFO: Processing standard module hook 'hook-_tkinter.py' from 'C:\\Users\\user\\AppData\\Local\\Programs\\Python\\Python311\\Lib\\site-packages\\PyInstaller\\hooks'
58637 INFO: Processing pre-safe-import-module hook 'hook-gi.py' from 'C:\\Users\\user\\AppData\\Local\\Programs\\Python\\Python311\\Lib\\site-packages\\PyInstaller\\hooks\\pre_safe_import_module'
58839 INFO: Processing standard module hook 'hook-websockets.py' from 'C:\\Users\\user\\AppData\\Local\\Programs\\Python\\Python311\\Lib\\site-packages\\_pyinstaller_hooks_contrib\\stdhooks'
59517 INFO: Processing standard module hook 'hook-anyio.py' from 'C:\\Users\\user\\AppData\\Local\\Programs\\Python\\Python311\\Lib\\site-packages\\_pyinstaller_hooks_contrib\\stdhooks'
60387 INFO: Analyzing hidden import 'backend'
60388 INFO: Analyzing hidden import 'backend.config'
60413 INFO: Processing standard module hook 'hook-pydantic.py' from 'C:\\Users\\user\\AppData\\Local\\Programs\\Python\\Python311\\Lib\\site-packages\\_pyinstaller_hooks_contrib\\stdhooks'
61153 INFO: Processing standard module hook 'hook-rich.py' from 'C:\\Users\\user\\AppData\\Local\\Programs\\Python\\Python311\\Lib\\site-packages\\_pyinstaller_hooks_contrib\\stdhooks'
62792 INFO: Processing standard module hook 'hook-zoneinfo.py' from 'C:\\Users\\user\\AppData\\Local\\Programs\\Python\\Python311\\Lib\\site-packages\\_pyinstaller_hooks_contrib\\stdhooks'
63646 INFO: Processing pre-safe-import-module hook 'hook-tomli.py' from 'C:\\Users\\user\\AppData\\Local\\Programs\\Python\\Python311\\Lib\\site-packages\\PyInstaller\\hooks\\pre_safe_import_module'
63678 INFO: Analyzing hidden import 'backend.core'
63679 INFO: Analyzing hidden import 'backend.core.breakeven'
63697 INFO: Processing standard module hook 'hook-sqlalchemy.py' from 'C:\\Users\\user\\AppData\\Local\\Programs\\Python\\Python311\\Lib\\site-packages\\PyInstaller\\hooks'
67726 INFO: Analyzing hidden import 'backend.core.capex_opex'
67730 INFO: Analyzing hidden import 'backend.core.cost_evidence'
67738 INFO: Analyzing hidden import 'backend.core.data_rights'
67741 INFO: Analyzing hidden import 'backend.core.uncertainty'
67754 INFO: Analyzing hidden import 'backend.database'
68394 INFO: Analyzing hidden import 'backend.launcher'
68395 INFO: Analyzing hidden import 'backend.main'
68402 INFO: Processing standard module hook 'hook-apscheduler.py' from 'C:\\Users\\user\\AppData\\Local\\Programs\\Python\\Python311\\Lib\\site-packages\\_pyinstaller_hooks_contrib\\stdhooks'
69053 INFO: Analyzing hidden import 'backend.schemas.cost_result'
69056 INFO: Analyzing hidden import 'backend.schemas.metal_price'
69057 INFO: Analyzing hidden import 'backend.services.bls_updater'
69059 INFO: Analyzing hidden import 'backend.tests'
69060 INFO: Analyzing hidden import 'backend.tests.conftest'
69080 INFO: Analyzing hidden import 'backend.tests.test_api'
69182 INFO: Analyzing hidden import 'backend.tests.test_benchmark_source_fidelity'
69187 INFO: Analyzing hidden import 'backend.tests.test_benchmark_source_fidelity_expansion'
69191 INFO: Analyzing hidden import 'backend.tests.test_benchmark_support_series'
69194 INFO: Analyzing hidden import 'backend.tests.test_breakeven'
69201 INFO: Analyzing hidden import 'backend.tests.test_calculation_harness'
69210 INFO: Analyzing hidden import 'backend.tests.test_capex_api'
69213 INFO: Analyzing hidden import 'backend.tests.test_capex_opex'
69215 INFO: Analyzing hidden import 'backend.tests.test_comtrade_snapshot'
69219 INFO: Analyzing hidden import 'backend.tests.test_controlled_cases'
69235 INFO: Analyzing hidden import 'backend.tests.test_cost_engine'
69238 INFO: Analyzing hidden import 'backend.tests.test_cost_evidence'
69245 INFO: Analyzing hidden import 'backend.tests.test_costing_scope'
69248 INFO: Analyzing hidden import 'backend.tests.test_curated_library_combinations'
69254 INFO: Analyzing hidden import 'backend.tests.test_data_rights'
69257 INFO: Analyzing hidden import 'backend.tests.test_decision_engine_prices'
69260 INFO: Analyzing hidden import 'backend.tests.test_decision_robustness'
69304 INFO: Analyzing hidden import 'backend.tests.test_electrocatalyst'
69309 INFO: Analyzing hidden import 'backend.tests.test_estimate_comparison'
69318 INFO: Analyzing hidden import 'backend.tests.test_evidence_provenance'
69322 INFO: Analyzing hidden import 'backend.tests.test_external_cost_cases'
69327 INFO: Analyzing hidden import 'backend.tests.test_hosted_access'
69338 INFO: Analyzing hidden import 'backend.tests.test_hosted_backup'
69347 INFO: Analyzing hidden import 'backend.tests.test_hosted_operations'
69351 INFO: Analyzing hidden import 'backend.tests.test_hosted_subscription'
69362 INFO: Analyzing hidden import 'backend.tests.test_lca'
69366 INFO: Analyzing hidden import 'backend.tests.test_library_harness'
69372 INFO: Analyzing hidden import 'backend.tests.test_live_snapshot'
69392 INFO: Analyzing hidden import 'backend.tests.test_live_source_priority'
69397 INFO: Analyzing hidden import 'backend.tests.test_loh_anchor'
69402 INFO: Analyzing hidden import 'backend.tests.test_materials_calc'
69405 INFO: Analyzing hidden import 'backend.tests.test_mea_manufacturing'
69408 INFO: Analyzing hidden import 'backend.tests.test_paper_submission_claims'
69409 INFO: Analyzing hidden import 'backend.tests.test_performance_equivalence'
69412 INFO: Analyzing hidden import 'backend.tests.test_practical_costing'
69417 INFO: Analyzing hidden import 'backend.tests.test_prepublication_regressions'
69421 INFO: Analyzing hidden import 'backend.tests.test_price_escalation'
69424 INFO: Analyzing hidden import 'backend.tests.test_price_evidence'
69428 INFO: Analyzing hidden import 'backend.tests.test_price_fetcher'
69431 INFO: Analyzing hidden import 'backend.tests.test_price_fetcher_http'
69439 INFO: Analyzing hidden import 'backend.tests.test_price_freshness'
69442 INFO: Analyzing hidden import 'backend.tests.test_price_realism'
69447 INFO: Analyzing hidden import 'backend.tests.test_price_scheduler_guard'
69449 INFO: Analyzing hidden import 'backend.tests.test_process_energy'
69454 INFO: Analyzing hidden import 'backend.tests.test_reference_basis'
69458 INFO: Analyzing hidden import 'backend.tests.test_reference_price_evidence'
69460 INFO: Analyzing hidden import 'backend.tests.test_reproduce_paper'
69465 INFO: Analyzing hidden import 'backend.tests.test_reproducibility'
69468 INFO: Analyzing hidden import 'backend.tests.test_spent_catalyst'
69470 INFO: Analyzing hidden import 'backend.tests.test_step_method'
69474 INFO: Analyzing hidden import 'backend.tests.test_template_identity'
69475 INFO: Analyzing hidden import 'backend.tests.test_version_sync'
69477 INFO: Analyzing hidden import 'uvicorn.__main__'
69478 INFO: Analyzing hidden import 'uvicorn.lifespan'
69480 INFO: Analyzing hidden import 'uvicorn.lifespan.off'
69483 INFO: Analyzing hidden import 'uvicorn.lifespan.on'
69488 INFO: Analyzing hidden import 'uvicorn.loops'
69489 INFO: Analyzing hidden import 'uvicorn.loops.asyncio'
69491 INFO: Analyzing hidden import 'uvicorn.loops.auto'
69497 INFO: Analyzing hidden import 'uvicorn.protocols.http.auto'
69498 INFO: Analyzing hidden import 'uvicorn.protocols.websockets.auto'
69500 INFO: Analyzing hidden import 'uvicorn.workers'
69507 INFO: Analyzing hidden import 'apscheduler.executors.debug'
69508 INFO: Analyzing hidden import 'apscheduler.executors.gevent'
69513 INFO: Analyzing hidden import 'apscheduler.executors.tornado'
69516 INFO: Analyzing hidden import 'apscheduler.executors.twisted'
69517 INFO: Analyzing hidden import 'apscheduler.jobstores.etcd'
69524 INFO: Analyzing hidden import 'apscheduler.jobstores.mongodb'
69533 INFO: Analyzing hidden import 'apscheduler.jobstores.redis'
69541 INFO: Analyzing hidden import 'apscheduler.jobstores.rethinkdb'
69548 INFO: Analyzing hidden import 'apscheduler.jobstores.sqlalchemy'
69556 INFO: Analyzing hidden import 'apscheduler.jobstores.zookeeper'
69564 INFO: Analyzing hidden import 'apscheduler.schedulers.background'
69568 INFO: Analyzing hidden import 'apscheduler.schedulers.gevent'
69571 INFO: Analyzing hidden import 'apscheduler.schedulers.qt'
69574 INFO: Analyzing hidden import 'apscheduler.schedulers.tornado'
69578 INFO: Analyzing hidden import 'apscheduler.schedulers.twisted'
69583 INFO: Analyzing hidden import 'apscheduler.triggers.calendarinterval'
69587 INFO: Analyzing hidden import 'apscheduler.triggers.combining'
69591 INFO: Analyzing hidden import 'apscheduler.triggers.cron'
69608 INFO: Analyzing hidden import 'apscheduler.triggers.date'
69610 INFO: Analyzing hidden import 'apscheduler.triggers.interval'
69614 INFO: Analyzing hidden import 'sqlmodel.default'
69616 INFO: Analyzing hidden import 'sqlmodel.ext'
69618 INFO: Analyzing hidden import 'sqlmodel.ext.asyncio'
69620 INFO: Analyzing hidden import 'sqlmodel.ext.asyncio.session'
69625 INFO: Analyzing hidden import 'sqlmodel.pool'
69627 INFO: Analyzing hidden import 'sqlalchemy.connectors.aioodbc'
69639 INFO: Analyzing hidden import 'sqlalchemy.dialects._typing'
69642 INFO: Analyzing hidden import 'sqlalchemy.dialects.mssql'
69770 INFO: Analyzing hidden import 'sqlalchemy.dialects.mssql.provision'
69776 INFO: Analyzing hidden import 'sqlalchemy.dialects.mysql'
69922 INFO: Analyzing hidden import 'sqlalchemy.dialects.mysql.provision'
69927 INFO: Analyzing hidden import 'sqlalchemy.dialects.oracle'
70097 INFO: Analyzing hidden import 'sqlalchemy.dialects.oracle.provision'
70105 INFO: Analyzing hidden import 'sqlalchemy.dialects.postgresql'
70295 INFO: Analyzing hidden import 'sqlalchemy.dialects.postgresql.provision'
70300 INFO: Analyzing hidden import 'sqlalchemy.dialects.sqlite'
70420 INFO: Analyzing hidden import 'sqlalchemy.dialects.sqlite.provision'
70426 INFO: Analyzing hidden import 'sqlalchemy.engine.strategies'
70428 INFO: Analyzing hidden import 'sqlalchemy.events'
70430 INFO: Analyzing hidden import 'sqlalchemy.ext.associationproxy'
70463 INFO: Analyzing hidden import 'sqlalchemy.ext.automap'
70477 INFO: Analyzing hidden import 'sqlalchemy.ext.baked'
70486 INFO: Analyzing hidden import 'sqlalchemy.ext.declarative'
70497 INFO: Analyzing hidden import 'sqlalchemy.ext.horizontal_shard'
70506 INFO: Analyzing hidden import 'sqlalchemy.ext.hybrid'
70517 INFO: Analyzing hidden import 'sqlalchemy.ext.indexable'
70522 INFO: Analyzing hidden import 'sqlalchemy.ext.instrumentation'
70529 INFO: Analyzing hidden import 'sqlalchemy.ext.mutable'
70544 INFO: Analyzing hidden import 'sqlalchemy.ext.mypy'
70546 INFO: Analyzing hidden import 'sqlalchemy.ext.mypy.apply'
70577 INFO: Analyzing hidden import 'sqlalchemy.ext.mypy.decl_class'
70584 INFO: Analyzing hidden import 'sqlalchemy.ext.mypy.plugin'
70590 INFO: Analyzing hidden import 'sqlalchemy.ext.orderinglist'
70596 INFO: Analyzing hidden import 'sqlalchemy.ext.serializer'
70601 INFO: Analyzing hidden import 'sqlalchemy.testing'
70956 INFO: Analyzing hidden import 'sqlalchemy.testing.pickleable'
70960 INFO: Analyzing hidden import 'sqlalchemy.testing.plugin.bootstrap'
70962 INFO: Analyzing hidden import 'sqlalchemy.testing.plugin.pytestplugin'
70982 INFO: Analyzing hidden import 'sqlalchemy.testing.suite'
71315 INFO: Analyzing hidden import 'sqlalchemy.util.tool_support'
71321 INFO: Analyzing hidden import 'pydantic.class_validators'
71322 INFO: Analyzing hidden import 'pydantic.datetime_parse'
71324 INFO: Analyzing hidden import 'pydantic.decorator'
71325 INFO: Analyzing hidden import 'pydantic.deprecated.decorator'
71333 INFO: Analyzing hidden import 'pydantic.env_settings'
71334 INFO: Analyzing hidden import 'pydantic.error_wrappers'
71336 INFO: Analyzing hidden import 'pydantic.experimental'
71337 INFO: Analyzing hidden import 'pydantic.experimental.arguments_schema'
71342 INFO: Analyzing hidden import 'pydantic.experimental.missing_sentinel'
71343 INFO: Analyzing hidden import 'pydantic.experimental.pipeline'
71361 INFO: Analyzing hidden import 'pydantic.generics'
71361 INFO: Analyzing hidden import 'pydantic.json'
71362 INFO: Analyzing hidden import 'pydantic.mypy'
71443 INFO: Analyzing hidden import 'pydantic.parse'
71445 INFO: Analyzing hidden import 'pydantic.schema'
71447 INFO: Analyzing hidden import 'pydantic.tools'
71448 INFO: Analyzing hidden import 'pydantic.typing'
71450 INFO: Analyzing hidden import 'pydantic.utils'
71451 INFO: Analyzing hidden import 'pydantic.v1._hypothesis_plugin'
71462 INFO: Analyzing hidden import 'pydantic.v1.generics'
71470 INFO: Analyzing hidden import 'pydantic.v1.mypy'
71490 INFO: Analyzing hidden import 'pydantic.validators'
71492 INFO: Analyzing hidden import 'numpy._configtool'
71494 INFO: Analyzing hidden import 'numpy._core._exceptions'
71499 INFO: Analyzing hidden import 'numpy._core._multiarray_tests'
71500 INFO: Analyzing hidden import 'numpy._core._operand_flag_tests'
71501 INFO: Analyzing hidden import 'numpy._core._rational_tests'
71502 INFO: Analyzing hidden import 'numpy._core._simd'
71504 INFO: Analyzing hidden import 'numpy._core._struct_ufunc_tests'
71506 INFO: Analyzing hidden import 'numpy._core._umath_tests'
71509 INFO: Analyzing hidden import 'numpy._core.cversions'
71513 INFO: Analyzing hidden import 'numpy._pyinstaller'
71514 INFO: Analyzing hidden import 'numpy._pyinstaller.hook-numpy'
71545 INFO: Processing standard module hook 'hook-win32ctypes.core.py' from 'C:\\Users\\user\\AppData\\Local\\Programs\\Python\\Python311\\Lib\\site-packages\\PyInstaller\\hooks'
72885 INFO: Analyzing hidden import 'numpy._typing._extended_precision'
72888 INFO: Analyzing hidden import 'numpy._utils._pep440'
72895 INFO: Analyzing hidden import 'numpy.conftest'
72904 INFO: Analyzing hidden import 'numpy.core._dtype'
72906 INFO: Analyzing hidden import 'numpy.core._dtype_ctypes'
72908 INFO: Analyzing hidden import 'numpy.core._internal'
72910 INFO: Analyzing hidden import 'numpy.core._multiarray_umath'
72913 INFO: Analyzing hidden import 'numpy.core.arrayprint'
72915 INFO: Analyzing hidden import 'numpy.core.defchararray'
72916 INFO: Analyzing hidden import 'numpy.core.einsumfunc'
72918 INFO: Analyzing hidden import 'numpy.core.fromnumeric'
72919 INFO: Analyzing hidden import 'numpy.core.function_base'
72921 INFO: Analyzing hidden import 'numpy.core.getlimits'
72922 INFO: Analyzing hidden import 'numpy.core.multiarray'
72924 INFO: Analyzing hidden import 'numpy.core.numeric'
72925 INFO: Analyzing hidden import 'numpy.core.numerictypes'
72927 INFO: Analyzing hidden import 'numpy.core.overrides'
72928 INFO: Analyzing hidden import 'numpy.core.records'
72930 INFO: Analyzing hidden import 'numpy.core.shape_base'
72931 INFO: Analyzing hidden import 'numpy.core.umath'
72933 INFO: Analyzing hidden import 'numpy.distutils'
73317 INFO: Analyzing hidden import 'numpy.distutils.armccompiler'
73318 INFO: Analyzing hidden import 'numpy.distutils.fcompiler.absoft'
73324 INFO: Analyzing hidden import 'numpy.distutils.fcompiler.arm'
73328 INFO: Analyzing hidden import 'numpy.distutils.fcompiler.compaq'
73333 INFO: Analyzing hidden import 'numpy.distutils.fcompiler.fujitsu'
73336 INFO: Analyzing hidden import 'numpy.distutils.fcompiler.g95'
73339 INFO: Analyzing hidden import 'numpy.distutils.fcompiler.gnu'
73351 INFO: Analyzing hidden import 'numpy.distutils.fcompiler.hpux'
73354 INFO: Analyzing hidden import 'numpy.distutils.fcompiler.ibm'
73358 INFO: Analyzing hidden import 'numpy.distutils.fcompiler.intel'
73363 INFO: Analyzing hidden import 'numpy.distutils.fcompiler.lahey'
73367 INFO: Analyzing hidden import 'numpy.distutils.fcompiler.mips'
73369 INFO: Analyzing hidden import 'numpy.distutils.fcompiler.nag'
73373 INFO: Analyzing hidden import 'numpy.distutils.fcompiler.none'
73374 INFO: Analyzing hidden import 'numpy.distutils.fcompiler.nv'
73377 INFO: Analyzing hidden import 'numpy.distutils.fcompiler.pathf95'
73380 INFO: Analyzing hidden import 'numpy.distutils.fcompiler.pg'
73384 INFO: Analyzing hidden import 'numpy.distutils.fcompiler.sun'
73387 INFO: Analyzing hidden import 'numpy.distutils.fcompiler.vast'
73390 INFO: Analyzing hidden import 'numpy.distutils.fujitsuccompiler'
73392 INFO: Analyzing hidden import 'numpy.distutils.intelccompiler'
73397 INFO: Analyzing hidden import 'numpy.distutils.line_endings'
73400 INFO: Analyzing hidden import 'numpy.distutils.pathccompiler'
73402 INFO: Analyzing hidden import 'numpy.distutils.tests'
73403 INFO: Analyzing hidden import 'numpy.distutils.tests.test_build_ext'
73410 INFO: Analyzing hidden import 'numpy.distutils.tests.test_ccompiler_opt'
73423 INFO: Analyzing hidden import 'numpy.distutils.tests.test_ccompiler_opt_conf'
73427 INFO: Analyzing hidden import 'numpy.distutils.tests.test_exec_command'
73489 INFO: Analyzing hidden import 'numpy.distutils.tests.test_fcompiler'
73495 INFO: Analyzing hidden import 'numpy.distutils.tests.test_fcompiler_gnu'
73498 INFO: Analyzing hidden import 'numpy.distutils.tests.test_fcompiler_intel'
73501 INFO: Analyzing hidden import 'numpy.distutils.tests.test_fcompiler_nagfor'
73503 INFO: Analyzing hidden import 'numpy.distutils.tests.test_from_template'
73505 INFO: Analyzing hidden import 'numpy.distutils.tests.test_log'
73507 INFO: Analyzing hidden import 'numpy.distutils.tests.test_mingw32ccompiler'
73510 INFO: Analyzing hidden import 'numpy.distutils.tests.test_misc_util'
73513 INFO: Analyzing hidden import 'numpy.distutils.tests.test_npy_pkg_config'
73516 INFO: Analyzing hidden import 'numpy.distutils.tests.test_shell_utils'
73520 INFO: Analyzing hidden import 'numpy.distutils.tests.test_system_info'
73528 INFO: Analyzing hidden import 'numpy.f2py.__main__'
73530 INFO: Analyzing hidden import 'numpy.f2py._src_pyf'
73535 INFO: Analyzing hidden import 'numpy.fft.tests'
73537 INFO: Analyzing hidden import 'numpy.fft.tests.test_helper'
73545 INFO: Analyzing hidden import 'numpy.fft.tests.test_pocketfft'
73566 INFO: Analyzing hidden import 'numpy.lib._user_array_impl'
73579 INFO: Analyzing hidden import 'numpy.lib.tests'
73581 INFO: Analyzing hidden import 'numpy.lib.tests.test__datasource'
73592 INFO: Analyzing hidden import 'numpy.lib.tests.test__iotools'
73602 INFO: Analyzing hidden import 'numpy.lib.tests.test__version'
73607 INFO: Analyzing hidden import 'numpy.lib.tests.test_array_utils'
73610 INFO: Analyzing hidden import 'numpy.lib.tests.test_arraypad'
73647 INFO: Analyzing hidden import 'numpy.lib.tests.test_arraysetops'
73682 INFO: Analyzing hidden import 'numpy.lib.tests.test_arrayterator'
73687 INFO: Analyzing hidden import 'numpy.lib.tests.test_format'
73707 INFO: Analyzing hidden import 'numpy.lib.tests.test_function_base'
73901 INFO: Analyzing hidden import 'numpy.lib.tests.test_histograms'
73926 INFO: Analyzing hidden import 'numpy.lib.tests.test_index_tricks'
73948 INFO: Analyzing hidden import 'numpy.lib.tests.test_io'
74086 INFO: Analyzing hidden import 'numpy.lib.tests.test_loadtxt'
74113 INFO: Analyzing hidden import 'numpy.lib.tests.test_mixins'
74121 INFO: Analyzing hidden import 'numpy.lib.tests.test_nanfunctions'
74159 INFO: Analyzing hidden import 'numpy.lib.tests.test_packbits'
74171 INFO: Analyzing hidden import 'numpy.lib.tests.test_polynomial'
74181 INFO: Analyzing hidden import 'numpy.lib.tests.test_recfunctions'
74258 INFO: Analyzing hidden import 'numpy.lib.tests.test_regression'
74268 INFO: Analyzing hidden import 'numpy.lib.tests.test_shape_base'
74291 INFO: Analyzing hidden import 'numpy.lib.tests.test_stride_tricks'
74308 INFO: Analyzing hidden import 'numpy.lib.tests.test_twodim_base'
74328 INFO: Analyzing hidden import 'numpy.lib.tests.test_type_check'
74346 INFO: Analyzing hidden import 'numpy.lib.tests.test_ufunclike'
74352 INFO: Analyzing hidden import 'numpy.lib.tests.test_utils'
74355 INFO: Analyzing hidden import 'numpy.lib.user_array'
74356 INFO: Analyzing hidden import 'numpy.linalg.lapack_lite'
74360 INFO: Analyzing hidden import 'numpy.linalg.tests'
74361 INFO: Analyzing hidden import 'numpy.linalg.tests.test_deprecations'
74363 INFO: Analyzing hidden import 'numpy.linalg.tests.test_linalg'
74433 INFO: Analyzing hidden import 'numpy.linalg.tests.test_regression'
74443 INFO: Analyzing hidden import 'numpy.ma.tests'
74445 INFO: Analyzing hidden import 'numpy.ma.tests.test_arrayobject'
74449 INFO: Analyzing hidden import 'numpy.ma.tests.test_core'
74757 INFO: Analyzing hidden import 'numpy.ma.tests.test_deprecations'
74760 INFO: Analyzing hidden import 'numpy.ma.tests.test_extras'
74822 INFO: Analyzing hidden import 'numpy.ma.tests.test_mrecords'
74838 INFO: Analyzing hidden import 'numpy.ma.tests.test_old_ma'
74885 INFO: Analyzing hidden import 'numpy.ma.tests.test_regression'
74891 INFO: Analyzing hidden import 'numpy.ma.tests.test_subclassing'
74903 INFO: Analyzing hidden import 'numpy.matrixlib.tests'
74906 INFO: Analyzing hidden import 'numpy.matrixlib.tests.test_defmatrix'
74924 INFO: Analyzing hidden import 'numpy.matrixlib.tests.test_interaction'
74934 INFO: Analyzing hidden import 'numpy.matrixlib.tests.test_masked_matrix'
74943 INFO: Analyzing hidden import 'numpy.matrixlib.tests.test_matrix_linalg'
74946 INFO: Analyzing hidden import 'numpy.matrixlib.tests.test_multiarray'
74949 INFO: Analyzing hidden import 'numpy.matrixlib.tests.test_numeric'
74952 INFO: Analyzing hidden import 'numpy.matrixlib.tests.test_regression'
74955 INFO: Analyzing hidden import 'numpy.polynomial.tests'
74956 INFO: Analyzing hidden import 'numpy.polynomial.tests.test_chebyshev'
74976 INFO: Analyzing hidden import 'numpy.polynomial.tests.test_classes'
75046 INFO: Analyzing hidden import 'numpy.polynomial.tests.test_hermite'
75064 INFO: Analyzing hidden import 'numpy.polynomial.tests.test_hermite_e'
75078 INFO: Analyzing hidden import 'numpy.polynomial.tests.test_laguerre'
75094 INFO: Analyzing hidden import 'numpy.polynomial.tests.test_legendre'
75113 INFO: Analyzing hidden import 'numpy.polynomial.tests.test_polynomial'
75134 INFO: Analyzing hidden import 'numpy.polynomial.tests.test_polyutils'
75141 INFO: Analyzing hidden import 'numpy.polynomial.tests.test_printing'
75153 INFO: Analyzing hidden import 'numpy.polynomial.tests.test_symbol'
75159 INFO: Analyzing hidden import 'numpy.random.tests'
75161 INFO: Analyzing hidden import 'numpy.random.tests.data'
75163 INFO: Analyzing hidden import 'numpy.random.tests.test_direct'
75181 INFO: Analyzing hidden import 'numpy.random.tests.test_extending'
75204 INFO: Analyzing hidden import 'numpy.random.tests.test_generator_mt19937'
75340 INFO: Analyzing hidden import 'numpy.random.tests.test_generator_mt19937_regressions'
75349 INFO: Analyzing hidden import 'numpy.random.tests.test_random'
75395 INFO: Analyzing hidden import 'numpy.random.tests.test_randomstate'
75449 INFO: Analyzing hidden import 'numpy.random.tests.test_randomstate_regression'
75457 INFO: Analyzing hidden import 'numpy.random.tests.test_regression'
75463 INFO: Analyzing hidden import 'numpy.random.tests.test_seed_sequence'
75467 INFO: Analyzing hidden import 'numpy.random.tests.test_smoke'
75492 INFO: Analyzing hidden import 'numpy.testing.print_coercion_tables'
75498 INFO: Analyzing hidden import 'numpy.testing.tests'
75499 INFO: Analyzing hidden import 'numpy.testing.tests.test_utils'
75615 INFO: Analyzing hidden import 'numpy.tests'
75617 INFO: Analyzing hidden import 'numpy.tests.test__all__'
75619 INFO: Analyzing hidden import 'numpy.tests.test_configtool'
75628 INFO: Analyzing hidden import 'numpy.tests.test_ctypeslib'
75642 INFO: Analyzing hidden import 'numpy.tests.test_lazyloading'
75644 INFO: Analyzing hidden import 'numpy.tests.test_matlib'
75648 INFO: Analyzing hidden import 'numpy.tests.test_numpy_config'
75650 INFO: Analyzing hidden import 'numpy.tests.test_numpy_version'
75652 INFO: Analyzing hidden import 'numpy.tests.test_public_api'
75662 INFO: Analyzing hidden import 'numpy.tests.test_reloading'
75666 INFO: Analyzing hidden import 'numpy.tests.test_scripts'
75669 INFO: Analyzing hidden import 'numpy.tests.test_warnings'
75671 INFO: Analyzing hidden import 'numpy.typing.mypy_plugin'
75675 INFO: Analyzing hidden import 'numpy.typing.tests'
75676 INFO: Analyzing hidden import 'numpy.typing.tests.test_isfile'
75679 INFO: Analyzing hidden import 'numpy.typing.tests.test_runtime'
75682 INFO: Analyzing hidden import 'numpy.typing.tests.test_typing'
75690 INFO: Processing module hooks (post-graph stage)...
75794 WARNING: Hidden import "pycparser.lextab" not found!
75796 WARNING: Hidden import "pycparser.yacctab" not found!
76353 INFO: Processing standard module hook 'hook-PIL.SpiderImagePlugin.py' from 'C:\\Users\\user\\AppData\\Local\\Programs\\Python\\Python311\\Lib\\site-packages\\PyInstaller\\hooks'
76397 INFO: Processing pre-safe-import-module hook 'hook-win32com.py' from 'C:\\Users\\user\\AppData\\Local\\Programs\\Python\\Python311\\Lib\\site-packages\\_pyinstaller_hooks_contrib\\pre_safe_import_module'
76509 INFO: Processing standard module hook 'hook-win32com.py' from 'C:\\Users\\user\\AppData\\Local\\Programs\\Python\\Python311\\Lib\\site-packages\\_pyinstaller_hooks_contrib\\stdhooks'
76512 INFO: Processing standard module hook 'hook-pythoncom.py' from 'C:\\Users\\user\\AppData\\Local\\Programs\\Python\\Python311\\Lib\\site-packages\\_pyinstaller_hooks_contrib\\stdhooks'
76623 INFO: Processing standard module hook 'hook-pywintypes.py' from 'C:\\Users\\user\\AppData\\Local\\Programs\\Python\\Python311\\Lib\\site-packages\\_pyinstaller_hooks_contrib\\stdhooks'
77176 INFO: Processing standard module hook 'hook-jinja2.py' from 'C:\\Users\\user\\AppData\\Local\\Programs\\Python\\Python311\\Lib\\site-packages\\_pyinstaller_hooks_contrib\\stdhooks'
79432 INFO: Processing standard module hook 'hook-setuptools._vendor.importlib_metadata.py' from 'C:\\Users\\user\\AppData\\Local\\Programs\\Python\\Python311\\Lib\\site-packages\\PyInstaller\\hooks'
79534 INFO: Processing standard module hook 'hook-setuptools._vendor.jaraco.text.py' from 'C:\\Users\\user\\AppData\\Local\\Programs\\Python\\Python311\\Lib\\site-packages\\PyInstaller\\hooks'
80163 INFO: Processing standard module hook 'hook-sqlalchemy.py' from 'C:\\Users\\user\\AppData\\Local\\Programs\\Python\\Python311\\Lib\\site-packages\\PyInstaller\\hooks'
80662 WARNING: Hidden import "MySQLdb" not found!
80712 INFO: Processing standard module hook 'hook-_tkinter.py' from 'C:\\Users\\user\\AppData\\Local\\Programs\\Python\\Python311\\Lib\\site-packages\\PyInstaller\\hooks'
80713 INFO: Processing standard module hook 'hook-tzdata.py' from 'C:\\Users\\user\\AppData\\Local\\Programs\\Python\\Python311\\Lib\\site-packages\\_pyinstaller_hooks_contrib\\stdhooks'
82650 INFO: Performing binary vs. data reclassification (7231 entries)
87651 INFO: Looking for ctypes DLLs
87977 INFO: Analyzing run-time hooks ...
87988 INFO: Including run-time hook 'pyi_rth_inspect.py' from 'C:\\Users\\user\\AppData\\Local\\Programs\\Python\\Python311\\Lib\\site-packages\\PyInstaller\\hooks\\rthooks'
87992 INFO: Including run-time hook 'pyi_rth_pkgutil.py' from 'C:\\Users\\user\\AppData\\Local\\Programs\\Python\\Python311\\Lib\\site-packages\\PyInstaller\\hooks\\rthooks'
87997 INFO: Including run-time hook 'pyi_rth_multiprocessing.py' from 'C:\\Users\\user\\AppData\\Local\\Programs\\Python\\Python311\\Lib\\site-packages\\PyInstaller\\hooks\\rthooks'
88000 INFO: Including run-time hook 'pyi_rth_setuptools.py' from 'C:\\Users\\user\\AppData\\Local\\Programs\\Python\\Python311\\Lib\\site-packages\\PyInstaller\\hooks\\rthooks'
88002 INFO: Including run-time hook 'pyi_rth_pkgres.py' from 'C:\\Users\\user\\AppData\\Local\\Programs\\Python\\Python311\\Lib\\site-packages\\PyInstaller\\hooks\\rthooks'
88006 INFO: Including run-time hook 'pyi_rth_pywintypes.py' from 'C:\\Users\\user\\AppData\\Local\\Programs\\Python\\Python311\\Lib\\site-packages\\_pyinstaller_hooks_contrib\\rthooks'
88008 INFO: Including run-time hook 'pyi_rth_pythoncom.py' from 'C:\\Users\\user\\AppData\\Local\\Programs\\Python\\Python311\\Lib\\site-packages\\_pyinstaller_hooks_contrib\\rthooks'
88009 INFO: Including run-time hook 'pyi_rth_traitlets.py' from 'C:\\Users\\user\\AppData\\Local\\Programs\\Python\\Python311\\Lib\\site-packages\\_pyinstaller_hooks_contrib\\rthooks'
88012 INFO: Including run-time hook 'pyi_rth__tkinter.py' from 'C:\\Users\\user\\AppData\\Local\\Programs\\Python\\Python311\\Lib\\site-packages\\PyInstaller\\hooks\\rthooks'
88239 INFO: Creating base_library.zip...
88258 INFO: Looking for dynamic libraries
0.01s - Debugger warning: It seems that frozen modules are being used, which may
0.00s - make the debugger miss breakpoints. Please pass -Xfrozen_modules=off
0.00s - to python to disable frozen modules.
0.00s - Note: Debugging will proceed. Set PYDEVD_DISABLE_FILE_VALIDATION=1 to disable this validation.
92437 INFO: Extra DLL search directories (AddDllDirectory): ['C:\\Users\\user\\AppData\\Local\\Programs\\Python\\Python311\\Lib\\site-packages\\numpy.libs']
92437 INFO: Extra DLL search directories (PATH): []
97207 INFO: Warnings written to C:\Users\user\Desktop\COMET-autonomous-2026-09-06\build\pyinstaller-work\COMETBackend\warn-COMETBackend.txt
97412 INFO: Graph cross-reference written to C:\Users\user\Desktop\COMET-autonomous-2026-09-06\build\pyinstaller-work\COMETBackend\xref-COMETBackend.html
97559 INFO: checking PYZ
97559 INFO: Building PYZ because PYZ-00.toc is non existent
97559 INFO: Building PYZ (ZlibArchive) C:\Users\user\Desktop\COMET-autonomous-2026-09-06\build\pyinstaller-work\COMETBackend\PYZ-00.pyz
99358 INFO: Building PYZ (ZlibArchive) C:\Users\user\Desktop\COMET-autonomous-2026-09-06\build\pyinstaller-work\COMETBackend\PYZ-00.pyz completed successfully.
99396 INFO: checking PKG
99396 INFO: Building PKG because PKG-00.toc is non existent
99397 INFO: Building PKG (CArchive) COMETBackend.pkg
99442 INFO: Building PKG (CArchive) COMETBackend.pkg completed successfully.
99443 INFO: Bootloader C:\Users\user\AppData\Local\Programs\Python\Python311\Lib\site-packages\PyInstaller\bootloader\Windows-64bit-intel\run.exe
99443 INFO: checking EXE
99444 INFO: Building EXE because EXE-00.toc is non existent
99444 INFO: Building EXE from EXE-00.toc
99446 INFO: Copying bootloader EXE to C:\Users\user\Desktop\COMET-autonomous-2026-09-06\build\pyinstaller-work\COMETBackend\COMETBackend.exe
99504 INFO: Copying icon to EXE
99536 INFO: Copying 0 resources to EXE
99536 INFO: Embedding manifest in EXE
99564 INFO: Appending PKG archive to EXE
99584 INFO: Fixing EXE headers
99774 INFO: Building EXE from EXE-00.toc completed successfully.
99810 INFO: checking COLLECT
99810 INFO: Building COLLECT because COLLECT-00.toc is non existent
99811 INFO: Building COLLECT COLLECT-00.toc
124390 INFO: Building COLLECT COLLECT-00.toc completed successfully.
124489 INFO: Build complete! The results are available in: C:\Users\user\Desktop\COMET-autonomous-2026-09-06\build\backend-sidecar
