
> frontend@1.4.0 build
> tsc -b && vite build

vite v8.1.5 building client environment for production...
[2K
transforming...✓ 628 modules transformed.
rendering chunks...
computing gzip size...
dist/index.html                                      0.75 kB │ gzip:   0.40 kB
dist/assets/PretendardVariable-CJuje-Rk.woff2    2,057.68 kB
dist/assets/index-thXbEmtg.css                      66.38 kB │ gzip:  12.01 kB
dist/assets/format-price-xyQn9blZ.js                 0.35 kB │ gzip:   0.18 kB │ map:     1.67 kB
dist/assets/calculator-session-OVC9PJVi.js           0.59 kB │ gzip:   0.28 kB │ map:     5.12 kB
dist/assets/rolldown-runtime-QTnfLwEv.js             0.69 kB │ gzip:   0.42 kB
dist/assets/recipe-inputs-CyfhZpma.js                0.69 kB │ gzip:   0.28 kB │ map:     2.25 kB
dist/assets/ResultBreakdownPieChart-B1wyL9Kp.js      0.83 kB │ gzip:   0.54 kB │ map:     2.34 kB
dist/assets/EstimateRangeBarChart-B3a6KbOP.js        1.01 kB │ gzip:   0.59 kB │ map:     2.66 kB
dist/assets/Skeleton-a7cBJvy9.js                     1.42 kB │ gzip:   0.59 kB │ map:     4.45 kB
dist/assets/FitPriceText-D6vJwrZ6.js                 1.56 kB │ gzip:   0.78 kB │ map:     4.81 kB
dist/assets/MetalCompareChart-DfPTDyAL.js            1.71 kB │ gzip:   0.90 kB │ map:     5.27 kB
dist/assets/MetalTrendChart-CQ9ryDm-.js              1.78 kB │ gzip:   0.89 kB │ map:     5.06 kB
dist/assets/WorkspaceSections-ByTxfkkn.js            3.33 kB │ gzip:   1.49 kB │ map:     9.67 kB
dist/assets/api-BnRGIZ3q.js                          4.01 kB │ gzip:   1.81 kB │ map:    44.52 kB
dist/assets/export-csv-Ddpoa43F.js                   7.32 kB │ gzip:   2.78 kB │ map:    18.90 kB
dist/assets/CostEvidencePanel-5DOYFSbE.js           15.38 kB │ gzip:   3.92 kB │ map:    35.33 kB
dist/assets/CapEx-MVXd1TfV.js                       18.44 kB │ gzip:   4.34 kB │ map:    44.35 kB
dist/assets/Compare-wdKOZvFU.js                     18.65 kB │ gzip:   4.91 kB │ map:    42.20 kB
dist/assets/Uncertainty-D6cUH1oH.js                 19.54 kB │ gzip:   5.54 kB │ map:    45.31 kB
dist/assets/Library-CaWcOcJM.js                     24.95 kB │ gzip:   5.98 kB │ map:    64.72 kB
dist/assets/Prices-9OY3r5EX.js                      33.12 kB │ gzip:   8.62 kB │ map:    80.42 kB
dist/assets/CalculatorResult-CCponJ8F.js            55.38 kB │ gzip:  12.70 kB │ map:   116.26 kB
dist/assets/Calculator-B1z7Ed2-.js                  91.98 kB │ gzip:  23.42 kB │ map:   238.60 kB
dist/assets/index-dS_sr2nL.js                      142.02 kB │ gzip:  48.11 kB │ map:   591.85 kB
dist/assets/react-CC1klYW5.js                      189.64 kB │ gzip:  59.65 kB │ map:   841.37 kB
dist/assets/recharts-KlhfxoSq.js                   390.73 kB │ gzip: 111.46 kB │ map: 1,913.19 kB

✓ built in 454ms

[plugin @tailwindcss/vite:generate:build] [33m[SOURCEMAP_BROKEN] [0mSourcemap is likely to be incorrect: a plugin (@tailwindcss/vite:generate:build) was used to transform files, but didn't generate a sourcemap for the transformation. Consult the plugin documentation for help: https://rolldown.rs/guide/troubleshooting#warning-sourcemap-is-likely-to-be-incorrect

