
> comet@1.4.0 build
> npm run build:frontend && npm run build:backend-sidecar && npm run electron:build


> comet@1.4.0 build:frontend
> cd frontend && npm run build


> frontend@1.4.0 build
> tsc -b && vite build

vite v8.1.5 building client environment for production...
[2K
transforming...✓ 628 modules transformed.
rendering chunks...
computing gzip size...
dist/index.html                                      0.75 kB │ gzip:   0.40 kB
dist/assets/PretendardVariable-CJuje-Rk.woff2    2,057.68 kB
dist/assets/index-thXbEmtg.css                      66.38 kB │ gzip:  12.01 kB
dist/assets/format-price-xyQn9blZ.js                 0.35 kB │ gzip:   0.18 kB │ map:     1.67 kB
dist/assets/calculator-session-OVC9PJVi.js           0.59 kB │ gzip:   0.28 kB │ map:     5.12 kB
dist/assets/rolldown-runtime-QTnfLwEv.js             0.69 kB │ gzip:   0.42 kB
dist/assets/recipe-inputs-CyfhZpma.js                0.69 kB │ gzip:   0.28 kB │ map:     2.25 kB
dist/assets/ResultBreakdownPieChart-B1wyL9Kp.js      0.83 kB │ gzip:   0.54 kB │ map:     2.34 kB
dist/assets/EstimateRangeBarChart-B3a6KbOP.js        1.01 kB │ gzip:   0.59 kB │ map:     2.66 kB
dist/assets/Skeleton-a7cBJvy9.js                     1.42 kB │ gzip:   0.59 kB │ map:     4.45 kB
dist/assets/FitPriceText-D6vJwrZ6.js                 1.56 kB │ gzip:   0.78 kB │ map:     4.81 kB
dist/assets/MetalCompareChart-DfPTDyAL.js            1.71 kB │ gzip:   0.90 kB │ map:     5.27 kB
dist/assets/MetalTrendChart-CQ9ryDm-.js              1.78 kB │ gzip:   0.89 kB │ map:     5.06 kB
dist/assets/WorkspaceSections-ByTxfkkn.js            3.33 kB │ gzip:   1.49 kB │ map:     9.67 kB
dist/assets/api-BnRGIZ3q.js                          4.01 kB │ gzip:   1.81 kB │ map:    44.52 kB
dist/assets/export-csv-Ddpoa43F.js                   7.32 kB │ gzip:   2.78 kB │ map:    18.90 kB
dist/assets/CostEvidencePanel-5DOYFSbE.js           15.38 kB │ gzip:   3.92 kB │ map:    35.33 kB
dist/assets/CapEx-MVXd1TfV.js                       18.44 kB │ gzip:   4.34 kB │ map:    44.35 kB
dist/assets/Compare-wdKOZvFU.js                     18.65 kB │ gzip:   4.91 kB │ map:    42.20 kB
dist/assets/Uncertainty-D6cUH1oH.js                 19.54 kB │ gzip:   5.54 kB │ map:    45.31 kB
dist/assets/Library-CaWcOcJM.js                     24.95 kB │ gzip:   5.98 kB │ map:    64.72 kB
dist/assets/Prices-9OY3r5EX.js                      33.12 kB │ gzip:   8.62 kB │ map:    80.42 kB
dist/assets/CalculatorResult-CCponJ8F.js            55.38 kB │ gzip:  12.70 kB │ map:   116.26 kB
dist/assets/Calculator-B1z7Ed2-.js                  91.98 kB │ gzip:  23.42 kB │ map:   238.60 kB
dist/assets/index-dS_sr2nL.js                      142.02 kB │ gzip:  48.11 kB │ map:   591.85 kB
dist/assets/react-CC1klYW5.js                      189.64 kB │ gzip:  59.65 kB │ map:   841.37 kB
dist/assets/recharts-KlhfxoSq.js                   390.73 kB │ gzip: 111.46 kB │ map: 1,913.19 kB

✓ built in 456ms

> comet@1.4.0 build:backend-sidecar
> powershell -NoProfile -ExecutionPolicy Bypass -File scripts/build_backend_bundle.ps1

[COMET] Using Python: C:\Users\user\AppData\Local\Programs\Python\Python311\python.exe
[COMET] Building backend sidecar...
[COMET] Backend sidecar ready at build/backend-sidecar\COMETBackend

> comet@1.4.0 electron:build
> npm run desktop:stop && electron-builder build --win


> comet@1.4.0 desktop:stop
> powershell -NoProfile -ExecutionPolicy Bypass -File scripts/stop_comet_processes.ps1 -Quiet

  • electron-builder  version=26.15.3 os=10.0.26200
  • loaded configuration  file=package.json ("build" field)
  • executing @electron/rebuild  electronVersion=41.10.7 arch=x64 buildFromSource=false workspaceRoot=C:\Users\user\Desktop\COMET-autonomous-2026-09-06 projectDir=./ appDir=./
  • installing native dependencies  arch=x64
  • completed installing native dependencies
  • packaging       platform=win32 arch=x64 electron=41.10.7 appOutDir=dist-electron\win-unpacked
  • downloaded      label=electron progress=100%
  • downloaded electron zip extracted successfully  output=C:\Users\user\Desktop\COMET-autonomous-2026-09-06\dist-electron\win-unpacked
  • searching for node modules  pm=npm searchDir=C:\Users\user\Desktop\COMET-autonomous-2026-09-06
  • updating asar integrity executable resource  executablePath=dist-electron\win-unpacked\COMET.exe
  • signing with signtool.exe  path=dist-electron\win-unpacked\resources\backend-sidecar\COMETBackend.exe
  • signing with signtool.exe  path=dist-electron\win-unpacked\COMET.exe
  • building        target=nsis file=dist-electron\COMET.Setup.1.4.0.exe archs=x64 oneClick=false perMachine=false
  • signing with signtool.exe  path=dist-electron\win-unpacked\resources\elevate.exe
  • signing with signtool.exe  path=dist-electron\COMET.Setup.1.4.0.__uninstaller.exe
  • signing with signtool.exe  path=dist-electron\COMET.Setup.1.4.0.exe
  • building block map  blockMapFile=dist-electron\COMET.Setup.1.4.0.exe.blockmap

[plugin @tailwindcss/vite:generate:build] [33m[SOURCEMAP_BROKEN] [0mSourcemap is likely to be incorrect: a plugin (@tailwindcss/vite:generate:build) was used to transform files, but didn't generate a sourcemap for the transformation. Consult the plugin documentation for help: https://rolldown.rs/guide/troubleshooting#warning-sourcemap-is-likely-to-be-incorrect

405 INFO: PyInstaller: 6.19.0, contrib hooks: 2026.3
405 INFO: Python: 3.11.9
423 INFO: Platform: Windows-10-10.0.26200-SP0
423 INFO: Python environment: C:\Users\user\AppData\Local\Programs\Python\Python311
423 INFO: wrote build/pyinstaller-spec\COMETBackend.spec
766 WARNING: Failed to collect submodules for 'numpy.f2py.tests' because importing 'numpy.f2py.tests' raised: ModuleNotFoundError: No module named 'pytest'
9185 INFO: Module search paths (PYTHONPATH):
['C:\\Users\\user\\Desktop\\COMET-autonomous-2026-09-06',
 'C:\\Users\\user\\AppData\\Local\\Programs\\Python\\Python311\\python311.zip',
 'C:\\Users\\user\\AppData\\Local\\Programs\\Python\\Python311\\DLLs',
 'C:\\Users\\user\\AppData\\Local\\Programs\\Python\\Python311\\Lib',
 'C:\\Users\\user\\AppData\\Local\\Programs\\Python\\Python311',
 'C:\\Users\\user\\AppData\\Local\\Programs\\Python\\Python311\\Lib\\site-packages',
 'C:\\Users\\user\\AppData\\Local\\Programs\\Python\\Python311\\Lib\\site-packages\\win32',
 'C:\\Users\\user\\AppData\\Local\\Programs\\Python\\Python311\\Lib\\site-packages\\win32\\lib',
 'C:\\Users\\user\\AppData\\Local\\Programs\\Python\\Python311\\Lib\\site-packages\\Pythonwin',
 'C:\\Users\\user\\Desktop\\COMET-autonomous-2026-09-06']
9668 INFO: Appending 'datas' from .spec
9685 INFO: checking Analysis
9685 INFO: Building Analysis because Analysis-00.toc is non existent
9685 INFO: Looking for Python shared library...
9685 INFO: Using Python shared library: C:\Users\user\AppData\Local\Programs\Python\Python311\python311.dll
9685 INFO: Running Analysis Analysis-00.toc
9685 INFO: Target bytecode optimization level: 0
9685 INFO: Initializing module dependency graph...
9685 INFO: Initializing module graph hook caches...
9764 INFO: Analyzing modules for base_library.zip ...
11053 INFO: Processing standard module hook 'hook-heapq.py' from 'C:\\Users\\user\\AppData\\Local\\Programs\\Python\\Python311\\Lib\\site-packages\\PyInstaller\\hooks'
11101 INFO: Processing standard module hook 'hook-encodings.py' from 'C:\\Users\\user\\AppData\\Local\\Programs\\Python\\Python311\\Lib\\site-packages\\PyInstaller\\hooks'
12269 INFO: Processing standard module hook 'hook-pickle.py' from 'C:\\Users\\user\\AppData\\Local\\Programs\\Python\\Python311\\Lib\\site-packages\\PyInstaller\\hooks'
13327 INFO: Caching module dependency graph...
13356 INFO: Analyzing C:\Users\user\Desktop\COMET-autonomous-2026-09-06\backend\launcher.py
13360 INFO: Processing standard module hook 'hook-uvicorn.py' from 'C:\\Users\\user\\AppData\\Local\\Programs\\Python\\Python311\\Lib\\site-packages\\_pyinstaller_hooks_contrib\\stdhooks'
14086 INFO: Processing standard module hook 'hook-multiprocessing.util.py' from 'C:\\Users\\user\\AppData\\Local\\Programs\\Python\\Python311\\Lib\\site-packages\\PyInstaller\\hooks'
14169 INFO: Processing standard module hook 'hook-xml.py' from 'C:\\Users\\user\\AppData\\Local\\Programs\\Python\\Python311\\Lib\\site-packages\\PyInstaller\\hooks'
14331 INFO: Processing standard module hook 'hook-_ctypes.py' from 'C:\\Users\\user\\AppData\\Local\\Programs\\Python\\Python311\\Lib\\site-packages\\PyInstaller\\hooks'
14913 INFO: Processing standard module hook 'hook-platform.py' from 'C:\\Users\\user\\AppData\\Local\\Programs\\Python\\Python311\\Lib\\site-packages\\PyInstaller\\hooks'
14952 INFO: Processing pre-safe-import-module hook 'hook-typing_extensions.py' from 'C:\\Users\\user\\AppData\\Local\\Programs\\Python\\Python311\\Lib\\site-packages\\PyInstaller\\hooks\\pre_safe_import_module'
14968 INFO: SetuptoolsInfo: initializing cached setuptools info...
16024 INFO: Processing standard module hook 'hook-difflib.py' from 'C:\\Users\\user\\AppData\\Local\\Programs\\Python\\Python311\\Lib\\site-packages\\PyInstaller\\hooks'
16169 INFO: Processing standard module hook 'hook-IPython.py' from 'C:\\Users\\user\\AppData\\Local\\Programs\\Python\\Python311\\Lib\\site-packages\\_pyinstaller_hooks_contrib\\stdhooks'
19439 INFO: Processing standard module hook 'hook-pygments.py' from 'C:\\Users\\user\\AppData\\Local\\Programs\\Python\\Python311\\Lib\\site-packages\\PyInstaller\\hooks'
21058 INFO: Processing standard module hook 'hook-xml.dom.domreg.py' from 'C:\\Users\\user\\AppData\\Local\\Programs\\Python\\Python311\\Lib\\site-packages\\PyInstaller\\hooks'
21211 INFO: Processing standard module hook 'hook-numpy.py' from 'C:\\Users\\user\\AppData\\Local\\Programs\\Python\\Python311\\Lib\\site-packages\\PyInstaller\\hooks'
21953 INFO: Processing standard module hook 'hook-sysconfig.py' from 'C:\\Users\\user\\AppData\\Local\\Programs\\Python\\Python311\\Lib\\site-packages\\PyInstaller\\hooks'
22223 INFO: Processing standard module hook 'hook-psutil.py' from 'C:\\Users\\user\\AppData\\Local\\Programs\\Python\\Python311\\Lib\\site-packages\\_pyinstaller_hooks_contrib\\stdhooks'
23063 INFO: Processing standard module hook 'hook-charset_normalizer.py' from 'C:\\Users\\user\\AppData\\Local\\Programs\\Python\\Python311\\Lib\\site-packages\\_pyinstaller_hooks_contrib\\stdhooks'
23971 INFO: Processing standard module hook 'hook-wcwidth.py' from 'C:\\Users\\user\\AppData\\Local\\Programs\\Python\\Python311\\Lib\\site-packages\\PyInstaller\\hooks'
25019 INFO: Processing standard module hook 'hook-jedi.py' from 'C:\\Users\\user\\AppData\\Local\\Programs\\Python\\Python311\\Lib\\site-packages\\_pyinstaller_hooks_contrib\\stdhooks'
46602 INFO: Processing standard module hook 'hook-parso.py' from 'C:\\Users\\user\\AppData\\Local\\Programs\\Python\\Python311\\Lib\\site-packages\\_pyinstaller_hooks_contrib\\stdhooks'
47611 INFO: Processing standard module hook 'hook-sqlite3.py' from 'C:\\Users\\user\\AppData\\Local\\Programs\\Python\\Python311\\Lib\\site-packages\\PyInstaller\\hooks'
48003 INFO: Processing standard module hook 'hook-nbformat.py' from 'C:\\Users\\user\\AppData\\Local\\Programs\\Python\\Python311\\Lib\\site-packages\\_pyinstaller_hooks_contrib\\stdhooks'
48248 INFO: Processing standard module hook 'hook-jsonschema.py' from 'C:\\Users\\user\\AppData\\Local\\Programs\\Python\\Python311\\Lib\\site-packages\\_pyinstaller_hooks_contrib\\stdhooks'
48852 INFO: Processing standard module hook 'hook-jsonschema_specifications.py' from 'C:\\Users\\user\\AppData\\Local\\Programs\\Python\\Python311\\Lib\\site-packages\\_pyinstaller_hooks_contrib\\stdhooks'
49014 INFO: Processing pre-safe-import-module hook 'hook-importlib_resources.py' from 'C:\\Users\\user\\AppData\\Local\\Programs\\Python\\Python311\\Lib\\site-packages\\PyInstaller\\hooks\\pre_safe_import_module'
49052 INFO: Processing standard module hook 'hook-urllib3.py' from 'C:\\Users\\user\\AppData\\Local\\Programs\\Python\\Python311\\Lib\\site-packages\\_pyinstaller_hooks_contrib\\stdhooks'
49121 INFO: Processing pre-safe-import-module hook 'hook-backports.py' from 'C:\\Users\\user\\AppData\\Local\\Programs\\Python\\Python311\\Lib\\site-packages\\PyInstaller\\hooks\\pre_safe_import_module'
49360 INFO: Processing standard module hook 'hook-certifi.py' from 'C:\\Users\\user\\AppData\\Local\\Programs\\Python\\Python311\\Lib\\site-packages\\_pyinstaller_hooks_contrib\\stdhooks'
49569 INFO: Processing pre-safe-import-module hook 'hook-platformdirs.py' from 'C:\\Users\\user\\AppData\\Local\\Programs\\Python\\Python311\\Lib\\site-packages\\PyInstaller\\hooks\\pre_safe_import_module'
49578 INFO: Processing standard module hook 'hook-platformdirs.py' from 'C:\\Users\\user\\AppData\\Local\\Programs\\Python\\Python311\\Lib\\site-packages\\_pyinstaller_hooks_contrib\\stdhooks'
49969 INFO: Processing standard module hook 'hook-PIL.py' from 'C:\\Users\\user\\AppData\\Local\\Programs\\Python\\Python311\\Lib\\site-packages\\PyInstaller\\hooks'
50019 INFO: Processing standard module hook 'hook-PIL.Image.py' from 'C:\\Users\\user\\AppData\\Local\\Programs\\Python\\Python311\\Lib\\site-packages\\PyInstaller\\hooks'
50535 INFO: Processing standard module hook 'hook-xml.etree.cElementTree.py' from 'C:\\Users\\user\\AppData\\Local\\Programs\\Python\\Python311\\Lib\\site-packages\\PyInstaller\\hooks'
50618 INFO: Processing standard module hook 'hook-PIL.ImageFilter.py' from 'C:\\Users\\user\\AppData\\Local\\Programs\\Python\\Python311\\Lib\\site-packages\\PyInstaller\\hooks'
50809 INFO: Processing standard module hook 'hook-zmq.py' from 'C:\\Users\\user\\AppData\\Local\\Programs\\Python\\Python311\\Lib\\site-packages\\_pyinstaller_hooks_contrib\\stdhooks'
51469 INFO: Processing standard module hook 'hook-pycparser.py' from 'C:\\Users\\user\\AppData\\Local\\Programs\\Python\\Python311\\Lib\\site-packages\\_pyinstaller_hooks_contrib\\stdhooks'
51615 INFO: Processing standard module hook 'hook-setuptools.py' from 'C:\\Users\\user\\AppData\\Local\\Programs\\Python\\Python311\\Lib\\site-packages\\PyInstaller\\hooks'
51622 INFO: Processing pre-safe-import-module hook 'hook-distutils.py' from 'C:\\Users\\user\\AppData\\Local\\Programs\\Python\\Python311\\Lib\\site-packages\\PyInstaller\\hooks\\pre_safe_import_module'
51622 INFO: Processing pre-find-module-path hook 'hook-distutils.py' from 'C:\\Users\\user\\AppData\\Local\\Programs\\Python\\Python311\\Lib\\site-packages\\PyInstaller\\hooks\\pre_find_module_path'
53028 INFO: Processing standard module hook 'hook-distutils.py' from 'C:\\Users\\user\\AppData\\Local\\Programs\\Python\\Python311\\Lib\\site-packages\\PyInstaller\\hooks'
53068 INFO: Processing standard module hook 'hook-distutils.util.py' from 'C:\\Users\\user\\AppData\\Local\\Programs\\Python\\Python311\\Lib\\site-packages\\PyInstaller\\hooks'
53085 INFO: Processing standard module hook 'hook-_osx_support.py' from 'C:\\Users\\user\\AppData\\Local\\Programs\\Python\\Python311\\Lib\\site-packages\\PyInstaller\\hooks'
53225 INFO: Processing standard module hook 'hook-pkg_resources.py' from 'C:\\Users\\user\\AppData\\Local\\Programs\\Python\\Python311\\Lib\\site-packages\\PyInstaller\\hooks'
54904 INFO: Processing pre-safe-import-module hook 'hook-importlib_metadata.py' from 'C:\\Users\\user\\AppData\\Local\\Programs\\Python\\Python311\\Lib\\site-packages\\PyInstaller\\hooks\\pre_safe_import_module'
54971 INFO: Processing pre-safe-import-module hook 'hook-packaging.py' from 'C:\\Users\\user\\AppData\\Local\\Programs\\Python\\Python311\\Lib\\site-packages\\PyInstaller\\hooks\\pre_safe_import_module'
55802 INFO: Processing standard module hook 'hook-dateutil.py' from 'C:\\Users\\user\\AppData\\Local\\Programs\\Python\\Python311\\Lib\\site-packages\\_pyinstaller_hooks_contrib\\stdhooks'
56002 INFO: Processing pre-safe-import-module hook 'hook-six.moves.py' from 'C:\\Users\\user\\AppData\\Local\\Programs\\Python\\Python311\\Lib\\site-packages\\PyInstaller\\hooks\\pre_safe_import_module'
56602 INFO: Processing pre-find-module-path hook 'hook-tkinter.py' from 'C:\\Users\\user\\AppData\\Local\\Programs\\Python\\Python311\\Lib\\site-packages\\PyInstaller\\hooks\\pre_find_module_path'
56605 INFO: TclTkInfo: initializing cached Tcl/Tk info...
57420 INFO: Processing standard module hook 'hook-_tkinter.py' from 'C:\\Users\\user\\AppData\\Local\\Programs\\Python\\Python311\\Lib\\site-packages\\PyInstaller\\hooks'
57436 INFO: Processing pre-safe-import-module hook 'hook-gi.py' from 'C:\\Users\\user\\AppData\\Local\\Programs\\Python\\Python311\\Lib\\site-packages\\PyInstaller\\hooks\\pre_safe_import_module'
57659 INFO: Processing standard module hook 'hook-websockets.py' from 'C:\\Users\\user\\AppData\\Local\\Programs\\Python\\Python311\\Lib\\site-packages\\_pyinstaller_hooks_contrib\\stdhooks'
58369 INFO: Processing standard module hook 'hook-anyio.py' from 'C:\\Users\\user\\AppData\\Local\\Programs\\Python\\Python311\\Lib\\site-packages\\_pyinstaller_hooks_contrib\\stdhooks'
59389 INFO: Analyzing hidden import 'backend'
59389 INFO: Analyzing hidden import 'backend.config'
59418 INFO: Processing standard module hook 'hook-pydantic.py' from 'C:\\Users\\user\\AppData\\Local\\Programs\\Python\\Python311\\Lib\\site-packages\\_pyinstaller_hooks_contrib\\stdhooks'
60238 INFO: Processing standard module hook 'hook-rich.py' from 'C:\\Users\\user\\AppData\\Local\\Programs\\Python\\Python311\\Lib\\site-packages\\_pyinstaller_hooks_contrib\\stdhooks'
61662 INFO: Processing standard module hook 'hook-zoneinfo.py' from 'C:\\Users\\user\\AppData\\Local\\Programs\\Python\\Python311\\Lib\\site-packages\\_pyinstaller_hooks_contrib\\stdhooks'
62405 INFO: Processing pre-safe-import-module hook 'hook-tomli.py' from 'C:\\Users\\user\\AppData\\Local\\Programs\\Python\\Python311\\Lib\\site-packages\\PyInstaller\\hooks\\pre_safe_import_module'
62435 INFO: Analyzing hidden import 'backend.core'
62435 INFO: Analyzing hidden import 'backend.core.breakeven'
62456 INFO: Processing standard module hook 'hook-sqlalchemy.py' from 'C:\\Users\\user\\AppData\\Local\\Programs\\Python\\Python311\\Lib\\site-packages\\PyInstaller\\hooks'
66052 INFO: Analyzing hidden import 'backend.core.capex_opex'
66052 INFO: Analyzing hidden import 'backend.core.cost_evidence'
66068 INFO: Analyzing hidden import 'backend.core.uncertainty'
66068 INFO: Analyzing hidden import 'backend.database'
66068 INFO: Analyzing hidden import 'backend.launcher'
66084 INFO: Analyzing hidden import 'backend.main'
66086 INFO: Processing standard module hook 'hook-apscheduler.py' from 'C:\\Users\\user\\AppData\\Local\\Programs\\Python\\Python311\\Lib\\site-packages\\_pyinstaller_hooks_contrib\\stdhooks'
67300 INFO: Analyzing hidden import 'backend.schemas.cost_result'
67302 INFO: Analyzing hidden import 'backend.schemas.metal_price'
67302 INFO: Analyzing hidden import 'backend.services.bls_updater'
67302 INFO: Analyzing hidden import 'backend.tests'
67302 INFO: Analyzing hidden import 'backend.tests.conftest'
67321 INFO: Analyzing hidden import 'backend.tests.test_api'
67410 INFO: Analyzing hidden import 'backend.tests.test_benchmark_source_fidelity'
67413 INFO: Analyzing hidden import 'backend.tests.test_benchmark_source_fidelity_expansion'
67416 INFO: Analyzing hidden import 'backend.tests.test_benchmark_support_series'
67418 INFO: Analyzing hidden import 'backend.tests.test_breakeven'
67422 INFO: Analyzing hidden import 'backend.tests.test_calculation_harness'
67430 INFO: Analyzing hidden import 'backend.tests.test_capex_api'
67432 INFO: Analyzing hidden import 'backend.tests.test_capex_opex'
67434 INFO: Analyzing hidden import 'backend.tests.test_comtrade_snapshot'
67435 INFO: Analyzing hidden import 'backend.tests.test_cost_engine'
67442 INFO: Analyzing hidden import 'backend.tests.test_cost_evidence'
67442 INFO: Analyzing hidden import 'backend.tests.test_costing_scope'
67451 INFO: Analyzing hidden import 'backend.tests.test_curated_library_combinations'
67452 INFO: Analyzing hidden import 'backend.tests.test_decision_engine_prices'
67452 INFO: Analyzing hidden import 'backend.tests.test_electrocatalyst'
67462 INFO: Analyzing hidden import 'backend.tests.test_estimate_comparison'
67470 INFO: Analyzing hidden import 'backend.tests.test_evidence_provenance'
67473 INFO: Analyzing hidden import 'backend.tests.test_external_cost_cases'
67484 INFO: Analyzing hidden import 'backend.tests.test_lca'
67488 INFO: Analyzing hidden import 'backend.tests.test_library_harness'
67493 INFO: Analyzing hidden import 'backend.tests.test_live_snapshot'
67510 INFO: Analyzing hidden import 'backend.tests.test_live_source_priority'
67513 INFO: Analyzing hidden import 'backend.tests.test_loh_anchor'
67517 INFO: Analyzing hidden import 'backend.tests.test_materials_calc'
67519 INFO: Analyzing hidden import 'backend.tests.test_mea_manufacturing'
67522 INFO: Analyzing hidden import 'backend.tests.test_performance_equivalence'
67524 INFO: Analyzing hidden import 'backend.tests.test_practical_costing'
67528 INFO: Analyzing hidden import 'backend.tests.test_price_escalation'
67530 INFO: Analyzing hidden import 'backend.tests.test_price_evidence'
67533 INFO: Analyzing hidden import 'backend.tests.test_price_fetcher'
67537 INFO: Analyzing hidden import 'backend.tests.test_price_fetcher_http'
67542 INFO: Analyzing hidden import 'backend.tests.test_price_freshness'
67544 INFO: Analyzing hidden import 'backend.tests.test_price_realism'
67548 INFO: Analyzing hidden import 'backend.tests.test_price_scheduler_guard'
67551 INFO: Analyzing hidden import 'backend.tests.test_process_energy'
67554 INFO: Analyzing hidden import 'backend.tests.test_reference_basis'
67558 INFO: Analyzing hidden import 'backend.tests.test_reference_price_evidence'
67559 INFO: Analyzing hidden import 'backend.tests.test_reproduce_paper'
67562 INFO: Analyzing hidden import 'backend.tests.test_reproducibility'
67571 INFO: Analyzing hidden import 'backend.tests.test_spent_catalyst'
67573 INFO: Analyzing hidden import 'backend.tests.test_step_method'
67576 INFO: Analyzing hidden import 'backend.tests.test_template_identity'
67577 INFO: Analyzing hidden import 'backend.tests.test_version_sync'
67579 INFO: Analyzing hidden import 'uvicorn.__main__'
67580 INFO: Analyzing hidden import 'uvicorn.lifespan'
67581 INFO: Analyzing hidden import 'uvicorn.lifespan.off'
67584 INFO: Analyzing hidden import 'uvicorn.lifespan.on'
67590 INFO: Analyzing hidden import 'uvicorn.loops'
67591 INFO: Analyzing hidden import 'uvicorn.loops.asyncio'
67593 INFO: Analyzing hidden import 'uvicorn.loops.auto'
67596 INFO: Analyzing hidden import 'uvicorn.protocols.http.auto'
67597 INFO: Analyzing hidden import 'uvicorn.protocols.websockets.auto'
67598 INFO: Analyzing hidden import 'uvicorn.workers'
67604 INFO: Analyzing hidden import 'apscheduler.executors.debug'
67605 INFO: Analyzing hidden import 'apscheduler.executors.gevent'
67608 INFO: Analyzing hidden import 'apscheduler.executors.tornado'
67610 INFO: Analyzing hidden import 'apscheduler.executors.twisted'
67611 INFO: Analyzing hidden import 'apscheduler.jobstores.etcd'
67616 INFO: Analyzing hidden import 'apscheduler.jobstores.mongodb'
67619 INFO: Analyzing hidden import 'apscheduler.jobstores.redis'
67619 INFO: Analyzing hidden import 'apscheduler.jobstores.rethinkdb'
67634 INFO: Analyzing hidden import 'apscheduler.jobstores.sqlalchemy'
67641 INFO: Analyzing hidden import 'apscheduler.jobstores.zookeeper'
67646 INFO: Analyzing hidden import 'apscheduler.schedulers.background'
67649 INFO: Analyzing hidden import 'apscheduler.schedulers.gevent'
67651 INFO: Analyzing hidden import 'apscheduler.schedulers.qt'
67654 INFO: Analyzing hidden import 'apscheduler.schedulers.tornado'
67656 INFO: Analyzing hidden import 'apscheduler.schedulers.twisted'
67660 INFO: Analyzing hidden import 'apscheduler.triggers.calendarinterval'
67665 INFO: Analyzing hidden import 'apscheduler.triggers.combining'
67667 INFO: Analyzing hidden import 'apscheduler.triggers.cron'
67682 INFO: Analyzing hidden import 'apscheduler.triggers.date'
67684 INFO: Analyzing hidden import 'apscheduler.triggers.interval'
67688 INFO: Analyzing hidden import 'sqlmodel.default'
67689 INFO: Analyzing hidden import 'sqlmodel.ext'
67689 INFO: Analyzing hidden import 'sqlmodel.ext.asyncio'
67689 INFO: Analyzing hidden import 'sqlmodel.ext.asyncio.session'
67689 INFO: Analyzing hidden import 'sqlmodel.pool'
67689 INFO: Analyzing hidden import 'sqlalchemy.connectors.aioodbc'
67702 INFO: Analyzing hidden import 'sqlalchemy.dialects._typing'
67702 INFO: Analyzing hidden import 'sqlalchemy.dialects.mssql'
67804 INFO: Analyzing hidden import 'sqlalchemy.dialects.mssql.provision'
67804 INFO: Analyzing hidden import 'sqlalchemy.dialects.mysql'
67924 INFO: Analyzing hidden import 'sqlalchemy.dialects.mysql.provision'
67935 INFO: Analyzing hidden import 'sqlalchemy.dialects.oracle'
68080 INFO: Analyzing hidden import 'sqlalchemy.dialects.oracle.provision'
68087 INFO: Analyzing hidden import 'sqlalchemy.dialects.postgresql'
68311 INFO: Analyzing hidden import 'sqlalchemy.dialects.postgresql.provision'
68313 INFO: Analyzing hidden import 'sqlalchemy.dialects.sqlite'
68420 INFO: Analyzing hidden import 'sqlalchemy.dialects.sqlite.provision'
68421 INFO: Analyzing hidden import 'sqlalchemy.engine.strategies'
68421 INFO: Analyzing hidden import 'sqlalchemy.events'
68421 INFO: Analyzing hidden import 'sqlalchemy.ext.associationproxy'
68452 INFO: Analyzing hidden import 'sqlalchemy.ext.automap'
68469 INFO: Analyzing hidden import 'sqlalchemy.ext.baked'
68476 INFO: Analyzing hidden import 'sqlalchemy.ext.declarative'
68485 INFO: Analyzing hidden import 'sqlalchemy.ext.horizontal_shard'
68497 INFO: Analyzing hidden import 'sqlalchemy.ext.hybrid'
68506 INFO: Analyzing hidden import 'sqlalchemy.ext.indexable'
68513 INFO: Analyzing hidden import 'sqlalchemy.ext.instrumentation'
68519 INFO: Analyzing hidden import 'sqlalchemy.ext.mutable'
68531 INFO: Analyzing hidden import 'sqlalchemy.ext.mypy'
68533 INFO: Analyzing hidden import 'sqlalchemy.ext.mypy.apply'
68565 INFO: Analyzing hidden import 'sqlalchemy.ext.mypy.decl_class'
68568 INFO: Analyzing hidden import 'sqlalchemy.ext.mypy.plugin'
68577 INFO: Analyzing hidden import 'sqlalchemy.ext.orderinglist'
68581 INFO: Analyzing hidden import 'sqlalchemy.ext.serializer'
68585 INFO: Analyzing hidden import 'sqlalchemy.testing'
68876 INFO: Analyzing hidden import 'sqlalchemy.testing.pickleable'
68885 INFO: Analyzing hidden import 'sqlalchemy.testing.plugin.bootstrap'
68885 INFO: Analyzing hidden import 'sqlalchemy.testing.plugin.pytestplugin'
68902 INFO: Analyzing hidden import 'sqlalchemy.testing.suite'
69177 INFO: Analyzing hidden import 'sqlalchemy.util.tool_support'
69181 INFO: Analyzing hidden import 'pydantic.class_validators'
69183 INFO: Analyzing hidden import 'pydantic.datetime_parse'
69185 INFO: Analyzing hidden import 'pydantic.decorator'
69186 INFO: Analyzing hidden import 'pydantic.deprecated.decorator'
69193 INFO: Analyzing hidden import 'pydantic.env_settings'
69195 INFO: Analyzing hidden import 'pydantic.error_wrappers'
69196 INFO: Analyzing hidden import 'pydantic.experimental'
69197 INFO: Analyzing hidden import 'pydantic.experimental.arguments_schema'
69201 INFO: Analyzing hidden import 'pydantic.experimental.missing_sentinel'
69203 INFO: Analyzing hidden import 'pydantic.experimental.pipeline'
69218 INFO: Analyzing hidden import 'pydantic.generics'
69218 INFO: Analyzing hidden import 'pydantic.json'
69218 INFO: Analyzing hidden import 'pydantic.mypy'
69240 INFO: Analyzing hidden import 'pydantic.parse'
69241 INFO: Analyzing hidden import 'pydantic.schema'
69241 INFO: Analyzing hidden import 'pydantic.tools'
69241 INFO: Analyzing hidden import 'pydantic.typing'
69245 INFO: Analyzing hidden import 'pydantic.utils'
69248 INFO: Analyzing hidden import 'pydantic.v1._hypothesis_plugin'
69302 INFO: Analyzing hidden import 'pydantic.v1.generics'
69302 INFO: Analyzing hidden import 'pydantic.v1.mypy'
69328 INFO: Analyzing hidden import 'pydantic.validators'
69330 INFO: Analyzing hidden import 'numpy._configtool'
69330 INFO: Analyzing hidden import 'numpy._core._exceptions'
69336 INFO: Analyzing hidden import 'numpy._core._multiarray_tests'
69336 INFO: Analyzing hidden import 'numpy._core._operand_flag_tests'
69336 INFO: Analyzing hidden import 'numpy._core._rational_tests'
69336 INFO: Analyzing hidden import 'numpy._core._simd'
69341 INFO: Analyzing hidden import 'numpy._core._struct_ufunc_tests'
69341 INFO: Analyzing hidden import 'numpy._core._umath_tests'
69341 INFO: Analyzing hidden import 'numpy._core.cversions'
69341 INFO: Analyzing hidden import 'numpy._pyinstaller'
69341 INFO: Analyzing hidden import 'numpy._pyinstaller.hook-numpy'
69376 INFO: Processing standard module hook 'hook-win32ctypes.core.py' from 'C:\\Users\\user\\AppData\\Local\\Programs\\Python\\Python311\\Lib\\site-packages\\PyInstaller\\hooks'
70735 INFO: Analyzing hidden import 'numpy._typing._extended_precision'
70735 INFO: Analyzing hidden import 'numpy._utils._pep440'
70735 INFO: Analyzing hidden import 'numpy.conftest'
70735 INFO: Analyzing hidden import 'numpy.core._dtype'
70735 INFO: Analyzing hidden import 'numpy.core._dtype_ctypes'
70751 INFO: Analyzing hidden import 'numpy.core._internal'
70752 INFO: Analyzing hidden import 'numpy.core._multiarray_umath'
70752 INFO: Analyzing hidden import 'numpy.core.arrayprint'
70752 INFO: Analyzing hidden import 'numpy.core.defchararray'
70757 INFO: Analyzing hidden import 'numpy.core.einsumfunc'
70757 INFO: Analyzing hidden import 'numpy.core.fromnumeric'
70757 INFO: Analyzing hidden import 'numpy.core.function_base'
70757 INFO: Analyzing hidden import 'numpy.core.getlimits'
70757 INFO: Analyzing hidden import 'numpy.core.multiarray'
70757 INFO: Analyzing hidden import 'numpy.core.numeric'
70757 INFO: Analyzing hidden import 'numpy.core.numerictypes'
70764 INFO: Analyzing hidden import 'numpy.core.overrides'
70764 INFO: Analyzing hidden import 'numpy.core.records'
70766 INFO: Analyzing hidden import 'numpy.core.shape_base'
70768 INFO: Analyzing hidden import 'numpy.core.umath'
70769 INFO: Analyzing hidden import 'numpy.distutils'
71110 INFO: Analyzing hidden import 'numpy.distutils.armccompiler'
71110 INFO: Analyzing hidden import 'numpy.distutils.fcompiler.absoft'
71110 INFO: Analyzing hidden import 'numpy.distutils.fcompiler.arm'
71119 INFO: Analyzing hidden import 'numpy.distutils.fcompiler.compaq'
71119 INFO: Analyzing hidden import 'numpy.distutils.fcompiler.fujitsu'
71128 INFO: Analyzing hidden import 'numpy.distutils.fcompiler.g95'
71130 INFO: Analyzing hidden import 'numpy.distutils.fcompiler.gnu'
71140 INFO: Analyzing hidden import 'numpy.distutils.fcompiler.hpux'
71142 INFO: Analyzing hidden import 'numpy.distutils.fcompiler.ibm'
71148 INFO: Analyzing hidden import 'numpy.distutils.fcompiler.intel'
71152 INFO: Analyzing hidden import 'numpy.distutils.fcompiler.lahey'
71152 INFO: Analyzing hidden import 'numpy.distutils.fcompiler.mips'
71159 INFO: Analyzing hidden import 'numpy.distutils.fcompiler.nag'
71163 INFO: Analyzing hidden import 'numpy.distutils.fcompiler.none'
71165 INFO: Analyzing hidden import 'numpy.distutils.fcompiler.nv'
71169 INFO: Analyzing hidden import 'numpy.distutils.fcompiler.pathf95'
71169 INFO: Analyzing hidden import 'numpy.distutils.fcompiler.pg'
71172 INFO: Analyzing hidden import 'numpy.distutils.fcompiler.sun'
71172 INFO: Analyzing hidden import 'numpy.distutils.fcompiler.vast'
71172 INFO: Analyzing hidden import 'numpy.distutils.fujitsuccompiler'
71172 INFO: Analyzing hidden import 'numpy.distutils.intelccompiler'
71185 INFO: Analyzing hidden import 'numpy.distutils.line_endings'
71189 INFO: Analyzing hidden import 'numpy.distutils.pathccompiler'
71189 INFO: Analyzing hidden import 'numpy.distutils.tests'
71189 INFO: Analyzing hidden import 'numpy.distutils.tests.test_build_ext'
71197 INFO: Analyzing hidden import 'numpy.distutils.tests.test_ccompiler_opt'
71213 INFO: Analyzing hidden import 'numpy.distutils.tests.test_ccompiler_opt_conf'
71218 INFO: Analyzing hidden import 'numpy.distutils.tests.test_exec_command'
71225 INFO: Analyzing hidden import 'numpy.distutils.tests.test_fcompiler'
71227 INFO: Analyzing hidden import 'numpy.distutils.tests.test_fcompiler_gnu'
71230 INFO: Analyzing hidden import 'numpy.distutils.tests.test_fcompiler_intel'
71233 INFO: Analyzing hidden import 'numpy.distutils.tests.test_fcompiler_nagfor'
71235 INFO: Analyzing hidden import 'numpy.distutils.tests.test_from_template'
71235 INFO: Analyzing hidden import 'numpy.distutils.tests.test_log'
71235 INFO: Analyzing hidden import 'numpy.distutils.tests.test_mingw32ccompiler'
71242 INFO: Analyzing hidden import 'numpy.distutils.tests.test_misc_util'
71244 INFO: Analyzing hidden import 'numpy.distutils.tests.test_npy_pkg_config'
71244 INFO: Analyzing hidden import 'numpy.distutils.tests.test_shell_utils'
71252 INFO: Analyzing hidden import 'numpy.distutils.tests.test_system_info'
71305 INFO: Analyzing hidden import 'numpy.f2py.__main__'
71306 INFO: Analyzing hidden import 'numpy.f2py._src_pyf'
71312 INFO: Analyzing hidden import 'numpy.fft.tests'
71314 INFO: Analyzing hidden import 'numpy.fft.tests.test_helper'
71322 INFO: Analyzing hidden import 'numpy.fft.tests.test_pocketfft'
71339 INFO: Analyzing hidden import 'numpy.lib._user_array_impl'
71347 INFO: Analyzing hidden import 'numpy.lib.tests'
71351 INFO: Analyzing hidden import 'numpy.lib.tests.test__datasource'
71361 INFO: Analyzing hidden import 'numpy.lib.tests.test__iotools'
71369 INFO: Analyzing hidden import 'numpy.lib.tests.test__version'
71369 INFO: Analyzing hidden import 'numpy.lib.tests.test_array_utils'
71369 INFO: Analyzing hidden import 'numpy.lib.tests.test_arraypad'
71408 INFO: Analyzing hidden import 'numpy.lib.tests.test_arraysetops'
71439 INFO: Analyzing hidden import 'numpy.lib.tests.test_arrayterator'
71443 INFO: Analyzing hidden import 'numpy.lib.tests.test_format'
71457 INFO: Analyzing hidden import 'numpy.lib.tests.test_function_base'
71656 INFO: Analyzing hidden import 'numpy.lib.tests.test_histograms'
71684 INFO: Analyzing hidden import 'numpy.lib.tests.test_index_tricks'
71702 INFO: Analyzing hidden import 'numpy.lib.tests.test_io'
71830 INFO: Analyzing hidden import 'numpy.lib.tests.test_loadtxt'
71852 INFO: Analyzing hidden import 'numpy.lib.tests.test_mixins'
71860 INFO: Analyzing hidden import 'numpy.lib.tests.test_nanfunctions'
71894 INFO: Analyzing hidden import 'numpy.lib.tests.test_packbits'
71909 INFO: Analyzing hidden import 'numpy.lib.tests.test_polynomial'
71918 INFO: Analyzing hidden import 'numpy.lib.tests.test_recfunctions'
71985 INFO: Analyzing hidden import 'numpy.lib.tests.test_regression'
71985 INFO: Analyzing hidden import 'numpy.lib.tests.test_shape_base'
72019 INFO: Analyzing hidden import 'numpy.lib.tests.test_stride_tricks'
72039 INFO: Analyzing hidden import 'numpy.lib.tests.test_twodim_base'
72060 INFO: Analyzing hidden import 'numpy.lib.tests.test_type_check'
72074 INFO: Analyzing hidden import 'numpy.lib.tests.test_ufunclike'
72079 INFO: Analyzing hidden import 'numpy.lib.tests.test_utils'
72079 INFO: Analyzing hidden import 'numpy.lib.user_array'
72079 INFO: Analyzing hidden import 'numpy.linalg.lapack_lite'
72087 INFO: Analyzing hidden import 'numpy.linalg.tests'
72087 INFO: Analyzing hidden import 'numpy.linalg.tests.test_deprecations'
72089 INFO: Analyzing hidden import 'numpy.linalg.tests.test_linalg'
72151 INFO: Analyzing hidden import 'numpy.linalg.tests.test_regression'
72152 INFO: Analyzing hidden import 'numpy.ma.tests'
72152 INFO: Analyzing hidden import 'numpy.ma.tests.test_arrayobject'
72166 INFO: Analyzing hidden import 'numpy.ma.tests.test_core'
72343 INFO: Analyzing hidden import 'numpy.ma.tests.test_deprecations'
72348 INFO: Analyzing hidden import 'numpy.ma.tests.test_extras'
72434 INFO: Analyzing hidden import 'numpy.ma.tests.test_mrecords'
72437 INFO: Analyzing hidden import 'numpy.ma.tests.test_old_ma'
72492 INFO: Analyzing hidden import 'numpy.ma.tests.test_regression'
72506 INFO: Analyzing hidden import 'numpy.ma.tests.test_subclassing'
72518 INFO: Analyzing hidden import 'numpy.matrixlib.tests'
72518 INFO: Analyzing hidden import 'numpy.matrixlib.tests.test_defmatrix'
72535 INFO: Analyzing hidden import 'numpy.matrixlib.tests.test_interaction'
72542 INFO: Analyzing hidden import 'numpy.matrixlib.tests.test_masked_matrix'
72546 INFO: Analyzing hidden import 'numpy.matrixlib.tests.test_matrix_linalg'
72552 INFO: Analyzing hidden import 'numpy.matrixlib.tests.test_multiarray'
72552 INFO: Analyzing hidden import 'numpy.matrixlib.tests.test_numeric'
72552 INFO: Analyzing hidden import 'numpy.matrixlib.tests.test_regression'
72552 INFO: Analyzing hidden import 'numpy.polynomial.tests'
72552 INFO: Analyzing hidden import 'numpy.polynomial.tests.test_chebyshev'
72569 INFO: Analyzing hidden import 'numpy.polynomial.tests.test_classes'
72631 INFO: Analyzing hidden import 'numpy.polynomial.tests.test_hermite'
72645 INFO: Analyzing hidden import 'numpy.polynomial.tests.test_hermite_e'
72652 INFO: Analyzing hidden import 'numpy.polynomial.tests.test_laguerre'
72677 INFO: Analyzing hidden import 'numpy.polynomial.tests.test_legendre'
72685 INFO: Analyzing hidden import 'numpy.polynomial.tests.test_polynomial'
72702 INFO: Analyzing hidden import 'numpy.polynomial.tests.test_polyutils'
72702 INFO: Analyzing hidden import 'numpy.polynomial.tests.test_printing'
72725 INFO: Analyzing hidden import 'numpy.polynomial.tests.test_symbol'
72730 INFO: Analyzing hidden import 'numpy.random.tests'
72732 INFO: Analyzing hidden import 'numpy.random.tests.data'
72733 INFO: Analyzing hidden import 'numpy.random.tests.test_direct'
72744 INFO: Analyzing hidden import 'numpy.random.tests.test_extending'
72752 INFO: Analyzing hidden import 'numpy.random.tests.test_generator_mt19937'
72886 INFO: Analyzing hidden import 'numpy.random.tests.test_generator_mt19937_regressions'
72886 INFO: Analyzing hidden import 'numpy.random.tests.test_random'
72930 INFO: Analyzing hidden import 'numpy.random.tests.test_randomstate'
72974 INFO: Analyzing hidden import 'numpy.random.tests.test_randomstate_regression'
72988 INFO: Analyzing hidden import 'numpy.random.tests.test_regression'
72988 INFO: Analyzing hidden import 'numpy.random.tests.test_seed_sequence'
72988 INFO: Analyzing hidden import 'numpy.random.tests.test_smoke'
73018 INFO: Analyzing hidden import 'numpy.testing.print_coercion_tables'
73022 INFO: Analyzing hidden import 'numpy.testing.tests'
73022 INFO: Analyzing hidden import 'numpy.testing.tests.test_utils'
73102 INFO: Analyzing hidden import 'numpy.tests'
73102 INFO: Analyzing hidden import 'numpy.tests.test__all__'
73118 INFO: Analyzing hidden import 'numpy.tests.test_configtool'
73119 INFO: Analyzing hidden import 'numpy.tests.test_ctypeslib'
73135 INFO: Analyzing hidden import 'numpy.tests.test_lazyloading'
73135 INFO: Analyzing hidden import 'numpy.tests.test_matlib'
73135 INFO: Analyzing hidden import 'numpy.tests.test_numpy_config'
73145 INFO: Analyzing hidden import 'numpy.tests.test_numpy_version'
73146 INFO: Analyzing hidden import 'numpy.tests.test_public_api'
73157 INFO: Analyzing hidden import 'numpy.tests.test_reloading'
73160 INFO: Analyzing hidden import 'numpy.tests.test_scripts'
73163 INFO: Analyzing hidden import 'numpy.tests.test_warnings'
73166 INFO: Analyzing hidden import 'numpy.typing.mypy_plugin'
73169 INFO: Analyzing hidden import 'numpy.typing.tests'
73170 INFO: Analyzing hidden import 'numpy.typing.tests.test_isfile'
73173 INFO: Analyzing hidden import 'numpy.typing.tests.test_runtime'
73173 INFO: Analyzing hidden import 'numpy.typing.tests.test_typing'
73173 INFO: Processing module hooks (post-graph stage)...
73273 WARNING: Hidden import "pycparser.lextab" not found!
73273 WARNING: Hidden import "pycparser.yacctab" not found!
73761 INFO: Processing standard module hook 'hook-PIL.SpiderImagePlugin.py' from 'C:\\Users\\user\\AppData\\Local\\Programs\\Python\\Python311\\Lib\\site-packages\\PyInstaller\\hooks'
73805 INFO: Processing pre-safe-import-module hook 'hook-win32com.py' from 'C:\\Users\\user\\AppData\\Local\\Programs\\Python\\Python311\\Lib\\site-packages\\_pyinstaller_hooks_contrib\\pre_safe_import_module'
73935 INFO: Processing standard module hook 'hook-win32com.py' from 'C:\\Users\\user\\AppData\\Local\\Programs\\Python\\Python311\\Lib\\site-packages\\_pyinstaller_hooks_contrib\\stdhooks'
73935 INFO: Processing standard module hook 'hook-pythoncom.py' from 'C:\\Users\\user\\AppData\\Local\\Programs\\Python\\Python311\\Lib\\site-packages\\_pyinstaller_hooks_contrib\\stdhooks'
74068 INFO: Processing standard module hook 'hook-pywintypes.py' from 'C:\\Users\\user\\AppData\\Local\\Programs\\Python\\Python311\\Lib\\site-packages\\_pyinstaller_hooks_contrib\\stdhooks'
74572 INFO: Processing standard module hook 'hook-jinja2.py' from 'C:\\Users\\user\\AppData\\Local\\Programs\\Python\\Python311\\Lib\\site-packages\\_pyinstaller_hooks_contrib\\stdhooks'
76516 INFO: Processing standard module hook 'hook-setuptools._vendor.importlib_metadata.py' from 'C:\\Users\\user\\AppData\\Local\\Programs\\Python\\Python311\\Lib\\site-packages\\PyInstaller\\hooks'
76695 INFO: Processing standard module hook 'hook-setuptools._vendor.jaraco.text.py' from 'C:\\Users\\user\\AppData\\Local\\Programs\\Python\\Python311\\Lib\\site-packages\\PyInstaller\\hooks'
77276 INFO: Processing standard module hook 'hook-sqlalchemy.py' from 'C:\\Users\\user\\AppData\\Local\\Programs\\Python\\Python311\\Lib\\site-packages\\PyInstaller\\hooks'
77851 WARNING: Hidden import "MySQLdb" not found!
77901 INFO: Processing standard module hook 'hook-_tkinter.py' from 'C:\\Users\\user\\AppData\\Local\\Programs\\Python\\Python311\\Lib\\site-packages\\PyInstaller\\hooks'
77902 INFO: Processing standard module hook 'hook-tzdata.py' from 'C:\\Users\\user\\AppData\\Local\\Programs\\Python\\Python311\\Lib\\site-packages\\_pyinstaller_hooks_contrib\\stdhooks'
79576 INFO: Performing binary vs. data reclassification (7231 entries)
84102 INFO: Looking for ctypes DLLs
84358 INFO: Analyzing run-time hooks ...
84368 INFO: Including run-time hook 'pyi_rth_inspect.py' from 'C:\\Users\\user\\AppData\\Local\\Programs\\Python\\Python311\\Lib\\site-packages\\PyInstaller\\hooks\\rthooks'
84369 INFO: Including run-time hook 'pyi_rth_pkgutil.py' from 'C:\\Users\\user\\AppData\\Local\\Programs\\Python\\Python311\\Lib\\site-packages\\PyInstaller\\hooks\\rthooks'
84369 INFO: Including run-time hook 'pyi_rth_multiprocessing.py' from 'C:\\Users\\user\\AppData\\Local\\Programs\\Python\\Python311\\Lib\\site-packages\\PyInstaller\\hooks\\rthooks'
84369 INFO: Including run-time hook 'pyi_rth_setuptools.py' from 'C:\\Users\\user\\AppData\\Local\\Programs\\Python\\Python311\\Lib\\site-packages\\PyInstaller\\hooks\\rthooks'
84378 INFO: Including run-time hook 'pyi_rth_pkgres.py' from 'C:\\Users\\user\\AppData\\Local\\Programs\\Python\\Python311\\Lib\\site-packages\\PyInstaller\\hooks\\rthooks'
84378 INFO: Including run-time hook 'pyi_rth_pywintypes.py' from 'C:\\Users\\user\\AppData\\Local\\Programs\\Python\\Python311\\Lib\\site-packages\\_pyinstaller_hooks_contrib\\rthooks'
84378 INFO: Including run-time hook 'pyi_rth_pythoncom.py' from 'C:\\Users\\user\\AppData\\Local\\Programs\\Python\\Python311\\Lib\\site-packages\\_pyinstaller_hooks_contrib\\rthooks'
84378 INFO: Including run-time hook 'pyi_rth_traitlets.py' from 'C:\\Users\\user\\AppData\\Local\\Programs\\Python\\Python311\\Lib\\site-packages\\_pyinstaller_hooks_contrib\\rthooks'
84385 INFO: Including run-time hook 'pyi_rth__tkinter.py' from 'C:\\Users\\user\\AppData\\Local\\Programs\\Python\\Python311\\Lib\\site-packages\\PyInstaller\\hooks\\rthooks'
84552 INFO: Creating base_library.zip...
84579 INFO: Looking for dynamic libraries
0.00s - Debugger warning: It seems that frozen modules are being used, which may
0.00s - make the debugger miss breakpoints. Please pass -Xfrozen_modules=off
0.00s - to python to disable frozen modules.
0.00s - Note: Debugging will proceed. Set PYDEVD_DISABLE_FILE_VALIDATION=1 to disable this validation.
88943 INFO: Extra DLL search directories (AddDllDirectory): ['C:\\Users\\user\\AppData\\Local\\Programs\\Python\\Python311\\Lib\\site-packages\\numpy.libs']
88945 INFO: Extra DLL search directories (PATH): []
92609 INFO: Warnings written to C:\Users\user\Desktop\COMET-autonomous-2026-09-06\build\pyinstaller-work\COMETBackend\warn-COMETBackend.txt
92789 INFO: Graph cross-reference written to C:\Users\user\Desktop\COMET-autonomous-2026-09-06\build\pyinstaller-work\COMETBackend\xref-COMETBackend.html
92918 INFO: checking PYZ
92918 INFO: Building PYZ because PYZ-00.toc is non existent
92918 INFO: Building PYZ (ZlibArchive) C:\Users\user\Desktop\COMET-autonomous-2026-09-06\build\pyinstaller-work\COMETBackend\PYZ-00.pyz
94596 INFO: Building PYZ (ZlibArchive) C:\Users\user\Desktop\COMET-autonomous-2026-09-06\build\pyinstaller-work\COMETBackend\PYZ-00.pyz completed successfully.
94626 INFO: checking PKG
94626 INFO: Building PKG because PKG-00.toc is non existent
94626 INFO: Building PKG (CArchive) COMETBackend.pkg
94678 INFO: Building PKG (CArchive) COMETBackend.pkg completed successfully.
94678 INFO: Bootloader C:\Users\user\AppData\Local\Programs\Python\Python311\Lib\site-packages\PyInstaller\bootloader\Windows-64bit-intel\run.exe
94678 INFO: checking EXE
94678 INFO: Building EXE because EXE-00.toc is non existent
94678 INFO: Building EXE from EXE-00.toc
94678 INFO: Copying bootloader EXE to C:\Users\user\Desktop\COMET-autonomous-2026-09-06\build\pyinstaller-work\COMETBackend\COMETBackend.exe
94726 INFO: Copying icon to EXE
94752 INFO: Copying 0 resources to EXE
94752 INFO: Embedding manifest in EXE
94787 INFO: Appending PKG archive to EXE
94804 INFO: Fixing EXE headers
94955 INFO: Building EXE from EXE-00.toc completed successfully.
94990 INFO: checking COLLECT
94990 INFO: Building COLLECT because COLLECT-00.toc is non existent
94990 INFO: Building COLLECT COLLECT-00.toc
123169 INFO: Building COLLECT COLLECT-00.toc completed successfully.
123271 INFO: Build complete! The results are available in: C:\Users\user\Desktop\COMET-autonomous-2026-09-06\build\backend-sidecar
