✔ optional recipes reject incomplete values, zero yield and double interpretation of percentages (0.7701ms)
✔ CSV preserves calculation scope, production assumptions and purchased-input evidence (2.6462ms)
✔ repeated operations remain distinct while order-only changes match (0.1736ms)
✔ unchecking and rechecking a repeated operation restores its count and original sequence (0.7871ms)
✔ interleaved step toggles preserve other edits and restore repeated operations after draft reload (0.1833ms)
✔ scale fitting keeps deliberate omissions and additions including an in-flight manual edit (0.1919ms)
✔ editing a chosen method never silently adopts another method with matching steps (0.1096ms)
✔ returning to a smaller scale does not reinsert a deliberately removed substituted kiln (0.1061ms)
✔ selected card identity survives identical routes and scale fitting (0.1323ms)
✔ selected method waits for current-scale steps, while manual routes stay usable (0.1364ms)
✔ fuel_cell × pem_fuel_cell_ccm defaults (6.6645ms)
✔ direct_methanol_fuel_cell × dmfc_gde_route defaults (0.1725ms)
✔ electrolyzer × pem_electrolyzer_ccm defaults (0.0872ms)
✔ electrolyzer × alkaline_electrolyzer_gde defaults (0.0682ms)
✔ AEM fuel-cell route retains existing application-family preference (0.0992ms)
✔ equal chemistry ranks prefer source scope, then quoted price, then name (0.1627ms)
✔ electrode displayed ledger uses area costs without thermal cost fields (0.2372ms)
ℹ tests 17
ℹ suites 0
ℹ pass 17
ℹ fail 0
ℹ cancelled 0
ℹ skipped 0
ℹ todo 0
ℹ duration_ms 18.8362

